Archive member included to satisfy reference by file (symbol)

pico-ssd1306/libpico_ssd1306.a(ssd1306.c.obj)
                              CMakeFiles/picotkl.dir/main.c.obj (ssd1306_init)
c:/progra~1/raspbe~1/picosd~1.1/gcc-ar~1/bin/../lib/gcc/arm-none-eabi/10.3.1/thumb/v6-m/nofp\libgcc.a(_dvmd_tls.o)
                              CMakeFiles/picotkl.dir/C_/Program_Files/Raspberry_Pi/Pico_SDK_v1.5.1/pico-sdk/src/rp2_common/pico_divider/divider.S.obj (__aeabi_idiv0)
c:/progra~1/raspbe~1/picosd~1.1/gcc-ar~1/bin/../lib/gcc/arm-none-eabi/10.3.1/../../../../arm-none-eabi/lib/thumb/v6-m/nofp\libg.a(lib_a-calloc.o)
                              CMakeFiles/picotkl.dir/C_/Program_Files/Raspberry_Pi/Pico_SDK_v1.5.1/pico-sdk/src/rp2_common/pico_malloc/pico_malloc.c.obj (calloc)
c:/progra~1/raspbe~1/picosd~1.1/gcc-ar~1/bin/../lib/gcc/arm-none-eabi/10.3.1/../../../../arm-none-eabi/lib/thumb/v6-m/nofp\libg.a(lib_a-callocr.o)
                              c:/progra~1/raspbe~1/picosd~1.1/gcc-ar~1/bin/../lib/gcc/arm-none-eabi/10.3.1/../../../../arm-none-eabi/lib/thumb/v6-m/nofp\libg.a(lib_a-calloc.o) (_calloc_r)
c:/progra~1/raspbe~1/picosd~1.1/gcc-ar~1/bin/../lib/gcc/arm-none-eabi/10.3.1/../../../../arm-none-eabi/lib/thumb/v6-m/nofp\libg.a(lib_a-errno.o)
                              c:/progra~1/raspbe~1/picosd~1.1/gcc-ar~1/bin/../lib/gcc/arm-none-eabi/10.3.1/../../../../arm-none-eabi/lib/thumb/v6-m/nofp\libg.a(lib_a-callocr.o) (__errno)
c:/progra~1/raspbe~1/picosd~1.1/gcc-ar~1/bin/../lib/gcc/arm-none-eabi/10.3.1/../../../../arm-none-eabi/lib/thumb/v6-m/nofp\libg.a(lib_a-impure.o)
                              c:/progra~1/raspbe~1/picosd~1.1/gcc-ar~1/bin/../lib/gcc/arm-none-eabi/10.3.1/../../../../arm-none-eabi/lib/thumb/v6-m/nofp\libg.a(lib_a-calloc.o) (_impure_ptr)
c:/progra~1/raspbe~1/picosd~1.1/gcc-ar~1/bin/../lib/gcc/arm-none-eabi/10.3.1/../../../../arm-none-eabi/lib/thumb/v6-m/nofp\libg.a(lib_a-init.o)
                              c:/progra~1/raspbe~1/picosd~1.1/gcc-ar~1/bin/../lib/gcc/arm-none-eabi/10.3.1/../../../../arm-none-eabi/lib/thumb/v6-m/nofp/crt0.o (__libc_init_array)
c:/progra~1/raspbe~1/picosd~1.1/gcc-ar~1/bin/../lib/gcc/arm-none-eabi/10.3.1/../../../../arm-none-eabi/lib/thumb/v6-m/nofp\libg.a(lib_a-malloc.o)
                              CMakeFiles/picotkl.dir/C_/Program_Files/Raspberry_Pi/Pico_SDK_v1.5.1/pico-sdk/src/rp2_common/pico_malloc/pico_malloc.c.obj (malloc)
c:/progra~1/raspbe~1/picosd~1.1/gcc-ar~1/bin/../lib/gcc/arm-none-eabi/10.3.1/../../../../arm-none-eabi/lib/thumb/v6-m/nofp\libg.a(lib_a-mallocr.o)
                              c:/progra~1/raspbe~1/picosd~1.1/gcc-ar~1/bin/../lib/gcc/arm-none-eabi/10.3.1/../../../../arm-none-eabi/lib/thumb/v6-m/nofp\libg.a(lib_a-callocr.o) (_malloc_r)
c:/progra~1/raspbe~1/picosd~1.1/gcc-ar~1/bin/../lib/gcc/arm-none-eabi/10.3.1/../../../../arm-none-eabi/lib/thumb/v6-m/nofp\libg.a(lib_a-mlock.o)
                              c:/progra~1/raspbe~1/picosd~1.1/gcc-ar~1/bin/../lib/gcc/arm-none-eabi/10.3.1/../../../../arm-none-eabi/lib/thumb/v6-m/nofp\libg.a(lib_a-mallocr.o) (__malloc_lock)
c:/progra~1/raspbe~1/picosd~1.1/gcc-ar~1/bin/../lib/gcc/arm-none-eabi/10.3.1/../../../../arm-none-eabi/lib/thumb/v6-m/nofp\libg.a(lib_a-realloc.o)
                              CMakeFiles/picotkl.dir/C_/Program_Files/Raspberry_Pi/Pico_SDK_v1.5.1/pico-sdk/src/rp2_common/pico_malloc/pico_malloc.c.obj (realloc)
c:/progra~1/raspbe~1/picosd~1.1/gcc-ar~1/bin/../lib/gcc/arm-none-eabi/10.3.1/../../../../arm-none-eabi/lib/thumb/v6-m/nofp\libg.a(lib_a-reallocr.o)
                              c:/progra~1/raspbe~1/picosd~1.1/gcc-ar~1/bin/../lib/gcc/arm-none-eabi/10.3.1/../../../../arm-none-eabi/lib/thumb/v6-m/nofp\libg.a(lib_a-realloc.o) (_realloc_r)
c:/progra~1/raspbe~1/picosd~1.1/gcc-ar~1/bin/../lib/gcc/arm-none-eabi/10.3.1/../../../../arm-none-eabi/lib/thumb/v6-m/nofp\libg.a(lib_a-sbrkr.o)
                              c:/progra~1/raspbe~1/picosd~1.1/gcc-ar~1/bin/../lib/gcc/arm-none-eabi/10.3.1/../../../../arm-none-eabi/lib/thumb/v6-m/nofp\libg.a(lib_a-mallocr.o) (_sbrk_r)
c:/progra~1/raspbe~1/picosd~1.1/gcc-ar~1/bin/../lib/gcc/arm-none-eabi/10.3.1/../../../../arm-none-eabi/lib/thumb/v6-m/nofp\libg.a(lib_a-strlen-stub.o)
                              CMakeFiles/picotkl.dir/usb_descriptors.c.obj (strlen)
c:/progra~1/raspbe~1/picosd~1.1/gcc-ar~1/bin/../lib/gcc/arm-none-eabi/10.3.1/../../../../arm-none-eabi/lib/thumb/v6-m/nofp\libg.a(lib_a-freer.o)
                              c:/progra~1/raspbe~1/picosd~1.1/gcc-ar~1/bin/../lib/gcc/arm-none-eabi/10.3.1/../../../../arm-none-eabi/lib/thumb/v6-m/nofp\libg.a(lib_a-malloc.o) (_free_r)
c:/progra~1/raspbe~1/picosd~1.1/gcc-ar~1/bin/../lib/gcc/arm-none-eabi/10.3.1/../../../../arm-none-eabi/lib/thumb/v6-m/nofp\libg.a(lib_a-lock.o)
                              c:/progra~1/raspbe~1/picosd~1.1/gcc-ar~1/bin/../lib/gcc/arm-none-eabi/10.3.1/../../../../arm-none-eabi/lib/thumb/v6-m/nofp\libg.a(lib_a-mlock.o) (__retarget_lock_acquire_recursive)
[...]
Memory Configuration

Name             Origin             Length             Attributes
FLASH            0x10000000         0x00200000         xr
RAM              0x20000000         0x00040000         xrw
SCRATCH_X        0x20040000         0x00001000         xrw
SCRATCH_Y        0x20041000         0x00001000         xrw
*default*        0x00000000         0xffffffff

Linker script and memory map

LOAD c:/progra~1/raspbe~1/picosd~1.1/gcc-ar~1/bin/../lib/gcc/arm-none-eabi/10.3.1/thumb/v6-m/nofp/crti.o
LOAD c:/progra~1/raspbe~1/picosd~1.1/gcc-ar~1/bin/../lib/gcc/arm-none-eabi/10.3.1/thumb/v6-m/nofp/crtbegin.o
LOAD c:/progra~1/raspbe~1/picosd~1.1/gcc-ar~1/bin/../lib/gcc/arm-none-eabi/10.3.1/../../../../arm-none-eabi/lib/thumb/v6-m/nofp/crt0.o

.flash_begin    0x10000000        0x0
                0x10000000                __flash_binary_start = .

.boot2          0x10000000      0x100
                0x10000000                __boot2_start__ = .
 *(.boot2)
 .boot2         0x10000000      0x100 C:\Users\Guilh\AppData\Local\Temp\cc81RTBw.o
                0x10000100                __boot2_end__ = .
                0x00000001                ASSERT (((__boot2_end__ - __boot2_start__) == 0x100), ERROR: Pico second stage bootloader must be 256 bytes in size)

.text           0x10000100     0x76c8
                0x10000100                __logical_binary_start = .
 *(.vectors)
 .vectors       0x10000100       0xd4 CMakeFiles/picotkl.dir/C_/Program_Files/Raspberry_Pi/Pico_SDK_v1.5.1/pico-sdk/src/rp2_common/pico_standard_link/crt0.S.obj
                0x10000100                __VECTOR_TABLE
                0x10000100                __vectors
                0x100001c0                isr_invalid
                0x100001c0                __default_isrs_start
                0x100001c2                isr_nmi
                0x100001c4                isr_hardfault
                0x100001c6                isr_svcall
                0x100001c8                isr_pendsv
                0x100001ca                isr_systick
                0x100001cc                isr_irq23
                0x100001cc                isr_irq18
                0x100001cc                isr_irq11
                0x100001cc                isr_irq28
                0x100001cc                isr_irq19
                0x100001cc                isr_irq0
                0x100001cc                isr_irq6
                0x100001cc                isr_irq5
                0x100001cc                isr_irq12
                0x100001cc                isr_irq22
                0x100001cc                isr_irq31
                0x100001cc                isr_irq17
                0x100001cc                isr_irq27
                0x100001cc                isr_irq30
                0x100001cc                isr_irq2
                0x100001cc                isr_irq10
                0x100001cc                isr_irq8
                0x100001cc                isr_irq24
                0x100001cc                isr_irq1
                0x100001cc                isr_irq7
                0x100001cc                isr_irq21
                0x100001cc                isr_irq20
                0x100001cc                isr_irq15
                0x100001cc                isr_irq25
                0x100001cc                isr_irq13
                0x100001cc                __unhandled_user_irq
                0x100001cc                isr_irq4
                0x100001cc                isr_irq16
                0x100001cc                isr_irq29
                0x100001cc                isr_irq26
                0x100001cc                __default_isrs_end
                0x100001cc                isr_irq3
                0x100001cc                isr_irq14
                0x100001cc                isr_irq9
                0x100001d2                unhandled_user_irq_num_in_r0
 *(.binary_info_header)
 .binary_info_header
                0x100001d4       0x14 CMakeFiles/picotkl.dir/C_/Program_Files/Raspberry_Pi/Pico_SDK_v1.5.1/pico-sdk/src/rp2_common/pico_standard_link/crt0.S.obj
                0x100001e8                __binary_info_header_end = .
 *(.reset)
 .reset         0x100001e8       0xa0 CMakeFiles/picotkl.dir/C_/Program_Files/Raspberry_Pi/Pico_SDK_v1.5.1/pico-sdk/src/rp2_common/pico_standard_link/crt0.S.obj
                0x100001e8                _entry_point
 .reset         0x10000288       0x30 CMakeFiles/picotkl.dir/C_/Program_Files/Raspberry_Pi/Pico_SDK_v1.5.1/pico-sdk/src/rp2_common/pico_standard_link/binary_info.c.obj
 *(.init)
 .init          0x100002b8        0x4 c:/progra~1/raspbe~1/picosd~1.1/gcc-ar~1/bin/../lib/gcc/arm-none-eabi/10.3.1/thumb/v6-m/nofp/crti.o
                0x100002b8                _init
 *(EXCLUDE_FILE(*libm.a: *libc.a:*lib_a-mem*.o *libgcc.a:) .text*)
 .text          0x100002bc       0x48 c:/progra~1/raspbe~1/picosd~1.1/gcc-ar~1/bin/../lib/gcc/arm-none-eabi/10.3.1/thumb/v6-m/nofp/crtbegin.o
 .text.display_setup
                0x10000304       0x5c CMakeFiles/picotkl.dir/main.c.obj
                0x10000304                display_setup
 .text.main     0x10000360       0x34 CMakeFiles/picotkl.dir/main.c.obj
                0x10000360                main
 .text.tud_hid_get_report_cb
                0x10000394        0x4 CMakeFiles/picotkl.dir/main.c.obj
                0x10000394                tud_hid_get_report_cb
 .text.tud_hid_set_report_cb
                0x10000398       0x44 CMakeFiles/picotkl.dir/main.c.obj
                0x10000398                tud_hid_set_report_cb
 .text.coord2keycode
                0x100003dc       0x10 CMakeFiles/picotkl.dir/keyboard.c.obj
 .text.code2mod
                0x100003ec       0x30 CMakeFiles/picotkl.dir/keyboard.c.obj
 .text.timer_callback
                0x1000041c        0xc CMakeFiles/picotkl.dir/keyboard.c.obj
                0x1000041c                timer_callback
 .text.send_hid_consumer_report
                0x10000428       0x54 CMakeFiles/picotkl.dir/keyboard.c.obj
 .text.send_hid_report
                0x1000047c       0x38 CMakeFiles/picotkl.dir/keyboard.c.obj
 .text.poll_columns
                0x100004b4      0x148 CMakeFiles/picotkl.dir/keyboard.c.obj
                0x100004b4                poll_columns
 .text.keypins_init
                0x100005fc       0x58 CMakeFiles/picotkl.dir/keyboard.c.obj
                0x100005fc                keypins_init
 .text.encoder_init
                0x10000654       0xd8 CMakeFiles/picotkl.dir/keyboard.c.obj
                0x10000654                encoder_init
 .text.read_encoder
                0x1000072c       0x48 CMakeFiles/picotkl.dir/keyboard.c.obj
                0x1000072c                read_encoder
 .text.encoder_task
                0x10000774       0x98 CMakeFiles/picotkl.dir/keyboard.c.obj
                0x10000774                encoder_task
 .text.setup_timer
                0x1000080c       0x68 CMakeFiles/picotkl.dir/keyboard.c.obj
                0x1000080c                setup_timer
 .text.hid_task
                0x10000874       0x8c CMakeFiles/picotkl.dir/keyboard.c.obj
                0x10000874                hid_task
 .text.init_hid_task
                0x10000900        0x8 CMakeFiles/picotkl.dir/keyboard.c.obj
                0x10000900                init_hid_task
 .text.led_init
                0x10000908       0x14 CMakeFiles/picotkl.dir/led.c.obj
                0x10000908                led_init
 .text.board_led_write
                0x1000091c       0x1c CMakeFiles/picotkl.dir/led.c.obj
                0x1000091c                board_led_write
 .text.tud_mount_cb
                0x10000938       0x10 CMakeFiles/picotkl.dir/led.c.obj
                0x10000938                tud_mount_cb
 .text.tud_umount_cb
                0x10000948        0xc CMakeFiles/picotkl.dir/led.c.obj
                0x10000948                tud_umount_cb
 .text.tud_suspend_cb
                0x10000954       0x10 CMakeFiles/picotkl.dir/led.c.obj
                0x10000954                tud_suspend_cb
 .text.tud_resume_cb
                0x10000964       0x10 CMakeFiles/picotkl.dir/led.c.obj
                0x10000964                tud_resume_cb
 .text.tud_descriptor_device_cb
                0x10000974        0x8 CMakeFiles/picotkl.dir/usb_descriptors.c.obj
                0x10000974                tud_descriptor_device_cb
 .text.tud_hid_descriptor_report_cb
                0x1000097c        0x8 CMakeFiles/picotkl.dir/usb_descriptors.c.obj
                0x1000097c                tud_hid_descriptor_report_cb
 .text.tud_descriptor_configuration_cb
                0x10000984        0x8 CMakeFiles/picotkl.dir/usb_descriptors.c.obj
                0x10000984                tud_descriptor_configuration_cb
 .text.tud_descriptor_string_cb
                0x1000098c       0x60 CMakeFiles/picotkl.dir/usb_descriptors.c.obj
                0x1000098c                tud_descriptor_string_cb
 .text.bongocat_init
                0x100009ec       0x20 CMakeFiles/picotkl.dir/bongocat.c.obj
                0x100009ec                bongocat_init
 .text.trigger_bongocat_tap
                0x10000a0c       0x74 CMakeFiles/picotkl.dir/bongocat.c.obj
                0x10000a0c                trigger_bongocat_tap
 .text.update_bongocat_animation
                0x10000a80       0xf4 CMakeFiles/picotkl.dir/bongocat.c.obj
                0x10000a80                update_bongocat_animation
 .text.gpio_set_function
                0x10000b74       0x30 CMakeFiles/picotkl.dir/C_/Program_Files/Raspberry_Pi/Pico_SDK_v1.5.1/pico-sdk/src/rp2_common/hardware_gpio/gpio.c.obj
                0x10000b74                gpio_set_function
 .text.gpio_set_pulls
                0x10000ba4       0x34 CMakeFiles/picotkl.dir/C_/Program_Files/Raspberry_Pi/Pico_SDK_v1.5.1/pico-sdk/src/rp2_common/hardware_gpio/gpio.c.obj
                0x10000ba4                gpio_set_pulls
 .text.gpio_init
                0x10000bd8       0x16 CMakeFiles/picotkl.dir/C_/Program_Files/Raspberry_Pi/Pico_SDK_v1.5.1/pico-sdk/src/rp2_common/hardware_gpio/gpio.c.obj
                0x10000bd8                gpio_init
 *fill*         0x10000bee        0x2 
 .text.running_on_fpga
                0x10000bf0       0x14 CMakeFiles/picotkl.dir/C_/Program_Files/Raspberry_Pi/Pico_SDK_v1.5.1/pico-sdk/src/rp2_common/pico_platform/platform.c.obj
                0x10000bf0                running_on_fpga
 .text.hw_claim_lock
                0x10000c04       0x18 CMakeFiles/picotkl.dir/C_/Program_Files/Raspberry_Pi/Pico_SDK_v1.5.1/pico-sdk/src/rp2_common/hardware_claim/claim.c.obj
                0x10000c04                hw_claim_lock
 .text.hw_claim_unlock
                0x10000c1c       0x14 CMakeFiles/picotkl.dir/C_/Program_Files/Raspberry_Pi/Pico_SDK_v1.5.1/pico-sdk/src/rp2_common/hardware_claim/claim.c.obj
                0x10000c1c                hw_claim_unlock
 .text.hw_claim_or_assert
                0x10000c30       0x32 CMakeFiles/picotkl.dir/C_/Program_Files/Raspberry_Pi/Pico_SDK_v1.5.1/pico-sdk/src/rp2_common/hardware_claim/claim.c.obj
                0x10000c30                hw_claim_or_assert
 .text.hw_claim_unused_from_range
                0x10000c62       0x50 CMakeFiles/picotkl.dir/C_/Program_Files/Raspberry_Pi/Pico_SDK_v1.5.1/pico-sdk/src/rp2_common/hardware_claim/claim.c.obj
                0x10000c62                hw_claim_unused_from_range
 *fill*         0x10000cb2        0x2 
 .text.spin_locks_reset
                0x10000cb4       0x20 CMakeFiles/picotkl.dir/C_/Program_Files/Raspberry_Pi/Pico_SDK_v1.5.1/pico-sdk/src/rp2_common/hardware_sync/sync.c.obj
                0x10000cb4                spin_locks_reset
 .text.next_striped_spin_lock_num
                0x10000cd4       0x1c CMakeFiles/picotkl.dir/C_/Program_Files/Raspberry_Pi/Pico_SDK_v1.5.1/pico-sdk/src/rp2_common/hardware_sync/sync.c.obj
                0x10000cd4                next_striped_spin_lock_num
 .text.spin_lock_claim_unused
                0x10000cf0       0x20 CMakeFiles/picotkl.dir/C_/Program_Files/Raspberry_Pi/Pico_SDK_v1.5.1/pico-sdk/src/rp2_common/hardware_sync/sync.c.obj
                0x10000cf0                spin_lock_claim_unused
 .text.set_raw_irq_handler_and_unlock
                0x10000d10       0x28 CMakeFiles/picotkl.dir/C_/Program_Files/Raspberry_Pi/Pico_SDK_v1.5.1/pico-sdk/src/rp2_common/hardware_irq/irq.c.obj
 .text.make_branch
                0x10000d38       0x48 CMakeFiles/picotkl.dir/C_/Program_Files/Raspberry_Pi/Pico_SDK_v1.5.1/pico-sdk/src/rp2_common/hardware_irq/irq.c.obj
 .text.insert_branch_and_link
                0x10000d80       0x40 CMakeFiles/picotkl.dir/C_/Program_Files/Raspberry_Pi/Pico_SDK_v1.5.1/pico-sdk/src/rp2_common/hardware_irq/irq.c.obj
 .text.irq_is_enabled
                0x10000dc0       0x18 CMakeFiles/picotkl.dir/C_/Program_Files/Raspberry_Pi/Pico_SDK_v1.5.1/pico-sdk/src/rp2_common/hardware_irq/irq.c.obj
                0x10000dc0                irq_is_enabled
 .text.irq_set_mask_enabled
                0x10000dd8       0x20 CMakeFiles/picotkl.dir/C_/Program_Files/Raspberry_Pi/Pico_SDK_v1.5.1/pico-sdk/src/rp2_common/hardware_irq/irq.c.obj
                0x10000dd8                irq_set_mask_enabled
 .text.irq_set_enabled
                0x10000df8        0xe CMakeFiles/picotkl.dir/C_/Program_Files/Raspberry_Pi/Pico_SDK_v1.5.1/pico-sdk/src/rp2_common/hardware_irq/irq.c.obj
                0x10000df8                irq_set_enabled
 *fill*         0x10000e06        0x2 
 .text.irq_get_vtable_handler
                0x10000e08       0x10 CMakeFiles/picotkl.dir/C_/Program_Files/Raspberry_Pi/Pico_SDK_v1.5.1/pico-sdk/src/rp2_common/hardware_irq/irq.c.obj
                0x10000e08                irq_get_vtable_handler
 .text.irq_set_exclusive_handler
                0x10000e18       0x54 CMakeFiles/picotkl.dir/C_/Program_Files/Raspberry_Pi/Pico_SDK_v1.5.1/pico-sdk/src/rp2_common/hardware_irq/irq.c.obj
                0x10000e18                irq_set_exclusive_handler
 .text.irq_add_shared_handler
                0x10000e6c      0x234 CMakeFiles/picotkl.dir/C_/Program_Files/Raspberry_Pi/Pico_SDK_v1.5.1/pico-sdk/src/rp2_common/hardware_irq/irq.c.obj
                0x10000e6c                irq_add_shared_handler
 .text.irq_remove_handler
                0x100010a0      0x1ac CMakeFiles/picotkl.dir/C_/Program_Files/Raspberry_Pi/Pico_SDK_v1.5.1/pico-sdk/src/rp2_common/hardware_irq/irq.c.obj
                0x100010a0                irq_remove_handler
 .text.irq_add_tail_to_free_list
                0x1000124c       0xf0 CMakeFiles/picotkl.dir/C_/Program_Files/Raspberry_Pi/Pico_SDK_v1.5.1/pico-sdk/src/rp2_common/hardware_irq/irq.c.obj
                0x1000124c                irq_add_tail_to_free_list
 .text.irq_init_priorities
                0x1000133c       0x1c CMakeFiles/picotkl.dir/C_/Program_Files/Raspberry_Pi/Pico_SDK_v1.5.1/pico-sdk/src/rp2_common/hardware_irq/irq.c.obj
                0x1000133c                irq_init_priorities
 .text.lock_init
                0x10001358       0x10 CMakeFiles/picotkl.dir/C_/Program_Files/Raspberry_Pi/Pico_SDK_v1.5.1/pico-sdk/src/common/pico_sync/lock_core.c.obj
                0x10001358                lock_init
 .text.mutex_init
                0x10001368       0x1a CMakeFiles/picotkl.dir/C_/Program_Files/Raspberry_Pi/Pico_SDK_v1.5.1/pico-sdk/src/common/pico_sync/mutex.c.obj
                0x10001368                mutex_init
 .text.recursive_mutex_init
                0x10001382       0x1e CMakeFiles/picotkl.dir/C_/Program_Files/Raspberry_Pi/Pico_SDK_v1.5.1/pico-sdk/src/common/pico_sync/mutex.c.obj
                0x10001382                recursive_mutex_init
 .text.critical_section_init_with_lock_num
                0x100013a0       0x14 CMakeFiles/picotkl.dir/C_/Program_Files/Raspberry_Pi/Pico_SDK_v1.5.1/pico-sdk/src/common/pico_sync/critical_section.c.obj
                0x100013a0                critical_section_init_with_lock_num
 .text.critical_section_init
                0x100013b4       0x14 CMakeFiles/picotkl.dir/C_/Program_Files/Raspberry_Pi/Pico_SDK_v1.5.1/pico-sdk/src/common/pico_sync/critical_section.c.obj
                0x100013b4                critical_section_init
 .text.alarm_pool_post_alloc_init
                0x100013c8       0x40 CMakeFiles/picotkl.dir/C_/Program_Files/Raspberry_Pi/Pico_SDK_v1.5.1/pico-sdk/src/common/pico_time/time.c.obj
 .text.sleep_until_callback
                0x10001408       0x30 CMakeFiles/picotkl.dir/C_/Program_Files/Raspberry_Pi/Pico_SDK_v1.5.1/pico-sdk/src/common/pico_time/time.c.obj
 .text.timer_pool_entry_comparator
                0x10001438       0x7c CMakeFiles/picotkl.dir/C_/Program_Files/Raspberry_Pi/Pico_SDK_v1.5.1/pico-sdk/src/common/pico_time/time.c.obj
                0x10001438                timer_pool_entry_comparator
 .text.ph_add_child_node
                0x100014b4       0xa4 CMakeFiles/picotkl.dir/C_/Program_Files/Raspberry_Pi/Pico_SDK_v1.5.1/pico-sdk/src/common/pico_time/time.c.obj
 .text.ph_merge_nodes
                0x10001558       0x3e CMakeFiles/picotkl.dir/C_/Program_Files/Raspberry_Pi/Pico_SDK_v1.5.1/pico-sdk/src/common/pico_time/time.c.obj
 *fill*         0x10001596        0x2 
 .text.add_alarm_under_lock
                0x10001598      0x174 CMakeFiles/picotkl.dir/C_/Program_Files/Raspberry_Pi/Pico_SDK_v1.5.1/pico-sdk/src/common/pico_time/time.c.obj
 .text.alarm_pool_alarm_callback
                0x1000170c      0x33c CMakeFiles/picotkl.dir/C_/Program_Files/Raspberry_Pi/Pico_SDK_v1.5.1/pico-sdk/src/common/pico_time/time.c.obj
 .text.alarm_pool_init_default
                0x10001a48       0x40 CMakeFiles/picotkl.dir/C_/Program_Files/Raspberry_Pi/Pico_SDK_v1.5.1/pico-sdk/src/common/pico_time/time.c.obj
                0x10001a48                alarm_pool_init_default
 .text.alarm_pool_get_default
                0x10001a88       0x2c CMakeFiles/picotkl.dir/C_/Program_Files/Raspberry_Pi/Pico_SDK_v1.5.1/pico-sdk/src/common/pico_time/time.c.obj
                0x10001a88                alarm_pool_get_default
 .text.alarm_pool_add_alarm_at
                0x10001ab4      0x168 CMakeFiles/picotkl.dir/C_/Program_Files/Raspberry_Pi/Pico_SDK_v1.5.1/pico-sdk/src/common/pico_time/time.c.obj
                0x10001ab4                alarm_pool_add_alarm_at
 .text.alarm_pool_cancel_alarm
                0x10001c1c       0xf8 CMakeFiles/picotkl.dir/C_/Program_Files/Raspberry_Pi/Pico_SDK_v1.5.1/pico-sdk/src/common/pico_time/time.c.obj
                0x10001c1c                alarm_pool_cancel_alarm
 .text.sleep_until
                0x10001d14       0xfc CMakeFiles/picotkl.dir/C_/Program_Files/Raspberry_Pi/Pico_SDK_v1.5.1/pico-sdk/src/common/pico_time/time.c.obj
                0x10001d14                sleep_until
 .text.sleep_us
                0x10001e10       0x58 CMakeFiles/picotkl.dir/C_/Program_Files/Raspberry_Pi/Pico_SDK_v1.5.1/pico-sdk/src/common/pico_time/time.c.obj
                0x10001e10                sleep_us
 .text.best_effort_wfe_or_timeout
                0x10001e68       0xac CMakeFiles/picotkl.dir/C_/Program_Files/Raspberry_Pi/Pico_SDK_v1.5.1/pico-sdk/src/common/pico_time/time.c.obj
                0x10001e68                best_effort_wfe_or_timeout
 .text.hardware_alarm_irq_handler
                0x10001f14       0x90 CMakeFiles/picotkl.dir/C_/Program_Files/Raspberry_Pi/Pico_SDK_v1.5.1/pico-sdk/src/rp2_common/hardware_timer/timer.c.obj
 .text.hardware_alarm_claim
                0x10001fa4       0x18 CMakeFiles/picotkl.dir/C_/Program_Files/Raspberry_Pi/Pico_SDK_v1.5.1/pico-sdk/src/rp2_common/hardware_timer/timer.c.obj
                0x10001fa4                hardware_alarm_claim
 .text.time_us_64
                0x10001fbc       0x18 CMakeFiles/picotkl.dir/C_/Program_Files/Raspberry_Pi/Pico_SDK_v1.5.1/pico-sdk/src/rp2_common/hardware_timer/timer.c.obj
                0x10001fbc                time_us_64
 .text.busy_wait_until
                0x10001fd4       0x28 CMakeFiles/picotkl.dir/C_/Program_Files/Raspberry_Pi/Pico_SDK_v1.5.1/pico-sdk/src/rp2_common/hardware_timer/timer.c.obj
                0x10001fd4                busy_wait_until
 .text.hardware_alarm_set_callback
                0x10001ffc       0x90 CMakeFiles/picotkl.dir/C_/Program_Files/Raspberry_Pi/Pico_SDK_v1.5.1/pico-sdk/src/rp2_common/hardware_timer/timer.c.obj
                0x10001ffc                hardware_alarm_set_callback
 .text.hardware_alarm_set_target
                0x1000208c       0xe8 CMakeFiles/picotkl.dir/C_/Program_Files/Raspberry_Pi/Pico_SDK_v1.5.1/pico-sdk/src/rp2_common/hardware_timer/timer.c.obj
                0x1000208c                hardware_alarm_set_target
 .text.hardware_alarm_cancel
                0x10002174       0x40 CMakeFiles/picotkl.dir/C_/Program_Files/Raspberry_Pi/Pico_SDK_v1.5.1/pico-sdk/src/rp2_common/hardware_timer/timer.c.obj
                0x10002174                hardware_alarm_cancel
 .text.ph_add_child_node
                0x100021b4       0xa4 CMakeFiles/picotkl.dir/C_/Program_Files/Raspberry_Pi/Pico_SDK_v1.5.1/pico-sdk/src/common/pico_util/pheap.c.obj
 .text.ph_merge_nodes
                0x10002258       0x3e CMakeFiles/picotkl.dir/C_/Program_Files/Raspberry_Pi/Pico_SDK_v1.5.1/pico-sdk/src/common/pico_util/pheap.c.obj
 *fill*         0x10002296        0x2 
 .text.ph_clear
                0x10002298       0x70 CMakeFiles/picotkl.dir/C_/Program_Files/Raspberry_Pi/Pico_SDK_v1.5.1/pico-sdk/src/common/pico_util/pheap.c.obj
                0x10002298                ph_clear
 .text.ph_post_alloc_init
                0x10002308        0xe CMakeFiles/picotkl.dir/C_/Program_Files/Raspberry_Pi/Pico_SDK_v1.5.1/pico-sdk/src/common/pico_util/pheap.c.obj
                0x10002308                ph_post_alloc_init
 *fill*         0x10002316        0x2 
 .text.ph_merge_two_pass
                0x10002318       0xa8 CMakeFiles/picotkl.dir/C_/Program_Files/Raspberry_Pi/Pico_SDK_v1.5.1/pico-sdk/src/common/pico_util/pheap.c.obj
                0x10002318                ph_merge_two_pass
 .text.ph_remove_any_head
                0x100023c0      0x128 CMakeFiles/picotkl.dir/C_/Program_Files/Raspberry_Pi/Pico_SDK_v1.5.1/pico-sdk/src/common/pico_util/pheap.c.obj
 .text.ph_remove_head
                0x100024e8       0x14 CMakeFiles/picotkl.dir/C_/Program_Files/Raspberry_Pi/Pico_SDK_v1.5.1/pico-sdk/src/common/pico_util/pheap.c.obj
                0x100024e8                ph_remove_head
 .text.ph_remove_and_free_node
                0x100024fc       0xf8 CMakeFiles/picotkl.dir/C_/Program_Files/Raspberry_Pi/Pico_SDK_v1.5.1/pico-sdk/src/common/pico_util/pheap.c.obj
                0x100024fc                ph_remove_and_free_node
 .text.clock_configure
                0x100025f4      0x108 CMakeFiles/picotkl.dir/C_/Program_Files/Raspberry_Pi/Pico_SDK_v1.5.1/pico-sdk/src/rp2_common/hardware_clocks/clocks.c.obj
                0x100025f4                clock_configure
 .text.clocks_init
                0x100026fc      0x100 CMakeFiles/picotkl.dir/C_/Program_Files/Raspberry_Pi/Pico_SDK_v1.5.1/pico-sdk/src/rp2_common/hardware_clocks/clocks.c.obj
                0x100026fc                clocks_init
 .text.clock_get_hz
                0x100027fc        0xc CMakeFiles/picotkl.dir/C_/Program_Files/Raspberry_Pi/Pico_SDK_v1.5.1/pico-sdk/src/rp2_common/hardware_clocks/clocks.c.obj
                0x100027fc                clock_get_hz
 .text.pll_init
                0x10002808      0x120 CMakeFiles/picotkl.dir/C_/Program_Files/Raspberry_Pi/Pico_SDK_v1.5.1/pico-sdk/src/rp2_common/hardware_pll/pll.c.obj
                0x10002808                pll_init
 .text.watchdog_start_tick
                0x10002928       0x10 CMakeFiles/picotkl.dir/C_/Program_Files/Raspberry_Pi/Pico_SDK_v1.5.1/pico-sdk/src/rp2_common/hardware_watchdog/watchdog.c.obj
                0x10002928                watchdog_start_tick
 .text.xosc_init
                0x10002938       0x28 CMakeFiles/picotkl.dir/C_/Program_Files/Raspberry_Pi/Pico_SDK_v1.5.1/pico-sdk/src/rp2_common/hardware_xosc/xosc.c.obj
                0x10002938                xosc_init
 .text._exit    0x10002960        0x4 CMakeFiles/picotkl.dir/C_/Program_Files/Raspberry_Pi/Pico_SDK_v1.5.1/pico-sdk/src/rp2_common/pico_runtime/runtime.c.obj
                0x10002960                _exit
 .text._sbrk    0x10002964       0x38 CMakeFiles/picotkl.dir/C_/Program_Files/Raspberry_Pi/Pico_SDK_v1.5.1/pico-sdk/src/rp2_common/pico_runtime/runtime.c.obj
                0x10002964                _sbrk
 .text.exit     0x1000299c        0x6 CMakeFiles/picotkl.dir/C_/Program_Files/Raspberry_Pi/Pico_SDK_v1.5.1/pico-sdk/src/rp2_common/pico_runtime/runtime.c.obj
                0x1000299c                exit
 *fill*         0x100029a2        0x2 
 .text.__assert_func
                0x100029a4       0x3c CMakeFiles/picotkl.dir/C_/Program_Files/Raspberry_Pi/Pico_SDK_v1.5.1/pico-sdk/src/rp2_common/pico_runtime/runtime.c.obj
                0x100029a4                __assert_func
 .text.runtime_init
                0x100029e0       0xf8 CMakeFiles/picotkl.dir/C_/Program_Files/Raspberry_Pi/Pico_SDK_v1.5.1/pico-sdk/src/rp2_common/pico_runtime/runtime.c.obj
                0x100029e0                runtime_init
 .text.panic    0x10002ad8       0x30 CMakeFiles/picotkl.dir/C_/Program_Files/Raspberry_Pi/Pico_SDK_v1.5.1/pico-sdk/src/rp2_common/pico_runtime/runtime.c.obj
                0x10002ad8                panic
 .text._out_null
                0x10002b08        0x2 CMakeFiles/picotkl.dir/C_/Program_Files/Raspberry_Pi/Pico_SDK_v1.5.1/pico-sdk/src/rp2_common/pico_printf/printf.c.obj
 .text._out_fct
                0x10002b0a        0xe CMakeFiles/picotkl.dir/C_/Program_Files/Raspberry_Pi/Pico_SDK_v1.5.1/pico-sdk/src/rp2_common/pico_printf/printf.c.obj
 .text._atoi    0x10002b18       0x24 CMakeFiles/picotkl.dir/C_/Program_Files/Raspberry_Pi/Pico_SDK_v1.5.1/pico-sdk/src/rp2_common/pico_printf/printf.c.obj
 .text._out_rev
                0x10002b3c       0xae CMakeFiles/picotkl.dir/C_/Program_Files/Raspberry_Pi/Pico_SDK_v1.5.1/pico-sdk/src/rp2_common/pico_printf/printf.c.obj
 .text._ntoa_format
                0x10002bea      0x112 CMakeFiles/picotkl.dir/C_/Program_Files/Raspberry_Pi/Pico_SDK_v1.5.1/pico-sdk/src/rp2_common/pico_printf/printf.c.obj
 .text._ntoa_long
                0x10002cfc       0xbc CMakeFiles/picotkl.dir/C_/Program_Files/Raspberry_Pi/Pico_SDK_v1.5.1/pico-sdk/src/rp2_common/pico_printf/printf.c.obj
 .text._ntoa_long_long
                0x10002db8       0xe2 CMakeFiles/picotkl.dir/C_/Program_Files/Raspberry_Pi/Pico_SDK_v1.5.1/pico-sdk/src/rp2_common/pico_printf/printf.c.obj
 *fill*         0x10002e9a        0x2 
 .text._etoa    0x10002e9c      0x414 CMakeFiles/picotkl.dir/C_/Program_Files/Raspberry_Pi/Pico_SDK_v1.5.1/pico-sdk/src/rp2_common/pico_printf/printf.c.obj
 .text._ftoa    0x100032b0      0x354 CMakeFiles/picotkl.dir/C_/Program_Files/Raspberry_Pi/Pico_SDK_v1.5.1/pico-sdk/src/rp2_common/pico_printf/printf.c.obj
 .text._vsnprintf
                0x10003604      0x624 CMakeFiles/picotkl.dir/C_/Program_Files/Raspberry_Pi/Pico_SDK_v1.5.1/pico-sdk/src/rp2_common/pico_printf/printf.c.obj
 .text.vfctprintf
                0x10003c28       0x20 CMakeFiles/picotkl.dir/C_/Program_Files/Raspberry_Pi/Pico_SDK_v1.5.1/pico-sdk/src/rp2_common/pico_printf/printf.c.obj
                0x10003c28                vfctprintf
 .text          0x10003c48       0x10 CMakeFiles/picotkl.dir/C_/Program_Files/Raspberry_Pi/Pico_SDK_v1.5.1/pico-sdk/src/rp2_common/pico_bit_ops/bit_ops_aeabi.S.obj
 .text.rom_func_lookup
                0x10003c58       0x10 CMakeFiles/picotkl.dir/C_/Program_Files/Raspberry_Pi/Pico_SDK_v1.5.1/pico-sdk/src/rp2_common/pico_bootrom/bootrom.c.obj
                0x10003c58                rom_func_lookup
 .text.rom_data_lookup
                0x10003c68       0x10 CMakeFiles/picotkl.dir/C_/Program_Files/Raspberry_Pi/Pico_SDK_v1.5.1/pico-sdk/src/rp2_common/pico_bootrom/bootrom.c.obj
                0x10003c68                rom_data_lookup
 .text.rom_funcs_lookup
                0x10003c78       0x36 CMakeFiles/picotkl.dir/C_/Program_Files/Raspberry_Pi/Pico_SDK_v1.5.1/pico-sdk/src/rp2_common/pico_bootrom/bootrom.c.obj
                0x10003c78                rom_funcs_lookup
 *fill*         0x10003cae        0x2 
 .text.__wrap___aeabi_idiv
                0x10003cb0       0x50 CMakeFiles/picotkl.dir/C_/Program_Files/Raspberry_Pi/Pico_SDK_v1.5.1/pico-sdk/src/rp2_common/pico_divider/divider.S.obj
                0x10003cb0                __wrap___aeabi_idivmod
                0x10003cb0                divmod_s32s32
                0x10003cb0                div_s32s32
                0x10003cb0                __wrap___aeabi_idiv
                0x10003cb8                divmod_s32s32_unsafe
                0x10003ce4                divmod_s32s32_savestate
 .text.__wrap___aeabi_uidiv
                0x10003d00       0x4c CMakeFiles/picotkl.dir/C_/Program_Files/Raspberry_Pi/Pico_SDK_v1.5.1/pico-sdk/src/rp2_common/pico_divider/divider.S.obj
                0x10003d00                __wrap___aeabi_uidiv
                0x10003d00                __wrap___aeabi_uidivmod
                0x10003d00                div_u32u32
                0x10003d00                divmod_u32u32
                0x10003d08                divmod_u32u32_unsafe
                0x10003d30                divmod_u32u32_savestate
 .text.__wrap___aeabi_ldiv
                0x10003d4c      0x424 CMakeFiles/picotkl.dir/C_/Program_Files/Raspberry_Pi/Pico_SDK_v1.5.1/pico-sdk/src/rp2_common/pico_divider/divider.S.obj
                0x10003d4c                div_s64s64
                0x10003d4c                divmod_s64s64
                0x10003d4c                __wrap___aeabi_ldivmod
                0x10003d7c                divmod_u64u64
                0x10003d7c                div_u64u64
                0x10003d7c                __wrap___aeabi_uldivmod
                0x10003d8c                divmod_u64u64_savestate
                0x10003dac                divmod_s64s64_unsafe
                0x10003e34                divmod_u64u64_unsafe
 .text.__wrap___aeabi_darithmetic
                0x10004170       0x80 CMakeFiles/picotkl.dir/C_/Program_Files/Raspberry_Pi/Pico_SDK_v1.5.1/pico-sdk/src/rp2_common/pico_double/double_aeabi.S.obj
                0x10004170                __wrap___aeabi_drsub
                0x10004176                __wrap___aeabi_dsub
                0x10004188                __wrap___aeabi_dadd
                0x1000419a                __wrap___aeabi_ddiv
                0x100041d6                __wrap___aeabi_dmul
 .text.__wrap___aeabi_cdcmple
                0x100041f0       0x6c CMakeFiles/picotkl.dir/C_/Program_Files/Raspberry_Pi/Pico_SDK_v1.5.1/pico-sdk/src/rp2_common/pico_double/double_aeabi.S.obj
                0x100041f0                __wrap___aeabi_cdrcmple
                0x10004200                __wrap___aeabi_cdcmpeq
                0x10004200                __wrap___aeabi_cdcmple
 .text.__wrap___aeabi_dcmplt
                0x1000425c        0xc CMakeFiles/picotkl.dir/C_/Program_Files/Raspberry_Pi/Pico_SDK_v1.5.1/pico-sdk/src/rp2_common/pico_double/double_aeabi.S.obj
                0x1000425c                __wrap___aeabi_dcmplt
 .text.__wrap___aeabi_dcmple
                0x10004268       0x10 CMakeFiles/picotkl.dir/C_/Program_Files/Raspberry_Pi/Pico_SDK_v1.5.1/pico-sdk/src/rp2_common/pico_double/double_aeabi.S.obj
                0x10004268                __wrap___aeabi_dcmple
 .text.__wrap___aeabi_dcmpge
                0x10004278       0x10 CMakeFiles/picotkl.dir/C_/Program_Files/Raspberry_Pi/Pico_SDK_v1.5.1/pico-sdk/src/rp2_common/pico_double/double_aeabi.S.obj
                0x10004278                __wrap___aeabi_dcmpge
 .text.__wrap___aeabi_dcmpgt
                0x10004288        0xa CMakeFiles/picotkl.dir/C_/Program_Files/Raspberry_Pi/Pico_SDK_v1.5.1/pico-sdk/src/rp2_common/pico_double/double_aeabi.S.obj
                0x10004288                __wrap___aeabi_dcmpgt
 .text.__wrap___aeabi_dcmpun
                0x10004292       0x1c CMakeFiles/picotkl.dir/C_/Program_Files/Raspberry_Pi/Pico_SDK_v1.5.1/pico-sdk/src/rp2_common/pico_double/double_aeabi.S.obj
                0x10004292                __wrap___aeabi_dcmpun
 *fill*         0x100042ae        0x2 
 .text.__wrap___aeabi_i2d
                0x100042b0       0x38 CMakeFiles/picotkl.dir/C_/Program_Files/Raspberry_Pi/Pico_SDK_v1.5.1/pico-sdk/src/rp2_common/pico_double/double_aeabi.S.obj
                0x100042b0                __wrap___aeabi_ui2d
                0x100042b8                __wrap___aeabi_i2d
 .text.__wrap___aeabi_d2iz
                0x100042e8       0x48 CMakeFiles/picotkl.dir/C_/Program_Files/Raspberry_Pi/Pico_SDK_v1.5.1/pico-sdk/src/rp2_common/pico_double/double_aeabi.S.obj
                0x100042e8                double2int_z
                0x100042e8                __wrap___aeabi_d2iz
 .text.__wrap___aeabi_d2uiz
                0x10004330       0x18 CMakeFiles/picotkl.dir/C_/Program_Files/Raspberry_Pi/Pico_SDK_v1.5.1/pico-sdk/src/rp2_common/pico_double/double_aeabi.S.obj
                0x10004330                __wrap___aeabi_d2uiz
                0x10004330                double2uint
 .text.__aeabi_double_init
                0x10004348       0xc8 CMakeFiles/picotkl.dir/C_/Program_Files/Raspberry_Pi/Pico_SDK_v1.5.1/pico-sdk/src/rp2_common/pico_double/double_init_rom.c.obj
                0x10004348                __aeabi_double_init
 .text.double_table_shim_on_use_helper
                0x10004410       0x34 CMakeFiles/picotkl.dir/C_/Program_Files/Raspberry_Pi/Pico_SDK_v1.5.1/pico-sdk/src/rp2_common/pico_double/double_v1_rom_shim.S.obj
                0x10004410                double_table_shim_on_use_helper
 .text.__wrap___aeabi_dsub
                0x10004444       0x10 CMakeFiles/picotkl.dir/C_/Program_Files/Raspberry_Pi/Pico_SDK_v1.5.1/pico-sdk/src/rp2_common/pico_double/double_v1_rom_shim.S.obj
                0x10004444                drsub_shim
                0x1000444a                dsub_shim
 .text.dadd_shim
                0x10004454      0x15c CMakeFiles/picotkl.dir/C_/Program_Files/Raspberry_Pi/Pico_SDK_v1.5.1/pico-sdk/src/rp2_common/pico_double/double_v1_rom_shim.S.obj
                0x10004454                dadd_shim
 .text.dmul_shim
                0x100045b0      0x15c CMakeFiles/picotkl.dir/C_/Program_Files/Raspberry_Pi/Pico_SDK_v1.5.1/pico-sdk/src/rp2_common/pico_double/double_v1_rom_shim.S.obj
                0x100045b0                dmul_shim
 .text.ddiv_shim
                0x1000470c      0x1b0 CMakeFiles/picotkl.dir/C_/Program_Files/Raspberry_Pi/Pico_SDK_v1.5.1/pico-sdk/src/rp2_common/pico_double/double_v1_rom_shim.S.obj
                0x1000470c                ddiv_shim
 .text.double2uint_shim
                0x100048bc        0xe CMakeFiles/picotkl.dir/C_/Program_Files/Raspberry_Pi/Pico_SDK_v1.5.1/pico-sdk/src/rp2_common/pico_double/double_v1_rom_shim.S.obj
                0x100048bc                double2uint_shim
                0x100048be                double2ufix_shim
 *fill*         0x100048ca        0x2 
 .text.double2uint64_shim
                0x100048cc       0x70 CMakeFiles/picotkl.dir/C_/Program_Files/Raspberry_Pi/Pico_SDK_v1.5.1/pico-sdk/src/rp2_common/pico_double/double_v1_rom_shim.S.obj
                0x100048cc                double2uint64_shim
                0x100048ce                double2ufix64_shim
                0x100048ee                d2fix_a
 .text.dunpacks
                0x1000493c       0x3c CMakeFiles/picotkl.dir/C_/Program_Files/Raspberry_Pi/Pico_SDK_v1.5.1/pico-sdk/src/rp2_common/pico_double/double_v1_rom_shim.S.obj
                0x1000493c                dunpacks
 .text.__aeabi_lmul
                0x10004978       0x32 CMakeFiles/picotkl.dir/C_/Program_Files/Raspberry_Pi/Pico_SDK_v1.5.1/pico-sdk/src/rp2_common/pico_int64_ops/pico_int64_ops_aeabi.S.obj
                0x10004978                __wrap___aeabi_lmul
 *fill*         0x100049aa        0x2 
 .text.__aeabi_float_init
                0x100049ac       0xfc CMakeFiles/picotkl.dir/C_/Program_Files/Raspberry_Pi/Pico_SDK_v1.5.1/pico-sdk/src/rp2_common/pico_float/float_init_rom.c.obj
                0x100049ac                __aeabi_float_init
 .text.float_table_shim_on_use_helper
                0x10004aa8       0x34 CMakeFiles/picotkl.dir/C_/Program_Files/Raspberry_Pi/Pico_SDK_v1.5.1/pico-sdk/src/rp2_common/pico_float/float_v1_rom_shim.S.obj
                0x10004aa8                float_table_shim_on_use_helper
 .text.__wrap_malloc
                0x10004adc       0x24 CMakeFiles/picotkl.dir/C_/Program_Files/Raspberry_Pi/Pico_SDK_v1.5.1/pico-sdk/src/rp2_common/pico_malloc/pico_malloc.c.obj
                0x10004adc                __wrap_malloc
 .text          0x10004b00       0x10 CMakeFiles/picotkl.dir/C_/Program_Files/Raspberry_Pi/Pico_SDK_v1.5.1/pico-sdk/src/rp2_common/pico_mem_ops/mem_ops_aeabi.S.obj
                0x10004b00                __aeabi_mem_init
 .text.memset   0x10004b10        0xc CMakeFiles/picotkl.dir/C_/Program_Files/Raspberry_Pi/Pico_SDK_v1.5.1/pico-sdk/src/rp2_common/pico_mem_ops/mem_ops_aeabi.S.obj
                0x10004b10                __wrap_memset
 .text.memcpy   0x10004b1c        0xc CMakeFiles/picotkl.dir/C_/Program_Files/Raspberry_Pi/Pico_SDK_v1.5.1/pico-sdk/src/rp2_common/pico_mem_ops/mem_ops_aeabi.S.obj
                0x10004b1c                __wrap_memcpy
                0x10004b1c                __wrap___aeabi_memcpy
 .text.stdio_out_chars_no_crlf
                0x10004b28        0xe CMakeFiles/picotkl.dir/C_/Program_Files/Raspberry_Pi/Pico_SDK_v1.5.1/pico-sdk/src/rp2_common/pico_stdio/stdio.c.obj
 *fill*         0x10004b36        0x2 
 .text.stdio_out_chars_crlf
                0x10004b38       0x80 CMakeFiles/picotkl.dir/C_/Program_Files/Raspberry_Pi/Pico_SDK_v1.5.1/pico-sdk/src/rp2_common/pico_stdio/stdio.c.obj
 .text.stdio_stack_buffer_flush
                0x10004bb8       0x44 CMakeFiles/picotkl.dir/C_/Program_Files/Raspberry_Pi/Pico_SDK_v1.5.1/pico-sdk/src/rp2_common/pico_stdio/stdio.c.obj
 .text.stdio_buffered_printer
                0x10004bfc       0x20 CMakeFiles/picotkl.dir/C_/Program_Files/Raspberry_Pi/Pico_SDK_v1.5.1/pico-sdk/src/rp2_common/pico_stdio/stdio.c.obj
 .text.stdout_serialize_begin
                0x10004c1c       0x5c CMakeFiles/picotkl.dir/C_/Program_Files/Raspberry_Pi/Pico_SDK_v1.5.1/pico-sdk/src/rp2_common/pico_stdio/stdio.c.obj
                0x10004c1c                stdout_serialize_begin
 .text.stdout_serialize_end
                0x10004c78       0x10 CMakeFiles/picotkl.dir/C_/Program_Files/Raspberry_Pi/Pico_SDK_v1.5.1/pico-sdk/src/rp2_common/pico_stdio/stdio.c.obj
                0x10004c78                stdout_serialize_end
 .text.stdio_put_string
                0x10004c88       0x98 CMakeFiles/picotkl.dir/C_/Program_Files/Raspberry_Pi/Pico_SDK_v1.5.1/pico-sdk/src/rp2_common/pico_stdio/stdio.c.obj
 .text.stdio_flush
                0x10004d20       0x20 CMakeFiles/picotkl.dir/C_/Program_Files/Raspberry_Pi/Pico_SDK_v1.5.1/pico-sdk/src/rp2_common/pico_stdio/stdio.c.obj
                0x10004d20                stdio_flush
 .text.__wrap_puts
                0x10004d40       0x1e CMakeFiles/picotkl.dir/C_/Program_Files/Raspberry_Pi/Pico_SDK_v1.5.1/pico-sdk/src/rp2_common/pico_stdio/stdio.c.obj
                0x10004d40                __wrap_puts
 *fill*         0x10004d5e        0x2 
 .text.__wrap_vprintf
                0x10004d60       0x40 CMakeFiles/picotkl.dir/C_/Program_Files/Raspberry_Pi/Pico_SDK_v1.5.1/pico-sdk/src/rp2_common/pico_stdio/stdio.c.obj
                0x10004d60                __wrap_vprintf
 .text.__wrap_printf
                0x10004da0       0x18 CMakeFiles/picotkl.dir/C_/Program_Files/Raspberry_Pi/Pico_SDK_v1.5.1/pico-sdk/src/rp2_common/pico_stdio/stdio.c.obj
                0x10004da0                __wrap_printf
 .text.hw_endpoint_get_by_addr
                0x10004db8       0x18 CMakeFiles/picotkl.dir/C_/Program_Files/Raspberry_Pi/Pico_SDK_v1.5.1/pico-sdk/lib/tinyusb/src/portable/raspberrypi/rp2040/dcd_rp2040.c.obj
 .text._hw_endpoint_alloc
                0x10004dd0       0x70 CMakeFiles/picotkl.dir/C_/Program_Files/Raspberry_Pi/Pico_SDK_v1.5.1/pico-sdk/lib/tinyusb/src/portable/raspberrypi/rp2040/dcd_rp2040.c.obj
 .text.hw_endpoint_init
                0x10004e40       0x88 CMakeFiles/picotkl.dir/C_/Program_Files/Raspberry_Pi/Pico_SDK_v1.5.1/pico-sdk/lib/tinyusb/src/portable/raspberrypi/rp2040/dcd_rp2040.c.obj
 .text.hw_endpoint_xfer
                0x10004ec8       0x14 CMakeFiles/picotkl.dir/C_/Program_Files/Raspberry_Pi/Pico_SDK_v1.5.1/pico-sdk/lib/tinyusb/src/portable/raspberrypi/rp2040/dcd_rp2040.c.obj
 .text.dcd_int_enable
                0x10004edc       0x2c CMakeFiles/picotkl.dir/C_/Program_Files/Raspberry_Pi/Pico_SDK_v1.5.1/pico-sdk/lib/tinyusb/src/portable/raspberrypi/rp2040/dcd_rp2040.c.obj
                0x10004edc                dcd_int_enable
 .text.dcd_set_address
                0x10004f08       0x2c CMakeFiles/picotkl.dir/C_/Program_Files/Raspberry_Pi/Pico_SDK_v1.5.1/pico-sdk/lib/tinyusb/src/portable/raspberrypi/rp2040/dcd_rp2040.c.obj
                0x10004f08                dcd_set_address
 .text.dcd_connect
                0x10004f34       0x10 CMakeFiles/picotkl.dir/C_/Program_Files/Raspberry_Pi/Pico_SDK_v1.5.1/pico-sdk/lib/tinyusb/src/portable/raspberrypi/rp2040/dcd_rp2040.c.obj
                0x10004f34                dcd_connect
 .text.dcd_init
                0x10004f44       0x80 CMakeFiles/picotkl.dir/C_/Program_Files/Raspberry_Pi/Pico_SDK_v1.5.1/pico-sdk/lib/tinyusb/src/portable/raspberrypi/rp2040/dcd_rp2040.c.obj
                0x10004f44                dcd_init
 .text.dcd_edpt0_status_complete
                0x10004fc4       0x1c CMakeFiles/picotkl.dir/C_/Program_Files/Raspberry_Pi/Pico_SDK_v1.5.1/pico-sdk/lib/tinyusb/src/portable/raspberrypi/rp2040/dcd_rp2040.c.obj
                0x10004fc4                dcd_edpt0_status_complete
 .text.dcd_edpt_open
                0x10004fe0       0x40 CMakeFiles/picotkl.dir/C_/Program_Files/Raspberry_Pi/Pico_SDK_v1.5.1/pico-sdk/lib/tinyusb/src/portable/raspberrypi/rp2040/dcd_rp2040.c.obj
                0x10004fe0                dcd_edpt_open
 .text.dcd_edpt_close_all
                0x10005020        0x8 CMakeFiles/picotkl.dir/C_/Program_Files/Raspberry_Pi/Pico_SDK_v1.5.1/pico-sdk/lib/tinyusb/src/portable/raspberrypi/rp2040/dcd_rp2040.c.obj
                0x10005020                dcd_edpt_close_all
 .text.dcd_edpt_xfer
                0x10005028       0x34 CMakeFiles/picotkl.dir/C_/Program_Files/Raspberry_Pi/Pico_SDK_v1.5.1/pico-sdk/lib/tinyusb/src/portable/raspberrypi/rp2040/dcd_rp2040.c.obj
                0x10005028                dcd_edpt_xfer
 .text.dcd_edpt_stall
                0x1000505c       0x2c CMakeFiles/picotkl.dir/C_/Program_Files/Raspberry_Pi/Pico_SDK_v1.5.1/pico-sdk/lib/tinyusb/src/portable/raspberrypi/rp2040/dcd_rp2040.c.obj
                0x1000505c                dcd_edpt_stall
 .text.dcd_edpt_clear_stall
                0x10005088       0x20 CMakeFiles/picotkl.dir/C_/Program_Files/Raspberry_Pi/Pico_SDK_v1.5.1/pico-sdk/lib/tinyusb/src/portable/raspberrypi/rp2040/dcd_rp2040.c.obj
                0x10005088                dcd_edpt_clear_stall
 .text.rp2040_usb_init
                0x100050a8       0x4c CMakeFiles/picotkl.dir/C_/Program_Files/Raspberry_Pi/Pico_SDK_v1.5.1/pico-sdk/lib/tinyusb/src/portable/raspberrypi/rp2040/rp2040_usb.c.obj
                0x100050a8                rp2040_usb_init
 .text.hw_endpoint_xfer_start
                0x100050f4       0x50 CMakeFiles/picotkl.dir/C_/Program_Files/Raspberry_Pi/Pico_SDK_v1.5.1/pico-sdk/lib/tinyusb/src/portable/raspberrypi/rp2040/rp2040_usb.c.obj
                0x100050f4                hw_endpoint_xfer_start
 .text.configuration_reset
                0x10005144       0x84 CMakeFiles/picotkl.dir/C_/Program_Files/Raspberry_Pi/Pico_SDK_v1.5.1/pico-sdk/lib/tinyusb/src/device/usbd.c.obj
 .text.usbd_reset
                0x100051c8        0xc CMakeFiles/picotkl.dir/C_/Program_Files/Raspberry_Pi/Pico_SDK_v1.5.1/pico-sdk/lib/tinyusb/src/device/usbd.c.obj
 .text.invoke_class_control
                0x100051d4       0x1a CMakeFiles/picotkl.dir/C_/Program_Files/Raspberry_Pi/Pico_SDK_v1.5.1/pico-sdk/lib/tinyusb/src/device/usbd.c.obj
 *fill*         0x100051ee        0x2 
 .text.process_set_config
                0x100051f0      0x15c CMakeFiles/picotkl.dir/C_/Program_Files/Raspberry_Pi/Pico_SDK_v1.5.1/pico-sdk/lib/tinyusb/src/device/usbd.c.obj
 .text.process_get_descriptor
                0x1000534c       0xdc CMakeFiles/picotkl.dir/C_/Program_Files/Raspberry_Pi/Pico_SDK_v1.5.1/pico-sdk/lib/tinyusb/src/device/usbd.c.obj
 .text.tud_mounted
                0x10005428       0x10 CMakeFiles/picotkl.dir/C_/Program_Files/Raspberry_Pi/Pico_SDK_v1.5.1/pico-sdk/lib/tinyusb/src/device/usbd.c.obj
                0x10005428                tud_mounted
 .text.tud_suspended
                0x10005438       0x10 CMakeFiles/picotkl.dir/C_/Program_Files/Raspberry_Pi/Pico_SDK_v1.5.1/pico-sdk/lib/tinyusb/src/device/usbd.c.obj
                0x10005438                tud_suspended
 .text.tud_inited
                0x10005448       0x14 CMakeFiles/picotkl.dir/C_/Program_Files/Raspberry_Pi/Pico_SDK_v1.5.1/pico-sdk/lib/tinyusb/src/device/usbd.c.obj
                0x10005448                tud_inited
 .text.tud_init
                0x1000545c       0xcc CMakeFiles/picotkl.dir/C_/Program_Files/Raspberry_Pi/Pico_SDK_v1.5.1/pico-sdk/lib/tinyusb/src/device/usbd.c.obj
                0x1000545c                tud_init
 .text.usbd_edpt_open
                0x10005528       0x34 CMakeFiles/picotkl.dir/C_/Program_Files/Raspberry_Pi/Pico_SDK_v1.5.1/pico-sdk/lib/tinyusb/src/device/usbd.c.obj
                0x10005528                usbd_edpt_open
 .text.usbd_open_edpt_pair
                0x1000555c       0x62 CMakeFiles/picotkl.dir/C_/Program_Files/Raspberry_Pi/Pico_SDK_v1.5.1/pico-sdk/lib/tinyusb/src/device/usbd.c.obj
                0x1000555c                usbd_open_edpt_pair
 *fill*         0x100055be        0x2 
 .text.usbd_edpt_claim
                0x100055c0       0x28 CMakeFiles/picotkl.dir/C_/Program_Files/Raspberry_Pi/Pico_SDK_v1.5.1/pico-sdk/lib/tinyusb/src/device/usbd.c.obj
                0x100055c0                usbd_edpt_claim
 .text.usbd_edpt_xfer
                0x100055e8       0x78 CMakeFiles/picotkl.dir/C_/Program_Files/Raspberry_Pi/Pico_SDK_v1.5.1/pico-sdk/lib/tinyusb/src/device/usbd.c.obj
                0x100055e8                usbd_edpt_xfer
 .text.usbd_edpt_busy
                0x10005660       0x1c CMakeFiles/picotkl.dir/C_/Program_Files/Raspberry_Pi/Pico_SDK_v1.5.1/pico-sdk/lib/tinyusb/src/device/usbd.c.obj
                0x10005660                usbd_edpt_busy
 .text.usbd_edpt_stall
                0x1000567c       0x48 CMakeFiles/picotkl.dir/C_/Program_Files/Raspberry_Pi/Pico_SDK_v1.5.1/pico-sdk/lib/tinyusb/src/device/usbd.c.obj
                0x1000567c                usbd_edpt_stall
 .text.usbd_edpt_clear_stall
                0x100056c4       0x48 CMakeFiles/picotkl.dir/C_/Program_Files/Raspberry_Pi/Pico_SDK_v1.5.1/pico-sdk/lib/tinyusb/src/device/usbd.c.obj
                0x100056c4                usbd_edpt_clear_stall
 .text.usbd_edpt_stalled
                0x1000570c       0x1c CMakeFiles/picotkl.dir/C_/Program_Files/Raspberry_Pi/Pico_SDK_v1.5.1/pico-sdk/lib/tinyusb/src/device/usbd.c.obj
                0x1000570c                usbd_edpt_stalled
 .text.process_control_request
                0x10005728      0x37c CMakeFiles/picotkl.dir/C_/Program_Files/Raspberry_Pi/Pico_SDK_v1.5.1/pico-sdk/lib/tinyusb/src/device/usbd.c.obj
 .text.tud_task_ext
                0x10005aa4      0x1b8 CMakeFiles/picotkl.dir/C_/Program_Files/Raspberry_Pi/Pico_SDK_v1.5.1/pico-sdk/lib/tinyusb/src/device/usbd.c.obj
                0x10005aa4                tud_task_ext
 .text._data_stage_xact
                0x10005c5c       0x58 CMakeFiles/picotkl.dir/C_/Program_Files/Raspberry_Pi/Pico_SDK_v1.5.1/pico-sdk/lib/tinyusb/src/device/usbd_control.c.obj
 .text.tud_control_status
                0x10005cb4       0x38 CMakeFiles/picotkl.dir/C_/Program_Files/Raspberry_Pi/Pico_SDK_v1.5.1/pico-sdk/lib/tinyusb/src/device/usbd_control.c.obj
                0x10005cb4                tud_control_status
 .text.tud_control_xfer
                0x10005cec       0x74 CMakeFiles/picotkl.dir/C_/Program_Files/Raspberry_Pi/Pico_SDK_v1.5.1/pico-sdk/lib/tinyusb/src/device/usbd_control.c.obj
                0x10005cec                tud_control_xfer
 .text.usbd_control_reset
                0x10005d60       0x14 CMakeFiles/picotkl.dir/C_/Program_Files/Raspberry_Pi/Pico_SDK_v1.5.1/pico-sdk/lib/tinyusb/src/device/usbd_control.c.obj
                0x10005d60                usbd_control_reset
 .text.usbd_control_set_complete_callback
                0x10005d74        0xc CMakeFiles/picotkl.dir/C_/Program_Files/Raspberry_Pi/Pico_SDK_v1.5.1/pico-sdk/lib/tinyusb/src/device/usbd_control.c.obj
                0x10005d74                usbd_control_set_complete_callback
 .text.usbd_control_set_request
                0x10005d80       0x1c CMakeFiles/picotkl.dir/C_/Program_Files/Raspberry_Pi/Pico_SDK_v1.5.1/pico-sdk/lib/tinyusb/src/device/usbd_control.c.obj
                0x10005d80                usbd_control_set_request
 .text.usbd_control_xfer_cb
                0x10005d9c       0xcc CMakeFiles/picotkl.dir/C_/Program_Files/Raspberry_Pi/Pico_SDK_v1.5.1/pico-sdk/lib/tinyusb/src/device/usbd_control.c.obj
                0x10005d9c                usbd_control_xfer_cb
 .text.tud_hid_n_ready
                0x10005e68       0x50 CMakeFiles/picotkl.dir/C_/Program_Files/Raspberry_Pi/Pico_SDK_v1.5.1/pico-sdk/lib/tinyusb/src/class/hid/hid_device.c.obj
                0x10005e68                tud_hid_n_ready
 .text.tud_hid_n_report
                0x10005eb8       0x84 CMakeFiles/picotkl.dir/C_/Program_Files/Raspberry_Pi/Pico_SDK_v1.5.1/pico-sdk/lib/tinyusb/src/class/hid/hid_device.c.obj
                0x10005eb8                tud_hid_n_report
 .text.tud_hid_n_keyboard_report
                0x10005f3c       0x40 CMakeFiles/picotkl.dir/C_/Program_Files/Raspberry_Pi/Pico_SDK_v1.5.1/pico-sdk/lib/tinyusb/src/class/hid/hid_device.c.obj
                0x10005f3c                tud_hid_n_keyboard_report
 .text.hidd_reset
                0x10005f7c       0x14 CMakeFiles/picotkl.dir/C_/Program_Files/Raspberry_Pi/Pico_SDK_v1.5.1/pico-sdk/lib/tinyusb/src/class/hid/hid_device.c.obj
                0x10005f7c                hidd_reset
 .text.hidd_init
                0x10005f90        0xa CMakeFiles/picotkl.dir/C_/Program_Files/Raspberry_Pi/Pico_SDK_v1.5.1/pico-sdk/lib/tinyusb/src/class/hid/hid_device.c.obj
                0x10005f90                hidd_init
 *fill*         0x10005f9a        0x2 
 .text.hidd_open
                0x10005f9c       0xc0 CMakeFiles/picotkl.dir/C_/Program_Files/Raspberry_Pi/Pico_SDK_v1.5.1/pico-sdk/lib/tinyusb/src/class/hid/hid_device.c.obj
                0x10005f9c                hidd_open
 .text.hidd_control_xfer_cb
                0x1000605c      0x278 CMakeFiles/picotkl.dir/C_/Program_Files/Raspberry_Pi/Pico_SDK_v1.5.1/pico-sdk/lib/tinyusb/src/class/hid/hid_device.c.obj
                0x1000605c                hidd_control_xfer_cb
 .text.hidd_xfer_cb
                0x100062d4       0x84 CMakeFiles/picotkl.dir/C_/Program_Files/Raspberry_Pi/Pico_SDK_v1.5.1/pico-sdk/lib/tinyusb/src/class/hid/hid_device.c.obj
                0x100062d4                hidd_xfer_cb
 .text.tusb_init
                0x10006358        0xa CMakeFiles/picotkl.dir/C_/Program_Files/Raspberry_Pi/Pico_SDK_v1.5.1/pico-sdk/lib/tinyusb/src/tusb.c.obj
                0x10006358                tusb_init
 .text.tusb_inited
                0x10006362        0xe CMakeFiles/picotkl.dir/C_/Program_Files/Raspberry_Pi/Pico_SDK_v1.5.1/pico-sdk/lib/tinyusb/src/tusb.c.obj
                0x10006362                tusb_inited
 .text.tu_edpt_claim
                0x10006370       0x50 CMakeFiles/picotkl.dir/C_/Program_Files/Raspberry_Pi/Pico_SDK_v1.5.1/pico-sdk/lib/tinyusb/src/tusb.c.obj
                0x10006370                tu_edpt_claim
 .text.tu_edpt_validate
                0x100063c0       0x78 CMakeFiles/picotkl.dir/C_/Program_Files/Raspberry_Pi/Pico_SDK_v1.5.1/pico-sdk/lib/tinyusb/src/tusb.c.obj
                0x100063c0                tu_edpt_validate
 .text.tu_edpt_bind_driver
                0x10006438       0x26 CMakeFiles/picotkl.dir/C_/Program_Files/Raspberry_Pi/Pico_SDK_v1.5.1/pico-sdk/lib/tinyusb/src/tusb.c.obj
                0x10006438                tu_edpt_bind_driver
 .text.advance_index
                0x1000645e       0x1a CMakeFiles/picotkl.dir/C_/Program_Files/Raspberry_Pi/Pico_SDK_v1.5.1/pico-sdk/lib/tinyusb/src/common/tusb_fifo.c.obj
 .text._tu_fifo_peek
                0x10006478       0x56 CMakeFiles/picotkl.dir/C_/Program_Files/Raspberry_Pi/Pico_SDK_v1.5.1/pico-sdk/lib/tinyusb/src/common/tusb_fifo.c.obj
 .text.tu_fifo_full
                0x100064ce       0x28 CMakeFiles/picotkl.dir/C_/Program_Files/Raspberry_Pi/Pico_SDK_v1.5.1/pico-sdk/lib/tinyusb/src/common/tusb_fifo.c.obj
                0x100064ce                tu_fifo_full
 .text.tu_fifo_read
                0x100064f6       0x42 CMakeFiles/picotkl.dir/C_/Program_Files/Raspberry_Pi/Pico_SDK_v1.5.1/pico-sdk/lib/tinyusb/src/common/tusb_fifo.c.obj
                0x100064f6                tu_fifo_read
 .text.tu_fifo_write
                0x10006538       0x64 CMakeFiles/picotkl.dir/C_/Program_Files/Raspberry_Pi/Pico_SDK_v1.5.1/pico-sdk/lib/tinyusb/src/common/tusb_fifo.c.obj
                0x10006538                tu_fifo_write
 .text.tu_fifo_clear
                0x1000659c       0x3e CMakeFiles/picotkl.dir/C_/Program_Files/Raspberry_Pi/Pico_SDK_v1.5.1/pico-sdk/lib/tinyusb/src/common/tusb_fifo.c.obj
                0x1000659c                tu_fifo_clear
 .text.i2c_write_blocking_internal
                0x100065da      0x140 CMakeFiles/picotkl.dir/C_/Program_Files/Raspberry_Pi/Pico_SDK_v1.5.1/pico-sdk/src/rp2_common/hardware_i2c/i2c.c.obj
 *fill*         0x1000671a        0x2 
 .text.i2c_set_baudrate
                0x1000671c       0xf0 CMakeFiles/picotkl.dir/C_/Program_Files/Raspberry_Pi/Pico_SDK_v1.5.1/pico-sdk/src/rp2_common/hardware_i2c/i2c.c.obj
                0x1000671c                i2c_set_baudrate
 .text.i2c_init
                0x1000680c       0x58 CMakeFiles/picotkl.dir/C_/Program_Files/Raspberry_Pi/Pico_SDK_v1.5.1/pico-sdk/src/rp2_common/hardware_i2c/i2c.c.obj
                0x1000680c                i2c_init
 .text.i2c_write_blocking
                0x10006864       0x18 CMakeFiles/picotkl.dir/C_/Program_Files/Raspberry_Pi/Pico_SDK_v1.5.1/pico-sdk/src/rp2_common/hardware_i2c/i2c.c.obj
                0x10006864                i2c_write_blocking
 .text._pio_can_add_program_at_offset
                0x1000687c       0x3c CMakeFiles/picotkl.dir/C_/Program_Files/Raspberry_Pi/Pico_SDK_v1.5.1/pico-sdk/src/rp2_common/hardware_pio/pio.c.obj
 .text._pio_find_offset_for_program
                0x100068b8       0x7c CMakeFiles/picotkl.dir/C_/Program_Files/Raspberry_Pi/Pico_SDK_v1.5.1/pico-sdk/src/rp2_common/hardware_pio/pio.c.obj
 .text._pio_add_program_at_offset
                0x10006934       0x78 CMakeFiles/picotkl.dir/C_/Program_Files/Raspberry_Pi/Pico_SDK_v1.5.1/pico-sdk/src/rp2_common/hardware_pio/pio.c.obj
 .text.pio_claim_unused_sm
                0x100069ac       0x3c CMakeFiles/picotkl.dir/C_/Program_Files/Raspberry_Pi/Pico_SDK_v1.5.1/pico-sdk/src/rp2_common/hardware_pio/pio.c.obj
                0x100069ac                pio_claim_unused_sm
 .text.pio_add_program
                0x100069e8       0x38 CMakeFiles/picotkl.dir/C_/Program_Files/Raspberry_Pi/Pico_SDK_v1.5.1/pico-sdk/src/rp2_common/hardware_pio/pio.c.obj
                0x100069e8                pio_add_program
 .text.pio_sm_init
                0x10006a20       0xe4 CMakeFiles/picotkl.dir/C_/Program_Files/Raspberry_Pi/Pico_SDK_v1.5.1/pico-sdk/src/rp2_common/hardware_pio/pio.c.obj
                0x10006a20                pio_sm_init
 .text.ssd1306_init
                0x10006b04      0x110 pico-ssd1306/libpico_ssd1306.a(ssd1306.c.obj)
                0x10006b04                ssd1306_init
 .text.ssd1306_clear
                0x10006c14       0x10 pico-ssd1306/libpico_ssd1306.a(ssd1306.c.obj)
                0x10006c14                ssd1306_clear
 .text.ssd1306_draw_pixel
                0x10006c24       0x26 pico-ssd1306/libpico_ssd1306.a(ssd1306.c.obj)
                0x10006c24                ssd1306_draw_pixel
 .text.ssd1306_bmp_show_image_with_offset
                0x10006c4a      0x15e pico-ssd1306/libpico_ssd1306.a(ssd1306.c.obj)
                0x10006c4a                ssd1306_bmp_show_image_with_offset
 .text.ssd1306_bmp_show_image
                0x10006da8       0x10 pico-ssd1306/libpico_ssd1306.a(ssd1306.c.obj)
                0x10006da8                ssd1306_bmp_show_image
 .text.ssd1306_show
                0x10006db8       0xbc pico-ssd1306/libpico_ssd1306.a(ssd1306.c.obj)
                0x10006db8                ssd1306_show
 .text.malloc   0x10006e74       0x14 c:/progra~1/raspbe~1/picosd~1.1/gcc-ar~1/bin/../lib/gcc/arm-none-eabi/10.3.1/../../../../arm-none-eabi/lib/thumb/v6-m/nofp\libg.a(lib_a-malloc.o)
                0x10006e74                malloc
 .text._malloc_r
                0x10006e88      0x584 c:/progra~1/raspbe~1/picosd~1.1/gcc-ar~1/bin/../lib/gcc/arm-none-eabi/10.3.1/../../../../arm-none-eabi/lib/thumb/v6-m/nofp\libg.a(lib_a-mallocr.o)
                0x10006e88                _malloc_r
 .text.__malloc_lock
                0x1000740c       0x10 c:/progra~1/raspbe~1/picosd~1.1/gcc-ar~1/bin/../lib/gcc/arm-none-eabi/10.3.1/../../../../arm-none-eabi/lib/thumb/v6-m/nofp\libg.a(lib_a-mlock.o)
                0x1000740c                __malloc_lock
 .text.__malloc_unlock
                0x1000741c       0x10 c:/progra~1/raspbe~1/picosd~1.1/gcc-ar~1/bin/../lib/gcc/arm-none-eabi/10.3.1/../../../../arm-none-eabi/lib/thumb/v6-m/nofp\libg.a(lib_a-mlock.o)
                0x1000741c                __malloc_unlock
 .text._sbrk_r  0x1000742c       0x24 c:/progra~1/raspbe~1/picosd~1.1/gcc-ar~1/bin/../lib/gcc/arm-none-eabi/10.3.1/../../../../arm-none-eabi/lib/thumb/v6-m/nofp\libg.a(lib_a-sbrkr.o)
                0x1000742c                _sbrk_r
 .text.strlen   0x10007450       0x5c c:/progra~1/raspbe~1/picosd~1.1/gcc-ar~1/bin/../lib/gcc/arm-none-eabi/10.3.1/../../../../arm-none-eabi/lib/thumb/v6-m/nofp\libg.a(lib_a-strlen-stub.o)
                0x10007450                strlen
 .text._malloc_trim_r
                0x100074ac       0x9c c:/progra~1/raspbe~1/picosd~1.1/gcc-ar~1/bin/../lib/gcc/arm-none-eabi/10.3.1/../../../../arm-none-eabi/lib/thumb/v6-m/nofp\libg.a(lib_a-freer.o)
                0x100074ac                _malloc_trim_r
 .text._free_r  0x10007548      0x1c4 c:/progra~1/raspbe~1/picosd~1.1/gcc-ar~1/bin/../lib/gcc/arm-none-eabi/10.3.1/../../../../arm-none-eabi/lib/thumb/v6-m/nofp\libg.a(lib_a-freer.o)
                0x10007548                _free_r
 .text.__retarget_lock_acquire_recursive
                0x1000770c        0x4 c:/progra~1/raspbe~1/picosd~1.1/gcc-ar~1/bin/../lib/gcc/arm-none-eabi/10.3.1/../../../../arm-none-eabi/lib/thumb/v6-m/nofp\libg.a(lib_a-lock.o)
                0x1000770c                __retarget_lock_acquire_recursive
 .text.__retarget_lock_release_recursive
                0x10007710        0x4 c:/progra~1/raspbe~1/picosd~1.1/gcc-ar~1/bin/../lib/gcc/arm-none-eabi/10.3.1/../../../../arm-none-eabi/lib/thumb/v6-m/nofp\libg.a(lib_a-lock.o)
                0x10007710                __retarget_lock_release_recursive
 *(.fini)
 .fini          0x10007714        0x4 c:/progra~1/raspbe~1/picosd~1.1/gcc-ar~1/bin/../lib/gcc/arm-none-eabi/10.3.1/thumb/v6-m/nofp/crti.o
                0x10007714                _fini
 .fini.__stub   0x10007718       0xb0 linker stubs
 *crtbegin.o(.ctors)
 *crtbegin?.o(.ctors)
 *(EXCLUDE_FILE(*crtend.o *crtend?.o) .ctors)
 *(SORT_BY_NAME(.ctors.*))
 *(.ctors)
 *crtbegin.o(.dtors)
 *crtbegin?.o(.dtors)
 *(EXCLUDE_FILE(*crtend.o *crtend?.o) .dtors)
 *(SORT_BY_NAME(.dtors.*))
 *(.dtors)
 *(.eh_frame*)
 .eh_frame      0x100077c8        0x0 c:/progra~1/raspbe~1/picosd~1.1/gcc-ar~1/bin/../lib/gcc/arm-none-eabi/10.3.1/thumb/v6-m/nofp/crtbegin.o
                0x100077c8                . = ALIGN (0x4)

.glue_7         0x100077c8        0x0
 .glue_7        0x100077c8        0x0 linker stubs

.glue_7t        0x100077c8        0x0
 .glue_7t       0x100077c8        0x0 linker stubs

.vfp11_veneer   0x100077c8        0x0
 .vfp11_veneer  0x100077c8        0x0 linker stubs

.v4_bx          0x100077c8        0x0
 .v4_bx         0x100077c8        0x0 linker stubs

.iplt           0x100077c8        0x0
 .iplt          0x100077c8        0x0 c:/progra~1/raspbe~1/picosd~1.1/gcc-ar~1/bin/../lib/gcc/arm-none-eabi/10.3.1/thumb/v6-m/nofp/crtbegin.o

.rodata         0x100077c8     0x2148
 *(EXCLUDE_FILE(*libm.a: *libc.a:*lib_a-mem*.o *libgcc.a:) .rodata*)
 .rodata.code2mod
                0x100077c8       0x1c CMakeFiles/picotkl.dir/keyboard.c.obj
 .rodata.encoder_task.str1.4
                0x100077e4       0x7d CMakeFiles/picotkl.dir/keyboard.c.obj
 *fill*         0x10007861        0x3 
 .rodata.__func__.0
                0x10007864       0x15 CMakeFiles/picotkl.dir/keyboard.c.obj
 *fill*         0x10007879        0x3 
 .rodata.keymap
                0x1000787c       0xc0 CMakeFiles/picotkl.dir/keyboard.c.obj
 .rodata.quadratureA_program
                0x1000793c        0x6 CMakeFiles/picotkl.dir/keyboard.c.obj
 *fill*         0x10007942        0x2 
 .rodata.quadratureA_program_instructions
                0x10007944       0x1c CMakeFiles/picotkl.dir/keyboard.c.obj
 .rodata.str1.4
                0x10007960       0x23 CMakeFiles/picotkl.dir/usb_descriptors.c.obj
 *fill*         0x10007983        0x1 
 .rodata.__compound_literal.0
                0x10007984        0x2 CMakeFiles/picotkl.dir/usb_descriptors.c.obj
 *fill*         0x10007986        0x2 
 .rodata.desc_configuration
                0x10007988       0x22 CMakeFiles/picotkl.dir/usb_descriptors.c.obj
                0x10007988                desc_configuration
 *fill*         0x100079aa        0x2 
 .rodata.desc_device
                0x100079ac       0x12 CMakeFiles/picotkl.dir/usb_descriptors.c.obj
                0x100079ac                desc_device
 *fill*         0x100079be        0x2 
 .rodata.desc_hid_report
                0x100079c0       0x5c CMakeFiles/picotkl.dir/usb_descriptors.c.obj
                0x100079c0                desc_hid_report
 .rodata.trigger_bongocat_tap.str1.4
                0x10007a1c       0x7d CMakeFiles/picotkl.dir/bongocat.c.obj
 .rodata.__func__.1
                0x10007a1c       0x15 CMakeFiles/picotkl.dir/bongocat.c.obj
 *fill*         0x10007a31        0x3 
 .rodata.bongocat_idle
                0x10007a34      0x23e CMakeFiles/picotkl.dir/bongocat.c.obj
                0x10007a34                bongocat_idle
 *fill*         0x10007c72        0x2 
 .rodata.bongocat_left_tap
                0x10007c74      0x282 CMakeFiles/picotkl.dir/bongocat.c.obj
                0x10007c74                bongocat_left_tap
 *fill*         0x10007ef6        0x2 
 .rodata.bongocat_right_tap
                0x10007ef8      0x282 CMakeFiles/picotkl.dir/bongocat.c.obj
                0x10007ef8                bongocat_right_tap
 *fill*         0x1000817a        0x2 
 .rodata.bongocat_up
                0x1000817c      0x282 CMakeFiles/picotkl.dir/bongocat.c.obj
                0x1000817c                bongocat_up
 *fill*         0x100083fe        0x2 
 .rodata.spin_lock_claim_unused.str1.4
                0x10008400       0x1b CMakeFiles/picotkl.dir/C_/Program_Files/Raspberry_Pi/Pico_SDK_v1.5.1/pico-sdk/src/rp2_common/hardware_sync/sync.c.obj
 *fill*         0x1000841b        0x1 
 .rodata.make_branch.str1.4
                0x1000841c       0x89 CMakeFiles/picotkl.dir/C_/Program_Files/Raspberry_Pi/Pico_SDK_v1.5.1/pico-sdk/src/rp2_common/hardware_irq/irq.c.obj
 *fill*         0x100084a5        0x3 
 .rodata.insert_branch_and_link.str1.4
                0x100084a8       0x10 CMakeFiles/picotkl.dir/C_/Program_Files/Raspberry_Pi/Pico_SDK_v1.5.1/pico-sdk/src/rp2_common/hardware_irq/irq.c.obj
 .rodata.irq_set_exclusive_handler.str1.4
                0x100084b8       0x36 CMakeFiles/picotkl.dir/C_/Program_Files/Raspberry_Pi/Pico_SDK_v1.5.1/pico-sdk/src/rp2_common/hardware_irq/irq.c.obj
 *fill*         0x100084ee        0x2 
 .rodata.irq_add_shared_handler.str1.4
                0x100084f0       0xd9 CMakeFiles/picotkl.dir/C_/Program_Files/Raspberry_Pi/Pico_SDK_v1.5.1/pico-sdk/src/rp2_common/hardware_irq/irq.c.obj
 *fill*         0x100085c9        0x3 
 .rodata.irq_remove_handler.str1.4
                0x100085cc       0x3a CMakeFiles/picotkl.dir/C_/Program_Files/Raspberry_Pi/Pico_SDK_v1.5.1/pico-sdk/src/rp2_common/hardware_irq/irq.c.obj
 *fill*         0x10008606        0x2 
 .rodata.irq_add_tail_to_free_list.str1.4
                0x10008608       0x3a CMakeFiles/picotkl.dir/C_/Program_Files/Raspberry_Pi/Pico_SDK_v1.5.1/pico-sdk/src/rp2_common/hardware_irq/irq.c.obj
 *fill*         0x10008642        0x2 
 .rodata.__func__.0
                0x10008644       0x1a CMakeFiles/picotkl.dir/C_/Program_Files/Raspberry_Pi/Pico_SDK_v1.5.1/pico-sdk/src/rp2_common/hardware_irq/irq.c.obj
 *fill*         0x1000865e        0x2 
 .rodata.__func__.1
                0x10008660       0x17 CMakeFiles/picotkl.dir/C_/Program_Files/Raspberry_Pi/Pico_SDK_v1.5.1/pico-sdk/src/rp2_common/hardware_irq/irq.c.obj
 *fill*         0x10008677        0x1 
 .rodata.__func__.2
                0x10008678       0x13 CMakeFiles/picotkl.dir/C_/Program_Files/Raspberry_Pi/Pico_SDK_v1.5.1/pico-sdk/src/rp2_common/hardware_irq/irq.c.obj
 *fill*         0x1000868b        0x1 
 .rodata.__func__.3
                0x1000868c        0xc CMakeFiles/picotkl.dir/C_/Program_Files/Raspberry_Pi/Pico_SDK_v1.5.1/pico-sdk/src/rp2_common/hardware_irq/irq.c.obj
 .rodata.__func__.4
                0x10008698        0xf CMakeFiles/picotkl.dir/C_/Program_Files/Raspberry_Pi/Pico_SDK_v1.5.1/pico-sdk/src/rp2_common/hardware_irq/irq.c.obj
 *fill*         0x100086a7        0x1 
 .rodata.__func__.5
                0x100086a8       0x17 CMakeFiles/picotkl.dir/C_/Program_Files/Raspberry_Pi/Pico_SDK_v1.5.1/pico-sdk/src/rp2_common/hardware_irq/irq.c.obj
 *fill*         0x100086bf        0x1 
 .rodata.__func__.6
                0x100086c0       0x1a CMakeFiles/picotkl.dir/C_/Program_Files/Raspberry_Pi/Pico_SDK_v1.5.1/pico-sdk/src/rp2_common/hardware_irq/irq.c.obj
 *fill*         0x100086da        0x2 
 .rodata.str1.4
                0x100086dc       0xa5 CMakeFiles/picotkl.dir/C_/Program_Files/Raspberry_Pi/Pico_SDK_v1.5.1/pico-sdk/src/common/pico_sync/mutex.c.obj
                                0x125 (size before relaxing)
 *fill*         0x10008781        0x3 
 .rodata.__func__.1
                0x10008784        0xb CMakeFiles/picotkl.dir/C_/Program_Files/Raspberry_Pi/Pico_SDK_v1.5.1/pico-sdk/src/common/pico_sync/mutex.c.obj
 *fill*         0x1000878f        0x1 
 .rodata.__func__.3
                0x10008790       0x18 CMakeFiles/picotkl.dir/C_/Program_Files/Raspberry_Pi/Pico_SDK_v1.5.1/pico-sdk/src/common/pico_sync/mutex.c.obj
 .rodata.__func__.4
                0x100087a8       0x15 CMakeFiles/picotkl.dir/C_/Program_Files/Raspberry_Pi/Pico_SDK_v1.5.1/pico-sdk/src/common/pico_sync/mutex.c.obj
 *fill*         0x100087bd        0x3 
 .rodata.repeating_timer_callback.str1.4
                0x100087c0       0x67 CMakeFiles/picotkl.dir/C_/Program_Files/Raspberry_Pi/Pico_SDK_v1.5.1/pico-sdk/src/common/pico_time/time.c.obj
 *fill*         0x10008827        0x1 
 .rodata.timer_pool_entry_comparator.str1.4
                0x10008828       0x22 CMakeFiles/picotkl.dir/C_/Program_Files/Raspberry_Pi/Pico_SDK_v1.5.1/pico-sdk/src/common/pico_time/time.c.obj
 *fill*         0x1000884a        0x2 
 .rodata.ph_add_child_node.str1.4
                0x1000884c       0xb2 CMakeFiles/picotkl.dir/C_/Program_Files/Raspberry_Pi/Pico_SDK_v1.5.1/pico-sdk/src/common/pico_time/time.c.obj
 *fill*         0x100088fe        0x2 
 .rodata.add_alarm_under_lock.str1.4
                0x10008900       0x28 CMakeFiles/picotkl.dir/C_/Program_Files/Raspberry_Pi/Pico_SDK_v1.5.1/pico-sdk/src/common/pico_time/time.c.obj
                                 0x2b (size before relaxing)
 .rodata.alarm_pool_alarm_callback.str1.4
                0x10008928       0x98 CMakeFiles/picotkl.dir/C_/Program_Files/Raspberry_Pi/Pico_SDK_v1.5.1/pico-sdk/src/common/pico_time/time.c.obj
                                0x118 (size before relaxing)
 .rodata.alarm_pool_get_default.str1.4
                0x100089c0       0x21 CMakeFiles/picotkl.dir/C_/Program_Files/Raspberry_Pi/Pico_SDK_v1.5.1/pico-sdk/src/common/pico_time/time.c.obj
 *fill*         0x100089e1        0x3 
 .rodata.alarm_pool_cancel_alarm.str1.4
                0x100089e4       0x27 CMakeFiles/picotkl.dir/C_/Program_Files/Raspberry_Pi/Pico_SDK_v1.5.1/pico-sdk/src/common/pico_time/time.c.obj
 *fill*         0x10008a0b        0x1 
 .rodata.sleep_until.str1.4
                0x10008a0c       0x4d CMakeFiles/picotkl.dir/C_/Program_Files/Raspberry_Pi/Pico_SDK_v1.5.1/pico-sdk/src/common/pico_time/time.c.obj
 *fill*         0x10008a59        0x3 
 .rodata.__func__.1
                0x10008a5c       0x18 CMakeFiles/picotkl.dir/C_/Program_Files/Raspberry_Pi/Pico_SDK_v1.5.1/pico-sdk/src/common/pico_time/time.c.obj
 .rodata.__func__.10
                0x10008a74       0x15 CMakeFiles/picotkl.dir/C_/Program_Files/Raspberry_Pi/Pico_SDK_v1.5.1/pico-sdk/src/common/pico_time/time.c.obj
 *fill*         0x10008a89        0x3 
 .rodata.__func__.11
                0x10008a8c       0x1a CMakeFiles/picotkl.dir/C_/Program_Files/Raspberry_Pi/Pico_SDK_v1.5.1/pico-sdk/src/common/pico_time/time.c.obj
 *fill*         0x10008aa6        0x2 
 .rodata.__func__.12
                0x10008aa8        0xa CMakeFiles/picotkl.dir/C_/Program_Files/Raspberry_Pi/Pico_SDK_v1.5.1/pico-sdk/src/common/pico_time/time.c.obj
 *fill*         0x10008ab2        0x2 
 .rodata.__func__.3
                0x10008ab4       0x17 CMakeFiles/picotkl.dir/C_/Program_Files/Raspberry_Pi/Pico_SDK_v1.5.1/pico-sdk/src/common/pico_time/time.c.obj
 *fill*         0x10008acb        0x1 
 .rodata.__func__.4
                0x10008acc       0x12 CMakeFiles/picotkl.dir/C_/Program_Files/Raspberry_Pi/Pico_SDK_v1.5.1/pico-sdk/src/common/pico_time/time.c.obj
 *fill*         0x10008ade        0x2 
 .rodata.__func__.5
                0x10008ae0        0xd CMakeFiles/picotkl.dir/C_/Program_Files/Raspberry_Pi/Pico_SDK_v1.5.1/pico-sdk/src/common/pico_time/time.c.obj
 *fill*         0x10008aed        0x3 
 .rodata.__func__.6
                0x10008af0       0x12 CMakeFiles/picotkl.dir/C_/Program_Files/Raspberry_Pi/Pico_SDK_v1.5.1/pico-sdk/src/common/pico_time/time.c.obj
 *fill*         0x10008b02        0x2 
 .rodata.__func__.7
                0x10008b04        0xf CMakeFiles/picotkl.dir/C_/Program_Files/Raspberry_Pi/Pico_SDK_v1.5.1/pico-sdk/src/common/pico_time/time.c.obj
 *fill*         0x10008b13        0x1 
 .rodata.__func__.8
                0x10008b14        0xc CMakeFiles/picotkl.dir/C_/Program_Files/Raspberry_Pi/Pico_SDK_v1.5.1/pico-sdk/src/common/pico_time/time.c.obj
 .rodata.__func__.9
                0x10008b20       0x15 CMakeFiles/picotkl.dir/C_/Program_Files/Raspberry_Pi/Pico_SDK_v1.5.1/pico-sdk/src/common/pico_time/time.c.obj
 *fill*         0x10008b35        0x3 
 .rodata.hardware_alarm_claim.str1.4
                0x10008b38       0x22 CMakeFiles/picotkl.dir/C_/Program_Files/Raspberry_Pi/Pico_SDK_v1.5.1/pico-sdk/src/rp2_common/hardware_timer/timer.c.obj
 *fill*         0x10008b5a        0x2 
 .rodata.hardware_alarm_set_target.str1.4
                0x10008b5c       0x81 CMakeFiles/picotkl.dir/C_/Program_Files/Raspberry_Pi/Pico_SDK_v1.5.1/pico-sdk/src/rp2_common/hardware_timer/timer.c.obj
 *fill*         0x10008bdd        0x3 
 .rodata.__func__.0
                0x10008be0       0x1a CMakeFiles/picotkl.dir/C_/Program_Files/Raspberry_Pi/Pico_SDK_v1.5.1/pico-sdk/src/rp2_common/hardware_timer/timer.c.obj
 .rodata.ph_add_child_node.str1.4
                0x10008bfa       0xb2 CMakeFiles/picotkl.dir/C_/Program_Files/Raspberry_Pi/Pico_SDK_v1.5.1/pico-sdk/src/common/pico_util/pheap.c.obj
 *fill*         0x10008bfa        0x2 
 .rodata.ph_remove_any_head.str1.4
                0x10008bfc       0xa8 CMakeFiles/picotkl.dir/C_/Program_Files/Raspberry_Pi/Pico_SDK_v1.5.1/pico-sdk/src/common/pico_util/pheap.c.obj
                                 0xbc (size before relaxing)
 .rodata.ph_remove_and_free_node.str1.4
                0x10008ca4       0x1e CMakeFiles/picotkl.dir/C_/Program_Files/Raspberry_Pi/Pico_SDK_v1.5.1/pico-sdk/src/common/pico_util/pheap.c.obj
                                 0x26 (size before relaxing)
 *fill*         0x10008cc2        0x2 
 .rodata.__func__.0
                0x10008cc4       0x18 CMakeFiles/picotkl.dir/C_/Program_Files/Raspberry_Pi/Pico_SDK_v1.5.1/pico-sdk/src/common/pico_util/pheap.c.obj
 .rodata.__func__.1
                0x10008cdc       0x13 CMakeFiles/picotkl.dir/C_/Program_Files/Raspberry_Pi/Pico_SDK_v1.5.1/pico-sdk/src/common/pico_util/pheap.c.obj
 *fill*         0x10008cef        0x1 
 .rodata.__func__.2
                0x10008cf0       0x12 CMakeFiles/picotkl.dir/C_/Program_Files/Raspberry_Pi/Pico_SDK_v1.5.1/pico-sdk/src/common/pico_util/pheap.c.obj
 *fill*         0x10008d02        0x2 
 .rodata.__func__.3
                0x10008d04        0xc CMakeFiles/picotkl.dir/C_/Program_Files/Raspberry_Pi/Pico_SDK_v1.5.1/pico-sdk/src/common/pico_util/pheap.c.obj
 .rodata.clock_configure.str1.4
                0x10008d10       0x73 CMakeFiles/picotkl.dir/C_/Program_Files/Raspberry_Pi/Pico_SDK_v1.5.1/pico-sdk/src/rp2_common/hardware_clocks/clocks.c.obj
 *fill*         0x10008d83        0x1 
 .rodata.__func__.1
                0x10008d84       0x10 CMakeFiles/picotkl.dir/C_/Program_Files/Raspberry_Pi/Pico_SDK_v1.5.1/pico-sdk/src/rp2_common/hardware_clocks/clocks.c.obj
 .rodata.pll_init.str1.4
                0x10008d94      0x140 CMakeFiles/picotkl.dir/C_/Program_Files/Raspberry_Pi/Pico_SDK_v1.5.1/pico-sdk/src/rp2_common/hardware_pll/pll.c.obj
 .rodata.__func__.0
                0x10008ed4        0x9 CMakeFiles/picotkl.dir/C_/Program_Files/Raspberry_Pi/Pico_SDK_v1.5.1/pico-sdk/src/rp2_common/hardware_pll/pll.c.obj
 *fill*         0x10008edd        0x3 
 .rodata.__assert_func.str1.4
                0x10008ee0       0x3f CMakeFiles/picotkl.dir/C_/Program_Files/Raspberry_Pi/Pico_SDK_v1.5.1/pico-sdk/src/rp2_common/pico_runtime/runtime.c.obj
                                 0x43 (size before relaxing)
 *fill*         0x10008f1f        0x1 
 .rodata.runtime_init.str1.4
                0x10008f20       0x7d CMakeFiles/picotkl.dir/C_/Program_Files/Raspberry_Pi/Pico_SDK_v1.5.1/pico-sdk/src/rp2_common/pico_runtime/runtime.c.obj
 *fill*         0x10008f9d        0x3 
 .rodata.panic.str1.4
                0x10008fa0       0x12 CMakeFiles/picotkl.dir/C_/Program_Files/Raspberry_Pi/Pico_SDK_v1.5.1/pico-sdk/src/rp2_common/pico_runtime/runtime.c.obj
 *fill*         0x10008fb2        0x2 
 .rodata.__func__.2
                0x10008fb4        0xd CMakeFiles/picotkl.dir/C_/Program_Files/Raspberry_Pi/Pico_SDK_v1.5.1/pico-sdk/src/rp2_common/pico_runtime/runtime.c.obj
 *fill*         0x10008fc1        0x3 
 .rodata._ftoa.str1.4
                0x10008fc4       0x15 CMakeFiles/picotkl.dir/C_/Program_Files/Raspberry_Pi/Pico_SDK_v1.5.1/pico-sdk/src/rp2_common/pico_printf/printf.c.obj
 *fill*         0x10008fd9        0x3 
 .rodata._vsnprintf
                0x10008fdc      0x1e0 CMakeFiles/picotkl.dir/C_/Program_Files/Raspberry_Pi/Pico_SDK_v1.5.1/pico-sdk/src/rp2_common/pico_printf/printf.c.obj
 *fill*         0x100091bc        0x4 
 .rodata.pow10.0
                0x100091c0       0x50 CMakeFiles/picotkl.dir/C_/Program_Files/Raspberry_Pi/Pico_SDK_v1.5.1/pico-sdk/src/rp2_common/pico_printf/printf.c.obj
 .rodata.__aeabi_double_init.str1.4
                0x10009210       0xb8 CMakeFiles/picotkl.dir/C_/Program_Files/Raspberry_Pi/Pico_SDK_v1.5.1/pico-sdk/src/rp2_common/pico_double/double_init_rom.c.obj
 .rodata.__func__.0
                0x100092c8       0x14 CMakeFiles/picotkl.dir/C_/Program_Files/Raspberry_Pi/Pico_SDK_v1.5.1/pico-sdk/src/rp2_common/pico_double/double_init_rom.c.obj
 .rodata.__aeabi_float_init.str1.4
                0x100092dc       0x96 CMakeFiles/picotkl.dir/C_/Program_Files/Raspberry_Pi/Pico_SDK_v1.5.1/pico-sdk/src/rp2_common/pico_float/float_init_rom.c.obj
                                 0x9a (size before relaxing)
 *fill*         0x10009372        0x2 
 .rodata.__func__.0
                0x10009374       0x13 CMakeFiles/picotkl.dir/C_/Program_Files/Raspberry_Pi/Pico_SDK_v1.5.1/pico-sdk/src/rp2_common/pico_float/float_init_rom.c.obj
 *fill*         0x10009387        0x1 
 .rodata.__wrap_malloc.str1.4
                0x10009388        0xe CMakeFiles/picotkl.dir/C_/Program_Files/Raspberry_Pi/Pico_SDK_v1.5.1/pico-sdk/src/rp2_common/pico_malloc/pico_malloc.c.obj
 *fill*         0x10009396        0x2 
 .rodata.str1.4
                0x10009398       0x3c CMakeFiles/picotkl.dir/C_/Program_Files/Raspberry_Pi/Pico_SDK_v1.5.1/pico-sdk/src/rp2_common/pico_standard_link/binary_info.c.obj
 .rodata.__bi_44
                0x100093d4        0xc CMakeFiles/picotkl.dir/C_/Program_Files/Raspberry_Pi/Pico_SDK_v1.5.1/pico-sdk/src/rp2_common/pico_standard_link/binary_info.c.obj
 .rodata.__bi_75
                0x100093e0        0xc CMakeFiles/picotkl.dir/C_/Program_Files/Raspberry_Pi/Pico_SDK_v1.5.1/pico-sdk/src/rp2_common/pico_standard_link/binary_info.c.obj
 .rodata.__bi_81
                0x100093ec        0xc CMakeFiles/picotkl.dir/C_/Program_Files/Raspberry_Pi/Pico_SDK_v1.5.1/pico-sdk/src/rp2_common/pico_standard_link/binary_info.c.obj
 .rodata.stdout_serialize_begin.str1.4
                0x100093f8       0x7d CMakeFiles/picotkl.dir/C_/Program_Files/Raspberry_Pi/Pico_SDK_v1.5.1/pico-sdk/src/rp2_common/pico_stdio/stdio.c.obj
 .rodata.__func__.3
                0x100093f8       0x15 CMakeFiles/picotkl.dir/C_/Program_Files/Raspberry_Pi/Pico_SDK_v1.5.1/pico-sdk/src/rp2_common/pico_stdio/stdio.c.obj
 *fill*         0x1000940d        0x3 
 .rodata.crlf_str.2
                0x10009410        0x2 CMakeFiles/picotkl.dir/C_/Program_Files/Raspberry_Pi/Pico_SDK_v1.5.1/pico-sdk/src/rp2_common/pico_stdio/stdio.c.obj
 *fill*         0x10009412        0x2 
 .rodata._hw_endpoint_alloc.str1.4
                0x10009414       0xd1 CMakeFiles/picotkl.dir/C_/Program_Files/Raspberry_Pi/Pico_SDK_v1.5.1/pico-sdk/lib/tinyusb/src/portable/raspberrypi/rp2040/dcd_rp2040.c.obj
 *fill*         0x100094e5        0x3 
 .rodata.str1.4
                0x100094e8       0x14 CMakeFiles/picotkl.dir/C_/Program_Files/Raspberry_Pi/Pico_SDK_v1.5.1/pico-sdk/lib/tinyusb/src/portable/raspberrypi/rp2040/dcd_rp2040.c.obj
 .rodata.dcd_int_enable.str1.4
                0x100094fc        0xc CMakeFiles/picotkl.dir/C_/Program_Files/Raspberry_Pi/Pico_SDK_v1.5.1/pico-sdk/lib/tinyusb/src/portable/raspberrypi/rp2040/dcd_rp2040.c.obj
 .rodata.__func__.0
                0x10009508        0xe CMakeFiles/picotkl.dir/C_/Program_Files/Raspberry_Pi/Pico_SDK_v1.5.1/pico-sdk/lib/tinyusb/src/portable/raspberrypi/rp2040/dcd_rp2040.c.obj
 *fill*         0x10009516        0x2 
 .rodata.__func__.1
                0x10009518        0xe CMakeFiles/picotkl.dir/C_/Program_Files/Raspberry_Pi/Pico_SDK_v1.5.1/pico-sdk/lib/tinyusb/src/portable/raspberrypi/rp2040/dcd_rp2040.c.obj
 *fill*         0x10009526        0x2 
 .rodata.__func__.3
                0x10009528       0x10 CMakeFiles/picotkl.dir/C_/Program_Files/Raspberry_Pi/Pico_SDK_v1.5.1/pico-sdk/lib/tinyusb/src/portable/raspberrypi/rp2040/dcd_rp2040.c.obj
 .rodata.__func__.5
                0x10009538        0xf CMakeFiles/picotkl.dir/C_/Program_Files/Raspberry_Pi/Pico_SDK_v1.5.1/pico-sdk/lib/tinyusb/src/portable/raspberrypi/rp2040/dcd_rp2040.c.obj
 *fill*         0x10009547        0x1 
 .rodata.__func__.6
                0x10009548       0x13 CMakeFiles/picotkl.dir/C_/Program_Files/Raspberry_Pi/Pico_SDK_v1.5.1/pico-sdk/lib/tinyusb/src/portable/raspberrypi/rp2040/dcd_rp2040.c.obj
 *fill*         0x1000955b        0x1 
 .rodata.__func__.7
                0x1000955c        0x9 CMakeFiles/picotkl.dir/C_/Program_Files/Raspberry_Pi/Pico_SDK_v1.5.1/pico-sdk/lib/tinyusb/src/portable/raspberrypi/rp2040/dcd_rp2040.c.obj
 *fill*         0x10009565        0x3 
 .rodata.str1.4
                0x10009568      0x103 CMakeFiles/picotkl.dir/C_/Program_Files/Raspberry_Pi/Pico_SDK_v1.5.1/pico-sdk/lib/tinyusb/src/portable/raspberrypi/rp2040/rp2040_usb.c.obj
 *fill*         0x1000966b        0x1 
 .rodata.__func__.0
                0x1000966c        0xf CMakeFiles/picotkl.dir/C_/Program_Files/Raspberry_Pi/Pico_SDK_v1.5.1/pico-sdk/lib/tinyusb/src/portable/raspberrypi/rp2040/rp2040_usb.c.obj
 *fill*         0x1000967b        0x1 
 .rodata.process_get_descriptor
                0x1000967c       0x40 CMakeFiles/picotkl.dir/C_/Program_Files/Raspberry_Pi/Pico_SDK_v1.5.1/pico-sdk/lib/tinyusb/src/device/usbd.c.obj
 .rodata.process_control_request
                0x100096bc       0x28 CMakeFiles/picotkl.dir/C_/Program_Files/Raspberry_Pi/Pico_SDK_v1.5.1/pico-sdk/lib/tinyusb/src/device/usbd.c.obj
 .rodata.tud_task_ext
                0x100096e4       0x24 CMakeFiles/picotkl.dir/C_/Program_Files/Raspberry_Pi/Pico_SDK_v1.5.1/pico-sdk/lib/tinyusb/src/device/usbd.c.obj
 .rodata._usbd_driver
                0x10009708       0x18 CMakeFiles/picotkl.dir/C_/Program_Files/Raspberry_Pi/Pico_SDK_v1.5.1/pico-sdk/lib/tinyusb/src/device/usbd.c.obj
 .rodata.hidd_control_xfer_cb
                0x10009720       0x30 CMakeFiles/picotkl.dir/C_/Program_Files/Raspberry_Pi/Pico_SDK_v1.5.1/pico-sdk/lib/tinyusb/src/class/hid/hid_device.c.obj
 .rodata.i2c_set_baudrate.str1.4
                0x10009750       0x79 CMakeFiles/picotkl.dir/C_/Program_Files/Raspberry_Pi/Pico_SDK_v1.5.1/pico-sdk/src/rp2_common/hardware_i2c/i2c.c.obj
 *fill*         0x100097c9        0x3 
 .rodata.__func__.0
                0x100097cc       0x11 CMakeFiles/picotkl.dir/C_/Program_Files/Raspberry_Pi/Pico_SDK_v1.5.1/pico-sdk/src/rp2_common/hardware_i2c/i2c.c.obj
 *fill*         0x100097dd        0x3 
 .rodata._pio_find_offset_for_program.str1.4
                0x100097e0       0x85 CMakeFiles/picotkl.dir/C_/Program_Files/Raspberry_Pi/Pico_SDK_v1.5.1/pico-sdk/src/rp2_common/hardware_pio/pio.c.obj
 *fill*         0x10009865        0x3 
 .rodata._pio_add_program_at_offset.str1.4
                0x10009868       0x11 CMakeFiles/picotkl.dir/C_/Program_Files/Raspberry_Pi/Pico_SDK_v1.5.1/pico-sdk/src/rp2_common/hardware_pio/pio.c.obj
 *fill*         0x10009879        0x3 
 .rodata.pio_claim_unused_sm.str1.4
                0x1000987c       0x24 CMakeFiles/picotkl.dir/C_/Program_Files/Raspberry_Pi/Pico_SDK_v1.5.1/pico-sdk/src/rp2_common/hardware_pio/pio.c.obj
 .rodata.__func__.1
                0x100098a0       0x1d CMakeFiles/picotkl.dir/C_/Program_Files/Raspberry_Pi/Pico_SDK_v1.5.1/pico-sdk/src/rp2_common/hardware_pio/pio.c.obj
 *fill*         0x100098bd        0x3 
 .rodata.ssd1306_init.str1.4
                0x100098c0       0x3f pico-ssd1306/libpico_ssd1306.a(ssd1306.c.obj)
 *fill*         0x100098ff        0x1 
 .rodata.ssd1306_show.str1.4
                0x10009900        0xd pico-ssd1306/libpico_ssd1306.a(ssd1306.c.obj)
                0x10009910                . = ALIGN (0x4)
 *fill*         0x1000990d        0x3 
 *(SORT_BY_ALIGNMENT(SORT_BY_NAME(.flashdata*)))
                0x10009910                . = ALIGN (0x4)

.ARM.extab
 *(.ARM.extab* .gnu.linkonce.armextab.*)
                0x10009910                __exidx_start = .

.ARM.exidx
 *(.ARM.exidx* .gnu.linkonce.armexidx.*)
                0x10009910                __exidx_end = .
                0x10009910                . = ALIGN (0x4)
                0x10009910                __binary_info_start = .

.binary_info    0x10009910       0x1c
 *(.binary_info.keep.*)
 .binary_info.keep.__bi_ptr22
                0x10009910        0x4 CMakeFiles/picotkl.dir/C_/Program_Files/Raspberry_Pi/Pico_SDK_v1.5.1/pico-sdk/src/rp2_common/pico_standard_link/binary_info.c.obj
 .binary_info.keep.__bi_ptr30
                0x10009914        0x4 CMakeFiles/picotkl.dir/C_/Program_Files/Raspberry_Pi/Pico_SDK_v1.5.1/pico-sdk/src/rp2_common/pico_standard_link/binary_info.c.obj
 .binary_info.keep.__bi_ptr38
                0x10009918        0x4 CMakeFiles/picotkl.dir/C_/Program_Files/Raspberry_Pi/Pico_SDK_v1.5.1/pico-sdk/src/rp2_common/pico_standard_link/binary_info.c.obj
 .binary_info.keep.__bi_ptr44
                0x1000991c        0x4 CMakeFiles/picotkl.dir/C_/Program_Files/Raspberry_Pi/Pico_SDK_v1.5.1/pico-sdk/src/rp2_common/pico_standard_link/binary_info.c.obj
 .binary_info.keep.__bi_ptr50
                0x10009920        0x4 CMakeFiles/picotkl.dir/C_/Program_Files/Raspberry_Pi/Pico_SDK_v1.5.1/pico-sdk/src/rp2_common/pico_standard_link/binary_info.c.obj
 .binary_info.keep.__bi_ptr75
                0x10009924        0x4 CMakeFiles/picotkl.dir/C_/Program_Files/Raspberry_Pi/Pico_SDK_v1.5.1/pico-sdk/src/rp2_common/pico_standard_link/binary_info.c.obj
 .binary_info.keep.__bi_ptr81
                0x10009928        0x4 CMakeFiles/picotkl.dir/C_/Program_Files/Raspberry_Pi/Pico_SDK_v1.5.1/pico-sdk/src/rp2_common/pico_standard_link/binary_info.c.obj
 *(.binary_info.*)
                0x1000992c                __binary_info_end = .

.rel.dyn        0x1000992c        0x0
 .rel.iplt      0x1000992c        0x0 c:/progra~1/raspbe~1/picosd~1.1/gcc-ar~1/bin/../lib/gcc/arm-none-eabi/10.3.1/thumb/v6-m/nofp/crtbegin.o
                0x1000992c                . = ALIGN (0x4)

.ram_vector_table
                0x20000000       0xc0
 *(.ram_vector_table)
 .ram_vector_table
                0x20000000       0xc0 CMakeFiles/picotkl.dir/C_/Program_Files/Raspberry_Pi/Pico_SDK_v1.5.1/pico-sdk/src/rp2_common/pico_runtime/runtime.c.obj
                0x20000000                ram_vector_table

.data           0x200000c0     0x133c load address 0x1000992c
                0x200000c0                __data_start__ = .
 *(vtable)
 *(.time_critical*)
 .time_critical.mutex_try_enter
                0x200000c0       0x46 CMakeFiles/picotkl.dir/C_/Program_Files/Raspberry_Pi/Pico_SDK_v1.5.1/pico-sdk/src/common/pico_sync/mutex.c.obj
                0x200000c0                mutex_try_enter
 *fill*         0x20000106        0x2 
 .time_critical.mutex_enter_block_until
                0x20000108       0x8c CMakeFiles/picotkl.dir/C_/Program_Files/Raspberry_Pi/Pico_SDK_v1.5.1/pico-sdk/src/common/pico_sync/mutex.c.obj
                0x20000108                mutex_enter_block_until
 .time_critical.mutex_try_enter_block_until
                0x20000194       0x34 CMakeFiles/picotkl.dir/C_/Program_Files/Raspberry_Pi/Pico_SDK_v1.5.1/pico-sdk/src/common/pico_sync/mutex.c.obj
                0x20000194                mutex_try_enter_block_until
 .time_critical.mutex_enter_timeout_ms
                0x200001c8       0x68 CMakeFiles/picotkl.dir/C_/Program_Files/Raspberry_Pi/Pico_SDK_v1.5.1/pico-sdk/src/common/pico_sync/mutex.c.obj
                0x200001c8                mutex_enter_timeout_ms
 .time_critical.mutex_exit
                0x20000230       0x4c CMakeFiles/picotkl.dir/C_/Program_Files/Raspberry_Pi/Pico_SDK_v1.5.1/pico-sdk/src/common/pico_sync/mutex.c.obj
                0x20000230                mutex_exit
 .time_critical.reset_non_control_endpoints
                0x2000027c       0x40 CMakeFiles/picotkl.dir/C_/Program_Files/Raspberry_Pi/Pico_SDK_v1.5.1/pico-sdk/lib/tinyusb/src/portable/raspberrypi/rp2040/dcd_rp2040.c.obj
 .time_critical.hw_handle_buff_status
                0x200002bc       0xa4 CMakeFiles/picotkl.dir/C_/Program_Files/Raspberry_Pi/Pico_SDK_v1.5.1/pico-sdk/lib/tinyusb/src/portable/raspberrypi/rp2040/dcd_rp2040.c.obj
 .time_critical.dcd_rp2040_irq
                0x20000360      0x1cc CMakeFiles/picotkl.dir/C_/Program_Files/Raspberry_Pi/Pico_SDK_v1.5.1/pico-sdk/lib/tinyusb/src/portable/raspberrypi/rp2040/dcd_rp2040.c.obj
 .time_critical.e15_is_bulkin_ep
                0x2000052c       0x2c CMakeFiles/picotkl.dir/C_/Program_Files/Raspberry_Pi/Pico_SDK_v1.5.1/pico-sdk/lib/tinyusb/src/portable/raspberrypi/rp2040/rp2040_usb.c.obj
 .time_critical.e15_is_critical_frame_period
                0x20000558       0x30 CMakeFiles/picotkl.dir/C_/Program_Files/Raspberry_Pi/Pico_SDK_v1.5.1/pico-sdk/lib/tinyusb/src/portable/raspberrypi/rp2040/rp2040_usb.c.obj
 .time_critical.prepare_ep_buffer
                0x20000588       0x70 CMakeFiles/picotkl.dir/C_/Program_Files/Raspberry_Pi/Pico_SDK_v1.5.1/pico-sdk/lib/tinyusb/src/portable/raspberrypi/rp2040/rp2040_usb.c.obj
 .time_critical.sync_ep_buffer
                0x200005f8       0x80 CMakeFiles/picotkl.dir/C_/Program_Files/Raspberry_Pi/Pico_SDK_v1.5.1/pico-sdk/lib/tinyusb/src/portable/raspberrypi/rp2040/rp2040_usb.c.obj
 .time_critical._hw_endpoint_xfer_sync
                0x20000678       0x28 CMakeFiles/picotkl.dir/C_/Program_Files/Raspberry_Pi/Pico_SDK_v1.5.1/pico-sdk/lib/tinyusb/src/portable/raspberrypi/rp2040/rp2040_usb.c.obj
 .time_critical.hw_endpoint_reset_transfer
                0x200006a0        0xc CMakeFiles/picotkl.dir/C_/Program_Files/Raspberry_Pi/Pico_SDK_v1.5.1/pico-sdk/lib/tinyusb/src/portable/raspberrypi/rp2040/rp2040_usb.c.obj
                0x200006a0                hw_endpoint_reset_transfer
 .time_critical._hw_endpoint_buffer_control_update32
                0x200006ac       0x58 CMakeFiles/picotkl.dir/C_/Program_Files/Raspberry_Pi/Pico_SDK_v1.5.1/pico-sdk/lib/tinyusb/src/portable/raspberrypi/rp2040/rp2040_usb.c.obj
                0x200006ac                _hw_endpoint_buffer_control_update32
 .time_critical.hw_endpoint_start_next_buffer
                0x20000704       0x88 CMakeFiles/picotkl.dir/C_/Program_Files/Raspberry_Pi/Pico_SDK_v1.5.1/pico-sdk/lib/tinyusb/src/portable/raspberrypi/rp2040/rp2040_usb.c.obj
                0x20000704                hw_endpoint_start_next_buffer
 .time_critical.hw_endpoint_xfer_continue
                0x2000078c       0x50 CMakeFiles/picotkl.dir/C_/Program_Files/Raspberry_Pi/Pico_SDK_v1.5.1/pico-sdk/lib/tinyusb/src/portable/raspberrypi/rp2040/rp2040_usb.c.obj
                0x2000078c                hw_endpoint_xfer_continue
 .time_critical.tinyusb
                0x200007dc      0x200 CMakeFiles/picotkl.dir/C_/Program_Files/Raspberry_Pi/Pico_SDK_v1.5.1/pico-sdk/lib/tinyusb/src/device/usbd.c.obj
                0x200007dc                dcd_event_handler
 *(.text*)
 .text          0x200009dc        0x4 c:/progra~1/raspbe~1/picosd~1.1/gcc-ar~1/bin/../lib/gcc/arm-none-eabi/10.3.1/thumb/v6-m/nofp\libgcc.a(_dvmd_tls.o)
                0x200009dc                __aeabi_idiv0
                0x200009dc                __aeabi_ldiv0
 .text.__stub   0x200009e0       0x90 linker stubs
                0x20000a70                . = ALIGN (0x4)
 *(.rodata*)
                0x20000a70                . = ALIGN (0x4)
 *(.data*)
 .data.config_column_map
                0x20000a70       0x20 CMakeFiles/picotkl.dir/keyboard.c.obj
                0x20000a70                config_column_map
 .data.config_row_map
                0x20000a90       0x30 CMakeFiles/picotkl.dir/keyboard.c.obj
                0x20000a90                config_row_map
 .data.blink_interval_ms
                0x20000ac0        0x4 CMakeFiles/picotkl.dir/led.c.obj
                0x20000ac0                blink_interval_ms
 .data.string_desc_arr
                0x20000ac4       0x10 CMakeFiles/picotkl.dir/usb_descriptors.c.obj
                0x20000ac4                string_desc_arr
 .data.is_left_tap
                0x20000ad4        0x1 CMakeFiles/picotkl.dir/bongocat.c.obj
 .data.striped_spin_lock_num
                0x20000ad5        0x1 CMakeFiles/picotkl.dir/C_/Program_Files/Raspberry_Pi/Pico_SDK_v1.5.1/pico-sdk/src/rp2_common/hardware_sync/sync.c.obj
 *fill*         0x20000ad6        0x2 
 .data          0x20000ad8       0x48 CMakeFiles/picotkl.dir/C_/Program_Files/Raspberry_Pi/Pico_SDK_v1.5.1/pico-sdk/src/rp2_common/hardware_irq/irq_handler_chain.S.obj
                0x20000ad8                irq_handler_chain_slots
                0x20000b08                irq_handler_chain_first_slot
                0x20000b12                irq_handler_chain_remove_tail
 .data.default_alarm_pool
                0x20000b20       0x18 CMakeFiles/picotkl.dir/C_/Program_Files/Raspberry_Pi/Pico_SDK_v1.5.1/pico-sdk/src/common/pico_time/time.c.obj
 .data.default_alarm_pool_heap
                0x20000b38       0x10 CMakeFiles/picotkl.dir/C_/Program_Files/Raspberry_Pi/Pico_SDK_v1.5.1/pico-sdk/src/common/pico_time/time.c.obj
 *fill*         0x20000b48        0x8 
 .data.aeabi_bits_funcs
                0x20000b50       0x10 CMakeFiles/picotkl.dir/C_/Program_Files/Raspberry_Pi/Pico_SDK_v1.5.1/pico-sdk/src/rp2_common/pico_bit_ops/bit_ops_aeabi.S.obj
                0x20000b50                aeabi_bits_funcs
                0x20000b60                aeabi_bits_funcs_end
 .data.aeabi_mem_funcs
                0x20000b60       0x10 CMakeFiles/picotkl.dir/C_/Program_Files/Raspberry_Pi/Pico_SDK_v1.5.1/pico-sdk/src/rp2_common/pico_mem_ops/mem_ops_aeabi.S.obj
                0x20000b60                aeabi_mem_funcs
                0x20000b70                aeabi_mem_funcs_end
 .data.ep_dir_string
                0x20000b70        0x8 CMakeFiles/picotkl.dir/C_/Program_Files/Raspberry_Pi/Pico_SDK_v1.5.1/pico-sdk/lib/tinyusb/src/portable/raspberrypi/rp2040/rp2040_usb.c.obj
                0x20000b70                ep_dir_string
 .data._usbd_qdef
                0x20000b78       0x1c CMakeFiles/picotkl.dir/C_/Program_Files/Raspberry_Pi/Pico_SDK_v1.5.1/pico-sdk/lib/tinyusb/src/device/usbd.c.obj
                0x20000b78                _usbd_qdef
 .data._usbd_rhport
                0x20000b94        0x1 CMakeFiles/picotkl.dir/C_/Program_Files/Raspberry_Pi/Pico_SDK_v1.5.1/pico-sdk/lib/tinyusb/src/device/usbd.c.obj
 *fill*         0x20000b95        0x3 
 .data.i2c0_inst
                0x20000b98        0x8 CMakeFiles/picotkl.dir/C_/Program_Files/Raspberry_Pi/Pico_SDK_v1.5.1/pico-sdk/src/rp2_common/hardware_i2c/i2c.c.obj
                0x20000b98                i2c0_inst
 .data._impure_ptr
                0x20000ba0        0x4 c:/progra~1/raspbe~1/picosd~1.1/gcc-ar~1/bin/../lib/gcc/arm-none-eabi/10.3.1/../../../../arm-none-eabi/lib/thumb/v6-m/nofp\libg.a(lib_a-impure.o)
                0x20000ba0                _impure_ptr
 *fill*         0x20000ba4        0x4 
 .data.impure_data