Archive member included to satisfy reference by file (symbol)

pico-ssd1306/libpico_ssd1306.a(ssd1306.c.obj)
                              CMakeFiles/picotkl.dir/main.c.obj (ssd1306_init)
C:/Users/Guilh/.pico-sdk/toolchain/13_2_Rel1/bin/../lib/gcc/arm-none-eabi/13.2.1/thumb/v6-m/nofp\libgcc.a(_dvmd_tls.o)
                              CMakeFiles/picotkl.dir/C_/Users/Guilh/.pico-sdk/sdk/1.5.1/src/rp2_common/pico_divider/divider.S.obj (__aeabi_idiv0)
C:/Users/Guilh/.pico-sdk/toolchain/13_2_Rel1/bin/../lib/gcc/arm-none-eabi/13.2.1/thumb/v6-m/nofp\libc.a(libc_a-calloc.o)
                              CMakeFiles/picotkl.dir/C_/Users/Guilh/.pico-sdk/sdk/1.5.1/src/rp2_common/pico_malloc/pico_malloc.c.obj (calloc)
C:/Users/Guilh/.pico-sdk/toolchain/13_2_Rel1/bin/../lib/gcc/arm-none-eabi/13.2.1/thumb/v6-m/nofp\libc.a(libc_a-callocr.o)
                              C:/Users/Guilh/.pico-sdk/toolchain/13_2_Rel1/bin/../lib/gcc/arm-none-eabi/13.2.1/thumb/v6-m/nofp\libc.a(libc_a-calloc.o) (_calloc_r)
C:/Users/Guilh/.pico-sdk/toolchain/13_2_Rel1/bin/../lib/gcc/arm-none-eabi/13.2.1/thumb/v6-m/nofp\libc.a(libc_a-malloc.o)
                              CMakeFiles/picotkl.dir/C_/Users/Guilh/.pico-sdk/sdk/1.5.1/src/rp2_common/pico_malloc/pico_malloc.c.obj (malloc)
C:/Users/Guilh/.pico-sdk/toolchain/13_2_Rel1/bin/../lib/gcc/arm-none-eabi/13.2.1/thumb/v6-m/nofp\libc.a(libc_a-mallocr.o)
                              C:/Users/Guilh/.pico-sdk/toolchain/13_2_Rel1/bin/../lib/gcc/arm-none-eabi/13.2.1/thumb/v6-m/nofp\libc.a(libc_a-callocr.o) (_malloc_r)
C:/Users/Guilh/.pico-sdk/toolchain/13_2_Rel1/bin/../lib/gcc/arm-none-eabi/13.2.1/thumb/v6-m/nofp\libc.a(libc_a-mlock.o)
                              C:/Users/Guilh/.pico-sdk/toolchain/13_2_Rel1/bin/../lib/gcc/arm-none-eabi/13.2.1/thumb/v6-m/nofp\libc.a(libc_a-mallocr.o) (__malloc_lock)
C:/Users/Guilh/.pico-sdk/toolchain/13_2_Rel1/bin/../lib/gcc/arm-none-eabi/13.2.1/thumb/v6-m/nofp\libc.a(libc_a-realloc.o)
                              CMakeFiles/picotkl.dir/C_/Users/Guilh/.pico-sdk/sdk/1.5.1/src/rp2_common/pico_malloc/pico_malloc.c.obj (realloc)
C:/Users/Guilh/.pico-sdk/toolchain/13_2_Rel1/bin/../lib/gcc/arm-none-eabi/13.2.1/thumb/v6-m/nofp\libc.a(libc_a-reallocr.o)
                              C:/Users/Guilh/.pico-sdk/toolchain/13_2_Rel1/bin/../lib/gcc/arm-none-eabi/13.2.1/thumb/v6-m/nofp\libc.a(libc_a-realloc.o) (_realloc_r)
C:/Users/Guilh/.pico-sdk/toolchain/13_2_Rel1/bin/../lib/gcc/arm-none-eabi/13.2.1/thumb/v6-m/nofp\libc.a(libc_a-memmove.o)
                              C:/Users/Guilh/.pico-sdk/toolchain/13_2_Rel1/bin/../lib/gcc/arm-none-eabi/13.2.1/thumb/v6-m/nofp\libc.a(libc_a-reallocr.o) (memmove)
C:/Users/Guilh/.pico-sdk/toolchain/13_2_Rel1/bin/../lib/gcc/arm-none-eabi/13.2.1/thumb/v6-m/nofp\libc.a(libc_a-impure.o)
                              C:/Users/Guilh/.pico-sdk/toolchain/13_2_Rel1/bin/../lib/gcc/arm-none-eabi/13.2.1/thumb/v6-m/nofp\libc.a(libc_a-calloc.o) (_impure_ptr)
C:/Users/Guilh/.pico-sdk/toolchain/13_2_Rel1/bin/../lib/gcc/arm-none-eabi/13.2.1/thumb/v6-m/nofp\libc.a(libc_a-sbrkr.o)
                              C:/Users/Guilh/.pico-sdk/toolchain/13_2_Rel1/bin/../lib/gcc/arm-none-eabi/13.2.1/thumb/v6-m/nofp\libc.a(libc_a-mallocr.o) (_sbrk_r)
C:/Users/Guilh/.pico-sdk/toolchain/13_2_Rel1/bin/../lib/gcc/arm-none-eabi/13.2.1/thumb/v6-m/nofp\libc.a(libc_a-errno.o)
                              C:/Users/Guilh/.pico-sdk/toolchain/13_2_Rel1/bin/../lib/gcc/arm-none-eabi/13.2.1/thumb/v6-m/nofp\libc.a(libc_a-callocr.o) (__errno)
C:/Users/Guilh/.pico-sdk/toolchain/13_2_Rel1/bin/../lib/gcc/arm-none-eabi/13.2.1/thumb/v6-m/nofp\libc.a(libc_a-init.o)
                              C:/Users/Guilh/.pico-sdk/toolchain/13_2_Rel1/bin/../lib/gcc/arm-none-eabi/13.2.1/thumb/v6-m/nofp/crt0.o (__libc_init_array)
C:/Users/Guilh/.pico-sdk/toolchain/13_2_Rel1/bin/../lib/gcc/arm-none-eabi/13.2.1/thumb/v6-m/nofp\libc.a(libc_a-lock.o)
                              C:/Users/Guilh/.pico-sdk/toolchain/13_2_Rel1/bin/../lib/gcc/arm-none-eabi/13.2.1/thumb/v6-m/nofp\libc.a(libc_a-mlock.o) (__retarget_lock_acquire_recursive)
C:/Users/Guilh/.pico-sdk/toolchain/13_2_Rel1/bin/../lib/gcc/arm-none-eabi/13.2.1/thumb/v6-m/nofp\libc.a(libc_a-sysconf.o)
                              C:/Users/Guilh/.pico-sdk/toolchain/13_2_Rel1/bin/../lib/gcc/arm-none-eabi/13.2.1/thumb/v6-m/nofp\libc.a(libc_a-mallocr.o) (sysconf)
C:/Users/Guilh/.pico-sdk/toolchain/13_2_Rel1/bin/../lib/gcc/arm-none-eabi/13.2.1/thumb/v6-m/nofp\libc.a(libc_a-strlen-stub.o)
                              CMakeFiles/picotkl.dir/usb_descriptors.c.obj (strlen)
C:/Users/Guilh/.pico-sdk/toolchain/13_2_Rel1/bin/../lib/gcc/arm-none-eabi/13.2.1/thumb/v6-m/nofp\libc.a(libc_a-freer.o)
                              C:/Users/Guilh/.pico-sdk/toolchain/13_2_Rel1/bin/../lib/gcc/arm-none-eabi/13.2.1/thumb/v6-m/nofp\libc.a(libc_a-malloc.o) (_free_r)
C:/Users/Guilh/.pico-sdk/toolchain/13_2_Rel1/bin/../lib/gcc/arm-none-eabi/13.2.1/thumb/v6-m/nofp\libc.a(libc_a-findfp.o)
[...]
Memory Configuration

Name             Origin             Length             Attributes
FLASH            0x10000000         0x00200000         xr
RAM              0x20000000         0x00040000         xrw
SCRATCH_X        0x20040000         0x00001000         xrw
SCRATCH_Y        0x20041000         0x00001000         xrw
*default*        0x00000000         0xffffffff

Linker script and memory map

LOAD C:/Users/Guilh/.pico-sdk/toolchain/13_2_Rel1/bin/../lib/gcc/arm-none-eabi/13.2.1/thumb/v6-m/nofp/crti.o
LOAD C:/Users/Guilh/.pico-sdk/toolchain/13_2_Rel1/bin/../lib/gcc/arm-none-eabi/13.2.1/thumb/v6-m/nofp/crtbegin.o
LOAD C:/Users/Guilh/.pico-sdk/toolchain/13_2_Rel1/bin/../lib/gcc/arm-none-eabi/13.2.1/thumb/v6-m/nofp/crt0.o

.flash_begin    0x10000000        0x0
                0x10000000                        __flash_binary_start = .

.boot2          0x10000000      0x100
                0x10000000                        __boot2_start__ = .
 *(.boot2)
 .boot2         0x10000000      0x100 C:\Users\Guilh\AppData\Local\Temp\ccY0zWyk.o
                0x10000100                        __boot2_end__ = .
                0x00000001                        ASSERT (((__boot2_end__ - __boot2_start__) == 0x100), ERROR: Pico second stage bootloader must be 256 bytes in size)

.text           0x10000100     0x77d0
                0x10000100                        __logical_binary_start = .
 *(.vectors)
 .vectors       0x10000100       0xd4 CMakeFiles/picotkl.dir/C_/Users/Guilh/.pico-sdk/sdk/1.5.1/src/rp2_common/pico_standard_link/crt0.S.obj
                0x10000100                __VECTOR_TABLE
                0x10000100                __vectors
                0x100001c0                isr_invalid
                0x100001c0                __default_isrs_start
                0x100001c2                isr_nmi
                0x100001c4                isr_hardfault
                0x100001c6                isr_svcall
                0x100001c8                isr_pendsv
                0x100001ca                isr_systick
                0x100001cc                isr_irq23
                0x100001cc                isr_irq18
                0x100001cc                isr_irq11
                0x100001cc                isr_irq28
                0x100001cc                isr_irq19
                0x100001cc                isr_irq0
                0x100001cc                isr_irq6
                0x100001cc                isr_irq5
                0x100001cc                isr_irq12
                0x100001cc                isr_irq22
                0x100001cc                isr_irq31
                0x100001cc                isr_irq17
                0x100001cc                isr_irq27
                0x100001cc                isr_irq30
                0x100001cc                isr_irq2
                0x100001cc                isr_irq10
                0x100001cc                isr_irq8
                0x100001cc                isr_irq24
                0x100001cc                isr_irq1
                0x100001cc                isr_irq7
                0x100001cc                isr_irq21
                0x100001cc                isr_irq20
                0x100001cc                isr_irq15
                0x100001cc                isr_irq25
                0x100001cc                isr_irq13
                0x100001cc                __unhandled_user_irq
                0x100001cc                isr_irq4
                0x100001cc                isr_irq16
                0x100001cc                isr_irq29
                0x100001cc                isr_irq26
                0x100001cc                __default_isrs_end
                0x100001cc                isr_irq3
                0x100001cc                isr_irq14
                0x100001cc                isr_irq9
                0x100001d2                unhandled_user_irq_num_in_r0
 *(.binary_info_header)
 .binary_info_header
                0x100001d4       0x14 CMakeFiles/picotkl.dir/C_/Users/Guilh/.pico-sdk/sdk/1.5.1/src/rp2_common/pico_standard_link/crt0.S.obj
                0x100001e8                        __binary_info_header_end = .
 *(.reset)
 .reset         0x100001e8       0xa0 CMakeFiles/picotkl.dir/C_/Users/Guilh/.pico-sdk/sdk/1.5.1/src/rp2_common/pico_standard_link/crt0.S.obj
                0x100001e8                _entry_point
 .reset         0x10000288       0x30 CMakeFiles/picotkl.dir/C_/Users/Guilh/.pico-sdk/sdk/1.5.1/src/rp2_common/pico_standard_link/binary_info.c.obj
 *(.init)
 .init          0x100002b8        0x4 C:/Users/Guilh/.pico-sdk/toolchain/13_2_Rel1/bin/../lib/gcc/arm-none-eabi/13.2.1/thumb/v6-m/nofp/crti.o
                0x100002b8                _init
 *(EXCLUDE_FILE(*libm.a: *libc.a:*lib_a-mem*.o *libgcc.a:) .text*)
 .text.register_tm_clones
                0x100002bc       0x28 C:/Users/Guilh/.pico-sdk/toolchain/13_2_Rel1/bin/../lib/gcc/arm-none-eabi/13.2.1/thumb/v6-m/nofp/crtbegin.o
 .text.frame_dummy
                0x100002e4       0x24 C:/Users/Guilh/.pico-sdk/toolchain/13_2_Rel1/bin/../lib/gcc/arm-none-eabi/13.2.1/thumb/v6-m/nofp/crtbegin.o
 .text.display_setup
                0x10000308       0x5c CMakeFiles/picotkl.dir/main.c.obj
                0x10000308                display_setup
 .text.startup.main
                0x10000364       0x34 CMakeFiles/picotkl.dir/main.c.obj
                0x10000364                main
 .text.tud_hid_get_report_cb
                0x10000398        0x4 CMakeFiles/picotkl.dir/main.c.obj
                0x10000398                tud_hid_get_report_cb
 .text.tud_hid_set_report_cb
                0x1000039c       0x44 CMakeFiles/picotkl.dir/main.c.obj
                0x1000039c                tud_hid_set_report_cb
 .text.timer_callback
                0x100003e0        0xc CMakeFiles/picotkl.dir/keyboard.c.obj
                0x100003e0                timer_callback
 .text.keypins_init
                0x100003ec       0x68 CMakeFiles/picotkl.dir/keyboard.c.obj
                0x100003ec                keypins_init
 .text.encoder_init
                0x10000454       0xa8 CMakeFiles/picotkl.dir/keyboard.c.obj
                0x10000454                encoder_init
 .text.encoder_task
                0x100004fc      0x1f0 CMakeFiles/picotkl.dir/keyboard.c.obj
                0x100004fc                encoder_task
 .text.hid_task
                0x100006ec      0x434 CMakeFiles/picotkl.dir/keyboard.c.obj
                0x100006ec                hid_task
 .text.init_hid_task
                0x10000b20       0x94 CMakeFiles/picotkl.dir/keyboard.c.obj
                0x10000b20                init_hid_task
 .text.led_init
                0x10000bb4       0x14 CMakeFiles/picotkl.dir/led.c.obj
                0x10000bb4                led_init
 .text.board_led_write
                0x10000bc8       0x14 CMakeFiles/picotkl.dir/led.c.obj
                0x10000bc8                board_led_write
 .text.tud_mount_cb
                0x10000bdc       0x10 CMakeFiles/picotkl.dir/led.c.obj
                0x10000bdc                tud_mount_cb
 .text.tud_umount_cb
                0x10000bec        0xc CMakeFiles/picotkl.dir/led.c.obj
                0x10000bec                tud_umount_cb
 .text.tud_suspend_cb
                0x10000bf8       0x10 CMakeFiles/picotkl.dir/led.c.obj
                0x10000bf8                tud_suspend_cb
 .text.tud_resume_cb
                0x10000c08       0x10 CMakeFiles/picotkl.dir/led.c.obj
                0x10000c08                tud_resume_cb
 .text.tud_descriptor_device_cb
                0x10000c18        0x8 CMakeFiles/picotkl.dir/usb_descriptors.c.obj
                0x10000c18                tud_descriptor_device_cb
 .text.tud_hid_descriptor_report_cb
                0x10000c20        0x8 CMakeFiles/picotkl.dir/usb_descriptors.c.obj
                0x10000c20                tud_hid_descriptor_report_cb
 .text.tud_descriptor_configuration_cb
                0x10000c28        0x8 CMakeFiles/picotkl.dir/usb_descriptors.c.obj
                0x10000c28                tud_descriptor_configuration_cb
 .text.tud_descriptor_string_cb
                0x10000c30       0x70 CMakeFiles/picotkl.dir/usb_descriptors.c.obj
                0x10000c30                tud_descriptor_string_cb
 .text.bongocat_init
                0x10000ca0       0x20 CMakeFiles/picotkl.dir/bongocat.c.obj
                0x10000ca0                bongocat_init
 .text.trigger_bongocat_tap
                0x10000cc0       0x58 CMakeFiles/picotkl.dir/bongocat.c.obj
                0x10000cc0                trigger_bongocat_tap
 .text.update_bongocat_animation
                0x10000d18       0xd4 CMakeFiles/picotkl.dir/bongocat.c.obj
                0x10000d18                update_bongocat_animation
 .text.gpio_set_function
                0x10000dec       0x30 CMakeFiles/picotkl.dir/C_/Users/Guilh/.pico-sdk/sdk/1.5.1/src/rp2_common/hardware_gpio/gpio.c.obj
                0x10000dec                gpio_set_function
 .text.gpio_set_pulls
                0x10000e1c       0x24 CMakeFiles/picotkl.dir/C_/Users/Guilh/.pico-sdk/sdk/1.5.1/src/rp2_common/hardware_gpio/gpio.c.obj
                0x10000e1c                gpio_set_pulls
 .text.gpio_init
                0x10000e40       0x3c CMakeFiles/picotkl.dir/C_/Users/Guilh/.pico-sdk/sdk/1.5.1/src/rp2_common/hardware_gpio/gpio.c.obj
                0x10000e40                gpio_init
 .text.running_on_fpga
                0x10000e7c       0x10 CMakeFiles/picotkl.dir/C_/Users/Guilh/.pico-sdk/sdk/1.5.1/src/rp2_common/pico_platform/platform.c.obj
                0x10000e7c                running_on_fpga
 .text.hw_claim_lock
                0x10000e8c       0x18 CMakeFiles/picotkl.dir/C_/Users/Guilh/.pico-sdk/sdk/1.5.1/src/rp2_common/hardware_claim/claim.c.obj
                0x10000e8c                hw_claim_lock
 .text.hw_claim_unlock
                0x10000ea4       0x14 CMakeFiles/picotkl.dir/C_/Users/Guilh/.pico-sdk/sdk/1.5.1/src/rp2_common/hardware_claim/claim.c.obj
                0x10000ea4                hw_claim_unlock
 .text.hw_claim_or_assert
                0x10000eb8       0x44 CMakeFiles/picotkl.dir/C_/Users/Guilh/.pico-sdk/sdk/1.5.1/src/rp2_common/hardware_claim/claim.c.obj
                0x10000eb8                hw_claim_or_assert
 .text.hw_claim_unused_from_range
                0x10000efc       0x9c CMakeFiles/picotkl.dir/C_/Users/Guilh/.pico-sdk/sdk/1.5.1/src/rp2_common/hardware_claim/claim.c.obj
                0x10000efc                hw_claim_unused_from_range
 .text.spin_locks_reset
                0x10000f98       0x1c CMakeFiles/picotkl.dir/C_/Users/Guilh/.pico-sdk/sdk/1.5.1/src/rp2_common/hardware_sync/sync.c.obj
                0x10000f98                spin_locks_reset
 .text.next_striped_spin_lock_num
                0x10000fb4       0x18 CMakeFiles/picotkl.dir/C_/Users/Guilh/.pico-sdk/sdk/1.5.1/src/rp2_common/hardware_sync/sync.c.obj
                0x10000fb4                next_striped_spin_lock_num
 .text.spin_lock_claim_unused
                0x10000fcc       0x24 CMakeFiles/picotkl.dir/C_/Users/Guilh/.pico-sdk/sdk/1.5.1/src/rp2_common/hardware_sync/sync.c.obj
                0x10000fcc                spin_lock_claim_unused
 .text.irq_set_enabled
                0x10000ff0       0x24 CMakeFiles/picotkl.dir/C_/Users/Guilh/.pico-sdk/sdk/1.5.1/src/rp2_common/hardware_irq/irq.c.obj
                0x10000ff0                irq_set_enabled
 .text.irq_get_vtable_handler
                0x10001014       0x10 CMakeFiles/picotkl.dir/C_/Users/Guilh/.pico-sdk/sdk/1.5.1/src/rp2_common/hardware_irq/irq.c.obj
                0x10001014                irq_get_vtable_handler
 .text.irq_set_exclusive_handler
                0x10001024       0x54 CMakeFiles/picotkl.dir/C_/Users/Guilh/.pico-sdk/sdk/1.5.1/src/rp2_common/hardware_irq/irq.c.obj
                0x10001024                irq_set_exclusive_handler
 .text.irq_add_shared_handler
                0x10001078      0x1f4 CMakeFiles/picotkl.dir/C_/Users/Guilh/.pico-sdk/sdk/1.5.1/src/rp2_common/hardware_irq/irq.c.obj
                0x10001078                irq_add_shared_handler
 .text.irq_remove_handler
                0x1000126c      0x1c4 CMakeFiles/picotkl.dir/C_/Users/Guilh/.pico-sdk/sdk/1.5.1/src/rp2_common/hardware_irq/irq.c.obj
                0x1000126c                irq_remove_handler
 .text.irq_add_tail_to_free_list
                0x10001430       0xb4 CMakeFiles/picotkl.dir/C_/Users/Guilh/.pico-sdk/sdk/1.5.1/src/rp2_common/hardware_irq/irq.c.obj
                0x10001430                irq_add_tail_to_free_list
 .text.irq_init_priorities
                0x100014e4       0x24 CMakeFiles/picotkl.dir/C_/Users/Guilh/.pico-sdk/sdk/1.5.1/src/rp2_common/hardware_irq/irq.c.obj
                0x100014e4                irq_init_priorities
 .text.lock_init
                0x10001508       0x10 CMakeFiles/picotkl.dir/C_/Users/Guilh/.pico-sdk/sdk/1.5.1/src/common/pico_sync/lock_core.c.obj
                0x10001508                lock_init
 .text.mutex_init
                0x10001518       0x1c CMakeFiles/picotkl.dir/C_/Users/Guilh/.pico-sdk/sdk/1.5.1/src/common/pico_sync/mutex.c.obj
                0x10001518                mutex_init
 .text.recursive_mutex_init
                0x10001534       0x1c CMakeFiles/picotkl.dir/C_/Users/Guilh/.pico-sdk/sdk/1.5.1/src/common/pico_sync/mutex.c.obj
                0x10001534                recursive_mutex_init
 .text.critical_section_init
                0x10001550       0x1c CMakeFiles/picotkl.dir/C_/Users/Guilh/.pico-sdk/sdk/1.5.1/src/common/pico_sync/critical_section.c.obj
                0x10001550                critical_section_init
 .text.timer_pool_entry_comparator
                0x1000156c       0x34 CMakeFiles/picotkl.dir/C_/Users/Guilh/.pico-sdk/sdk/1.5.1/src/common/pico_time/time.c.obj
                0x1000156c                timer_pool_entry_comparator
 .text.sleep_until_callback
                0x100015a0       0x30 CMakeFiles/picotkl.dir/C_/Users/Guilh/.pico-sdk/sdk/1.5.1/src/common/pico_time/time.c.obj
 .text.add_alarm_under_lock.isra.0
                0x100015d0      0x100 CMakeFiles/picotkl.dir/C_/Users/Guilh/.pico-sdk/sdk/1.5.1/src/common/pico_time/time.c.obj
 .text.alarm_pool_alarm_callback
                0x100016d0      0x1c0 CMakeFiles/picotkl.dir/C_/Users/Guilh/.pico-sdk/sdk/1.5.1/src/common/pico_time/time.c.obj
 .text.alarm_pool_init_default
                0x10001890       0x6c CMakeFiles/picotkl.dir/C_/Users/Guilh/.pico-sdk/sdk/1.5.1/src/common/pico_time/time.c.obj
                0x10001890                alarm_pool_init_default
 .text.alarm_pool_add_alarm_at
                0x100018fc      0x17c CMakeFiles/picotkl.dir/C_/Users/Guilh/.pico-sdk/sdk/1.5.1/src/common/pico_time/time.c.obj
                0x100018fc                alarm_pool_add_alarm_at
 .text.sleep_until
                0x10001a78       0xc4 CMakeFiles/picotkl.dir/C_/Users/Guilh/.pico-sdk/sdk/1.5.1/src/common/pico_time/time.c.obj
                0x10001a78                sleep_until
 .text.sleep_us
                0x10001b3c       0x28 CMakeFiles/picotkl.dir/C_/Users/Guilh/.pico-sdk/sdk/1.5.1/src/common/pico_time/time.c.obj
                0x10001b3c                sleep_us
 .text.best_effort_wfe_or_timeout
                0x10001b64       0xcc CMakeFiles/picotkl.dir/C_/Users/Guilh/.pico-sdk/sdk/1.5.1/src/common/pico_time/time.c.obj
                0x10001b64                best_effort_wfe_or_timeout
 .text.hardware_alarm_irq_handler
                0x10001c30       0xbc CMakeFiles/picotkl.dir/C_/Users/Guilh/.pico-sdk/sdk/1.5.1/src/rp2_common/hardware_timer/timer.c.obj
 .text.hardware_alarm_claim
                0x10001cec       0x18 CMakeFiles/picotkl.dir/C_/Users/Guilh/.pico-sdk/sdk/1.5.1/src/rp2_common/hardware_timer/timer.c.obj
                0x10001cec                hardware_alarm_claim
 .text.time_us_64
                0x10001d04       0x14 CMakeFiles/picotkl.dir/C_/Users/Guilh/.pico-sdk/sdk/1.5.1/src/rp2_common/hardware_timer/timer.c.obj
                0x10001d04                time_us_64
 .text.busy_wait_until
                0x10001d18       0x20 CMakeFiles/picotkl.dir/C_/Users/Guilh/.pico-sdk/sdk/1.5.1/src/rp2_common/hardware_timer/timer.c.obj
                0x10001d18                busy_wait_until
 .text.hardware_alarm_set_callback
                0x10001d38       0x8c CMakeFiles/picotkl.dir/C_/Users/Guilh/.pico-sdk/sdk/1.5.1/src/rp2_common/hardware_timer/timer.c.obj
                0x10001d38                hardware_alarm_set_callback
 .text.hardware_alarm_set_target
                0x10001dc4       0xd0 CMakeFiles/picotkl.dir/C_/Users/Guilh/.pico-sdk/sdk/1.5.1/src/rp2_common/hardware_timer/timer.c.obj
                0x10001dc4                hardware_alarm_set_target
 .text.hardware_alarm_cancel
                0x10001e94       0x3c CMakeFiles/picotkl.dir/C_/Users/Guilh/.pico-sdk/sdk/1.5.1/src/rp2_common/hardware_timer/timer.c.obj
                0x10001e94                hardware_alarm_cancel
 .text.ph_merge_nodes
                0x10001ed0       0x58 CMakeFiles/picotkl.dir/C_/Users/Guilh/.pico-sdk/sdk/1.5.1/src/common/pico_util/pheap.c.obj
 .text.ph_post_alloc_init
                0x10001f28       0x3c CMakeFiles/picotkl.dir/C_/Users/Guilh/.pico-sdk/sdk/1.5.1/src/common/pico_util/pheap.c.obj
                0x10001f28                ph_post_alloc_init
 .text.ph_merge_two_pass
                0x10001f64       0x8c CMakeFiles/picotkl.dir/C_/Users/Guilh/.pico-sdk/sdk/1.5.1/src/common/pico_util/pheap.c.obj
                0x10001f64                ph_merge_two_pass
 .text.ph_remove_any_head
                0x10001ff0      0x100 CMakeFiles/picotkl.dir/C_/Users/Guilh/.pico-sdk/sdk/1.5.1/src/common/pico_util/pheap.c.obj
 .text.ph_remove_head
                0x100020f0      0x104 CMakeFiles/picotkl.dir/C_/Users/Guilh/.pico-sdk/sdk/1.5.1/src/common/pico_util/pheap.c.obj
                0x100020f0                ph_remove_head
 .text.ph_remove_and_free_node
                0x100021f4       0x78 CMakeFiles/picotkl.dir/C_/Users/Guilh/.pico-sdk/sdk/1.5.1/src/common/pico_util/pheap.c.obj
                0x100021f4                ph_remove_and_free_node
 .text.clocks_init
                0x1000226c      0x2c8 CMakeFiles/picotkl.dir/C_/Users/Guilh/.pico-sdk/sdk/1.5.1/src/rp2_common/hardware_clocks/clocks.c.obj
                0x1000226c                clocks_init
 .text.clock_get_hz
                0x10002534        0xc CMakeFiles/picotkl.dir/C_/Users/Guilh/.pico-sdk/sdk/1.5.1/src/rp2_common/hardware_clocks/clocks.c.obj
                0x10002534                clock_get_hz
 .text.pll_init
                0x10002540       0xa4 CMakeFiles/picotkl.dir/C_/Users/Guilh/.pico-sdk/sdk/1.5.1/src/rp2_common/hardware_pll/pll.c.obj
                0x10002540                pll_init
 .text.watchdog_start_tick
                0x100025e4       0x10 CMakeFiles/picotkl.dir/C_/Users/Guilh/.pico-sdk/sdk/1.5.1/src/rp2_common/hardware_watchdog/watchdog.c.obj
                0x100025e4                watchdog_start_tick
 .text.xosc_init
                0x100025f4       0x28 CMakeFiles/picotkl.dir/C_/Users/Guilh/.pico-sdk/sdk/1.5.1/src/rp2_common/hardware_xosc/xosc.c.obj
                0x100025f4                xosc_init
 .text.runtime_init
                0x1000261c       0xf0 CMakeFiles/picotkl.dir/C_/Users/Guilh/.pico-sdk/sdk/1.5.1/src/rp2_common/pico_runtime/runtime.c.obj
                0x1000261c                runtime_init
 .text._exit    0x1000270c        0x4 CMakeFiles/picotkl.dir/C_/Users/Guilh/.pico-sdk/sdk/1.5.1/src/rp2_common/pico_runtime/runtime.c.obj
                0x1000270c                _exit
 .text._sbrk    0x10002710       0x34 CMakeFiles/picotkl.dir/C_/Users/Guilh/.pico-sdk/sdk/1.5.1/src/rp2_common/pico_runtime/runtime.c.obj
                0x10002710                _sbrk
 .text.exit     0x10002744        0x8 CMakeFiles/picotkl.dir/C_/Users/Guilh/.pico-sdk/sdk/1.5.1/src/rp2_common/pico_runtime/runtime.c.obj
                0x10002744                exit
 .text.panic    0x1000274c       0x30 CMakeFiles/picotkl.dir/C_/Users/Guilh/.pico-sdk/sdk/1.5.1/src/rp2_common/pico_runtime/runtime.c.obj
                0x1000274c                panic
 .text.hard_assertion_failure
                0x1000277c        0xc CMakeFiles/picotkl.dir/C_/Users/Guilh/.pico-sdk/sdk/1.5.1/src/rp2_common/pico_runtime/runtime.c.obj
                0x1000277c                hard_assertion_failure
 .text._out_null
                0x10002788        0x4 CMakeFiles/picotkl.dir/C_/Users/Guilh/.pico-sdk/sdk/1.5.1/src/rp2_common/pico_printf/printf.c.obj
 .text._out_rev
                0x1000278c       0xac CMakeFiles/picotkl.dir/C_/Users/Guilh/.pico-sdk/sdk/1.5.1/src/rp2_common/pico_printf/printf.c.obj
 .text._ntoa_format
                0x10002838      0x250 CMakeFiles/picotkl.dir/C_/Users/Guilh/.pico-sdk/sdk/1.5.1/src/rp2_common/pico_printf/printf.c.obj
 .text._out_char
                0x10002a88       0x10 CMakeFiles/picotkl.dir/C_/Users/Guilh/.pico-sdk/sdk/1.5.1/src/rp2_common/pico_printf/printf.c.obj
 .text._out_fct
                0x10002a98       0x10 CMakeFiles/picotkl.dir/C_/Users/Guilh/.pico-sdk/sdk/1.5.1/src/rp2_common/pico_printf/printf.c.obj
 .text._etoa    0x10002aa8      0x464 CMakeFiles/picotkl.dir/C_/Users/Guilh/.pico-sdk/sdk/1.5.1/src/rp2_common/pico_printf/printf.c.obj
 .text._ftoa    0x10002f0c      0x3c0 CMakeFiles/picotkl.dir/C_/Users/Guilh/.pico-sdk/sdk/1.5.1/src/rp2_common/pico_printf/printf.c.obj
 .text._vsnprintf
                0x100032cc      0xbc8 CMakeFiles/picotkl.dir/C_/Users/Guilh/.pico-sdk/sdk/1.5.1/src/rp2_common/pico_printf/printf.c.obj
 .text.vfctprintf
                0x10003e94       0x20 CMakeFiles/picotkl.dir/C_/Users/Guilh/.pico-sdk/sdk/1.5.1/src/rp2_common/pico_printf/printf.c.obj
                0x10003e94                vfctprintf
 .text.weak_raw_vprintf
                0x10003eb4       0x30 CMakeFiles/picotkl.dir/C_/Users/Guilh/.pico-sdk/sdk/1.5.1/src/rp2_common/pico_printf/printf.c.obj
                0x10003eb4                weak_raw_vprintf
 .text          0x10003ee4       0x10 CMakeFiles/picotkl.dir/C_/Users/Guilh/.pico-sdk/sdk/1.5.1/src/rp2_common/pico_bit_ops/bit_ops_aeabi.S.obj
 .text.rom_func_lookup
                0x10003ef4       0x10 CMakeFiles/picotkl.dir/C_/Users/Guilh/.pico-sdk/sdk/1.5.1/src/rp2_common/pico_bootrom/bootrom.c.obj
                0x10003ef4                rom_func_lookup
 .text.rom_data_lookup
                0x10003f04       0x10 CMakeFiles/picotkl.dir/C_/Users/Guilh/.pico-sdk/sdk/1.5.1/src/rp2_common/pico_bootrom/bootrom.c.obj
                0x10003f04                rom_data_lookup
 .text.rom_funcs_lookup
                0x10003f14       0x44 CMakeFiles/picotkl.dir/C_/Users/Guilh/.pico-sdk/sdk/1.5.1/src/rp2_common/pico_bootrom/bootrom.c.obj
                0x10003f14                rom_funcs_lookup
 .text.__wrap___aeabi_idiv
                0x10003f58       0x50 CMakeFiles/picotkl.dir/C_/Users/Guilh/.pico-sdk/sdk/1.5.1/src/rp2_common/pico_divider/divider.S.obj
                0x10003f58                __wrap___aeabi_idivmod
                0x10003f58                divmod_s32s32
                0x10003f58                div_s32s32
                0x10003f58                __wrap___aeabi_idiv
                0x10003f60                divmod_s32s32_unsafe
                0x10003f8c                divmod_s32s32_savestate
 .text.__wrap___aeabi_uidiv
                0x10003fa8       0x4c CMakeFiles/picotkl.dir/C_/Users/Guilh/.pico-sdk/sdk/1.5.1/src/rp2_common/pico_divider/divider.S.obj
                0x10003fa8                __wrap___aeabi_uidiv
                0x10003fa8                __wrap___aeabi_uidivmod
                0x10003fa8                div_u32u32
                0x10003fa8                divmod_u32u32
                0x10003fb0                divmod_u32u32_unsafe
                0x10003fd8                divmod_u32u32_savestate
 .text.__wrap___aeabi_ldiv
                0x10003ff4      0x424 CMakeFiles/picotkl.dir/C_/Users/Guilh/.pico-sdk/sdk/1.5.1/src/rp2_common/pico_divider/divider.S.obj
                0x10003ff4                div_s64s64
                0x10003ff4                divmod_s64s64
                0x10003ff4                __wrap___aeabi_ldivmod
                0x10004024                divmod_u64u64
                0x10004024                div_u64u64
                0x10004024                __wrap___aeabi_uldivmod
                0x10004034                divmod_u64u64_savestate
                0x10004054                divmod_s64s64_unsafe
                0x100040dc                divmod_u64u64_unsafe
 .text.__wrap___aeabi_darithmetic
                0x10004418       0x80 CMakeFiles/picotkl.dir/C_/Users/Guilh/.pico-sdk/sdk/1.5.1/src/rp2_common/pico_double/double_aeabi.S.obj
                0x10004418                __wrap___aeabi_drsub
                0x1000441e                __wrap___aeabi_dsub
                0x10004430                __wrap___aeabi_dadd
                0x10004442                __wrap___aeabi_ddiv
                0x1000447e                __wrap___aeabi_dmul
 .text.__wrap___aeabi_cdcmple
                0x10004498       0x6c CMakeFiles/picotkl.dir/C_/Users/Guilh/.pico-sdk/sdk/1.5.1/src/rp2_common/pico_double/double_aeabi.S.obj
                0x10004498                __wrap___aeabi_cdrcmple
                0x100044a8                __wrap___aeabi_cdcmpeq
                0x100044a8                __wrap___aeabi_cdcmple
 .text.__wrap___aeabi_dcmplt
                0x10004504        0xc CMakeFiles/picotkl.dir/C_/Users/Guilh/.pico-sdk/sdk/1.5.1/src/rp2_common/pico_double/double_aeabi.S.obj
                0x10004504                __wrap___aeabi_dcmplt
 .text.__wrap___aeabi_dcmpge
                0x10004510       0x10 CMakeFiles/picotkl.dir/C_/Users/Guilh/.pico-sdk/sdk/1.5.1/src/rp2_common/pico_double/double_aeabi.S.obj
                0x10004510                __wrap___aeabi_dcmpge
 .text.__wrap___aeabi_dcmpgt
                0x10004520        0xa CMakeFiles/picotkl.dir/C_/Users/Guilh/.pico-sdk/sdk/1.5.1/src/rp2_common/pico_double/double_aeabi.S.obj
                0x10004520                __wrap___aeabi_dcmpgt
 .text.__wrap___aeabi_dcmpun
                0x1000452a       0x1c CMakeFiles/picotkl.dir/C_/Users/Guilh/.pico-sdk/sdk/1.5.1/src/rp2_common/pico_double/double_aeabi.S.obj
                0x1000452a                __wrap___aeabi_dcmpun
 *fill*         0x10004546        0x2 
 .text.__wrap___aeabi_i2d
                0x10004548       0x38 CMakeFiles/picotkl.dir/C_/Users/Guilh/.pico-sdk/sdk/1.5.1/src/rp2_common/pico_double/double_aeabi.S.obj
                0x10004548                __wrap___aeabi_ui2d
                0x10004550                __wrap___aeabi_i2d
 .text.__wrap___aeabi_d2iz
                0x10004580       0x48 CMakeFiles/picotkl.dir/C_/Users/Guilh/.pico-sdk/sdk/1.5.1/src/rp2_common/pico_double/double_aeabi.S.obj
                0x10004580                double2int_z
                0x10004580                __wrap___aeabi_d2iz
 .text.__wrap___aeabi_d2uiz
                0x100045c8       0x18 CMakeFiles/picotkl.dir/C_/Users/Guilh/.pico-sdk/sdk/1.5.1/src/rp2_common/pico_double/double_aeabi.S.obj
                0x100045c8                __wrap___aeabi_d2uiz
                0x100045c8                double2uint
 .text.__aeabi_double_init
                0x100045e0       0x98 CMakeFiles/picotkl.dir/C_/Users/Guilh/.pico-sdk/sdk/1.5.1/src/rp2_common/pico_double/double_init_rom.c.obj
                0x100045e0                __aeabi_double_init
 .text.double_table_shim_on_use_helper
                0x10004678       0x2c CMakeFiles/picotkl.dir/C_/Users/Guilh/.pico-sdk/sdk/1.5.1/src/rp2_common/pico_double/double_v1_rom_shim.S.obj
                0x10004678                double_table_shim_on_use_helper
 .text.__wrap___aeabi_dsub
                0x100046a4       0x10 CMakeFiles/picotkl.dir/C_/Users/Guilh/.pico-sdk/sdk/1.5.1/src/rp2_common/pico_double/double_v1_rom_shim.S.obj
                0x100046a4                drsub_shim
                0x100046aa                dsub_shim
 .text.dadd_shim
                0x100046b4      0x15c CMakeFiles/picotkl.dir/C_/Users/Guilh/.pico-sdk/sdk/1.5.1/src/rp2_common/pico_double/double_v1_rom_shim.S.obj
                0x100046b4                dadd_shim
 .text.dmul_shim
                0x10004810      0x15c CMakeFiles/picotkl.dir/C_/Users/Guilh/.pico-sdk/sdk/1.5.1/src/rp2_common/pico_double/double_v1_rom_shim.S.obj
                0x10004810                dmul_shim
 .text.ddiv_shim
                0x1000496c      0x1b0 CMakeFiles/picotkl.dir/C_/Users/Guilh/.pico-sdk/sdk/1.5.1/src/rp2_common/pico_double/double_v1_rom_shim.S.obj
                0x1000496c                ddiv_shim
 .text.double2uint_shim
                0x10004b1c        0xe CMakeFiles/picotkl.dir/C_/Users/Guilh/.pico-sdk/sdk/1.5.1/src/rp2_common/pico_double/double_v1_rom_shim.S.obj
                0x10004b1c                double2uint_shim
                0x10004b1e                double2ufix_shim
 *fill*         0x10004b2a        0x2 
 .text.double2uint64_shim
                0x10004b2c       0x70 CMakeFiles/picotkl.dir/C_/Users/Guilh/.pico-sdk/sdk/1.5.1/src/rp2_common/pico_double/double_v1_rom_shim.S.obj
                0x10004b2c                double2uint64_shim
                0x10004b2e                double2ufix64_shim
                0x10004b4e                d2fix_a
 .text.dunpacks
                0x10004b9c       0x3c CMakeFiles/picotkl.dir/C_/Users/Guilh/.pico-sdk/sdk/1.5.1/src/rp2_common/pico_double/double_v1_rom_shim.S.obj
                0x10004b9c                dunpacks
 .text.__aeabi_lmul
                0x10004bd8       0x32 CMakeFiles/picotkl.dir/C_/Users/Guilh/.pico-sdk/sdk/1.5.1/src/rp2_common/pico_int64_ops/pico_int64_ops_aeabi.S.obj
                0x10004bd8                __wrap___aeabi_lmul
 *fill*         0x10004c0a        0x2 
 .text.__wrap___aeabi_farithmetic
                0x10004c0c       0x48 CMakeFiles/picotkl.dir/C_/Users/Guilh/.pico-sdk/sdk/1.5.1/src/rp2_common/pico_float/float_aeabi.S.obj
                0x10004c0c                __wrap___aeabi_frsub
                0x10004c12                __wrap___aeabi_fsub
                0x10004c18                __wrap___aeabi_fadd
                0x10004c1e                __wrap___aeabi_fdiv
                0x10004c46                __wrap___aeabi_fmul
 .text.__wrap___aeabi_i2f
                0x10004c54       0x44 CMakeFiles/picotkl.dir/C_/Users/Guilh/.pico-sdk/sdk/1.5.1/src/rp2_common/pico_float/float_aeabi.S.obj
                0x10004c54                __wrap___aeabi_i2f
 .text.__wrap___aeabi_f2iz
                0x10004c98       0x4e CMakeFiles/picotkl.dir/C_/Users/Guilh/.pico-sdk/sdk/1.5.1/src/rp2_common/pico_float/float_aeabi.S.obj
                0x10004c98                float2int_z
                0x10004c98                __wrap___aeabi_f2iz
 *fill*         0x10004ce6        0x2 
 .text.float2int
                0x10004ce8       0x14 CMakeFiles/picotkl.dir/C_/Users/Guilh/.pico-sdk/sdk/1.5.1/src/rp2_common/pico_float/float_aeabi.S.obj
                0x10004ce8                float2int
 .text.__wrap___aeabi_f2uiz
                0x10004cfc        0xc CMakeFiles/picotkl.dir/C_/Users/Guilh/.pico-sdk/sdk/1.5.1/src/rp2_common/pico_float/float_aeabi.S.obj
                0x10004cfc                __wrap___aeabi_f2uiz
 .text.__aeabi_float_init
                0x10004d08       0x64 CMakeFiles/picotkl.dir/C_/Users/Guilh/.pico-sdk/sdk/1.5.1/src/rp2_common/pico_float/float_init_rom.c.obj
                0x10004d08                __aeabi_float_init
 .text.float_table_shim_on_use_helper
                0x10004d6c       0x2c CMakeFiles/picotkl.dir/C_/Users/Guilh/.pico-sdk/sdk/1.5.1/src/rp2_common/pico_float/float_v1_rom_shim.S.obj
                0x10004d6c                float_table_shim_on_use_helper
 .text.float232_shims
                0x10004d98       0x18 CMakeFiles/picotkl.dir/C_/Users/Guilh/.pico-sdk/sdk/1.5.1/src/rp2_common/pico_float/float_v1_rom_shim.S.obj
                0x10004d98                float2int_shim
                0x10004d9a                float2fix_shim
 .text.__wrap_malloc
                0x10004db0       0x24 CMakeFiles/picotkl.dir/C_/Users/Guilh/.pico-sdk/sdk/1.5.1/src/rp2_common/pico_malloc/pico_malloc.c.obj
                0x10004db0                __wrap_malloc
 .text          0x10004dd4       0x10 CMakeFiles/picotkl.dir/C_/Users/Guilh/.pico-sdk/sdk/1.5.1/src/rp2_common/pico_mem_ops/mem_ops_aeabi.S.obj
                0x10004dd4                __aeabi_mem_init
 .text.memset   0x10004de4        0xc CMakeFiles/picotkl.dir/C_/Users/Guilh/.pico-sdk/sdk/1.5.1/src/rp2_common/pico_mem_ops/mem_ops_aeabi.S.obj
                0x10004de4                __wrap_memset
 .text.memcpy   0x10004df0        0xc CMakeFiles/picotkl.dir/C_/Users/Guilh/.pico-sdk/sdk/1.5.1/src/rp2_common/pico_mem_ops/mem_ops_aeabi.S.obj
                0x10004df0                __wrap_memcpy
                0x10004df0                __wrap___aeabi_memcpy
 .text.stdio_out_chars_crlf
                0x10004dfc       0x94 CMakeFiles/picotkl.dir/C_/Users/Guilh/.pico-sdk/sdk/1.5.1/src/rp2_common/pico_stdio/stdio.c.obj
 .text.stdio_buffered_printer
                0x10004e90       0x64 CMakeFiles/picotkl.dir/C_/Users/Guilh/.pico-sdk/sdk/1.5.1/src/rp2_common/pico_stdio/stdio.c.obj
 .text.__wrap_putchar
                0x10004ef4       0x98 CMakeFiles/picotkl.dir/C_/Users/Guilh/.pico-sdk/sdk/1.5.1/src/rp2_common/pico_stdio/stdio.c.obj
                0x10004ef4                __wrap_putchar
 .text.__wrap_puts
                0x10004f8c       0xe0 CMakeFiles/picotkl.dir/C_/Users/Guilh/.pico-sdk/sdk/1.5.1/src/rp2_common/pico_stdio/stdio.c.obj
                0x10004f8c                __wrap_puts
 .text.__wrap_vprintf
                0x1000506c       0xd4 CMakeFiles/picotkl.dir/C_/Users/Guilh/.pico-sdk/sdk/1.5.1/src/rp2_common/pico_stdio/stdio.c.obj
                0x1000506c                __wrap_vprintf
 .text.__wrap_printf
                0x10005140       0x18 CMakeFiles/picotkl.dir/C_/Users/Guilh/.pico-sdk/sdk/1.5.1/src/rp2_common/pico_stdio/stdio.c.obj
                0x10005140                __wrap_printf
 .text.dcd_int_enable
                0x10005158        0xc CMakeFiles/picotkl.dir/C_/Users/Guilh/.pico-sdk/sdk/1.5.1/lib/tinyusb/src/portable/raspberrypi/rp2040/dcd_rp2040.c.obj
                0x10005158                dcd_int_enable
 .text.dcd_set_address
                0x10005164       0x14 CMakeFiles/picotkl.dir/C_/Users/Guilh/.pico-sdk/sdk/1.5.1/lib/tinyusb/src/portable/raspberrypi/rp2040/dcd_rp2040.c.obj
                0x10005164                dcd_set_address
 .text.dcd_connect
                0x10005178       0x10 CMakeFiles/picotkl.dir/C_/Users/Guilh/.pico-sdk/sdk/1.5.1/lib/tinyusb/src/portable/raspberrypi/rp2040/dcd_rp2040.c.obj
                0x10005178                dcd_connect
 .text.dcd_init
                0x10005188       0x98 CMakeFiles/picotkl.dir/C_/Users/Guilh/.pico-sdk/sdk/1.5.1/lib/tinyusb/src/portable/raspberrypi/rp2040/dcd_rp2040.c.obj
                0x10005188                dcd_init
 .text.dcd_edpt0_status_complete
                0x10005220       0x1c CMakeFiles/picotkl.dir/C_/Users/Guilh/.pico-sdk/sdk/1.5.1/lib/tinyusb/src/portable/raspberrypi/rp2040/dcd_rp2040.c.obj
                0x10005220                dcd_edpt0_status_complete
 .text.dcd_edpt_open
                0x1000523c      0x108 CMakeFiles/picotkl.dir/C_/Users/Guilh/.pico-sdk/sdk/1.5.1/lib/tinyusb/src/portable/raspberrypi/rp2040/dcd_rp2040.c.obj
                0x1000523c                dcd_edpt_open
 .text.dcd_edpt_close_all
                0x10005344        0x8 CMakeFiles/picotkl.dir/C_/Users/Guilh/.pico-sdk/sdk/1.5.1/lib/tinyusb/src/portable/raspberrypi/rp2040/dcd_rp2040.c.obj
                0x10005344                dcd_edpt_close_all
 .text.dcd_edpt_xfer
                0x1000534c       0x24 CMakeFiles/picotkl.dir/C_/Users/Guilh/.pico-sdk/sdk/1.5.1/lib/tinyusb/src/portable/raspberrypi/rp2040/dcd_rp2040.c.obj
                0x1000534c                dcd_edpt_xfer
 .text.dcd_edpt_stall
                0x10005370       0x34 CMakeFiles/picotkl.dir/C_/Users/Guilh/.pico-sdk/sdk/1.5.1/lib/tinyusb/src/portable/raspberrypi/rp2040/dcd_rp2040.c.obj
                0x10005370                dcd_edpt_stall
 .text.dcd_edpt_clear_stall
                0x100053a4       0x30 CMakeFiles/picotkl.dir/C_/Users/Guilh/.pico-sdk/sdk/1.5.1/lib/tinyusb/src/portable/raspberrypi/rp2040/dcd_rp2040.c.obj
                0x100053a4                dcd_edpt_clear_stall
 .text.rp2040_usb_init
                0x100053d4       0x4c CMakeFiles/picotkl.dir/C_/Users/Guilh/.pico-sdk/sdk/1.5.1/lib/tinyusb/src/portable/raspberrypi/rp2040/rp2040_usb.c.obj
                0x100053d4                rp2040_usb_init
 .text.hw_endpoint_xfer_start
                0x10005420       0x40 CMakeFiles/picotkl.dir/C_/Users/Guilh/.pico-sdk/sdk/1.5.1/lib/tinyusb/src/portable/raspberrypi/rp2040/rp2040_usb.c.obj
                0x10005420                hw_endpoint_xfer_start
 .text.tud_mounted
                0x10005460       0x10 CMakeFiles/picotkl.dir/C_/Users/Guilh/.pico-sdk/sdk/1.5.1/lib/tinyusb/src/device/usbd.c.obj
                0x10005460                tud_mounted
 .text.tud_suspended
                0x10005470       0x10 CMakeFiles/picotkl.dir/C_/Users/Guilh/.pico-sdk/sdk/1.5.1/lib/tinyusb/src/device/usbd.c.obj
                0x10005470                tud_suspended
 .text.tud_inited
                0x10005480       0x14 CMakeFiles/picotkl.dir/C_/Users/Guilh/.pico-sdk/sdk/1.5.1/lib/tinyusb/src/device/usbd.c.obj
                0x10005480                tud_inited
 .text.tud_init
                0x10005494       0xdc CMakeFiles/picotkl.dir/C_/Users/Guilh/.pico-sdk/sdk/1.5.1/lib/tinyusb/src/device/usbd.c.obj
                0x10005494                tud_init
 .text.tud_task_ext
                0x10005570      0x824 CMakeFiles/picotkl.dir/C_/Users/Guilh/.pico-sdk/sdk/1.5.1/lib/tinyusb/src/device/usbd.c.obj
                0x10005570                tud_task_ext
 .text.usbd_open_edpt_pair
                0x10005d94       0x9c CMakeFiles/picotkl.dir/C_/Users/Guilh/.pico-sdk/sdk/1.5.1/lib/tinyusb/src/device/usbd.c.obj
                0x10005d94                usbd_open_edpt_pair
 .text.usbd_edpt_claim
                0x10005e30       0x28 CMakeFiles/picotkl.dir/C_/Users/Guilh/.pico-sdk/sdk/1.5.1/lib/tinyusb/src/device/usbd.c.obj
                0x10005e30                usbd_edpt_claim
 .text.usbd_edpt_xfer
                0x10005e58       0x4c CMakeFiles/picotkl.dir/C_/Users/Guilh/.pico-sdk/sdk/1.5.1/lib/tinyusb/src/device/usbd.c.obj
                0x10005e58                usbd_edpt_xfer
 .text.usbd_edpt_busy
                0x10005ea4       0x1c CMakeFiles/picotkl.dir/C_/Users/Guilh/.pico-sdk/sdk/1.5.1/lib/tinyusb/src/device/usbd.c.obj
                0x10005ea4                usbd_edpt_busy
 .text.tud_control_status
                0x10005ec0       0x2c CMakeFiles/picotkl.dir/C_/Users/Guilh/.pico-sdk/sdk/1.5.1/lib/tinyusb/src/device/usbd_control.c.obj
                0x10005ec0                tud_control_status
 .text.tud_control_xfer
                0x10005eec       0xac CMakeFiles/picotkl.dir/C_/Users/Guilh/.pico-sdk/sdk/1.5.1/lib/tinyusb/src/device/usbd_control.c.obj
                0x10005eec                tud_control_xfer
 .text.usbd_control_reset
                0x10005f98       0x14 CMakeFiles/picotkl.dir/C_/Users/Guilh/.pico-sdk/sdk/1.5.1/lib/tinyusb/src/device/usbd_control.c.obj
                0x10005f98                usbd_control_reset
 .text.usbd_control_set_complete_callback
                0x10005fac        0xc CMakeFiles/picotkl.dir/C_/Users/Guilh/.pico-sdk/sdk/1.5.1/lib/tinyusb/src/device/usbd_control.c.obj
                0x10005fac                usbd_control_set_complete_callback
 .text.usbd_control_set_request
                0x10005fb8       0x1c CMakeFiles/picotkl.dir/C_/Users/Guilh/.pico-sdk/sdk/1.5.1/lib/tinyusb/src/device/usbd_control.c.obj
                0x10005fb8                usbd_control_set_request
 .text.usbd_control_xfer_cb
                0x10005fd4       0xf4 CMakeFiles/picotkl.dir/C_/Users/Guilh/.pico-sdk/sdk/1.5.1/lib/tinyusb/src/device/usbd_control.c.obj
                0x10005fd4                usbd_control_xfer_cb
 .text.tud_hid_n_ready
                0x100060c8       0x38 CMakeFiles/picotkl.dir/C_/Users/Guilh/.pico-sdk/sdk/1.5.1/lib/tinyusb/src/class/hid/hid_device.c.obj
                0x100060c8                tud_hid_n_ready
 .text.tud_hid_n_report
                0x10006100       0x94 CMakeFiles/picotkl.dir/C_/Users/Guilh/.pico-sdk/sdk/1.5.1/lib/tinyusb/src/class/hid/hid_device.c.obj
                0x10006100                tud_hid_n_report
 .text.tud_hid_n_keyboard_report
                0x10006194       0x88 CMakeFiles/picotkl.dir/C_/Users/Guilh/.pico-sdk/sdk/1.5.1/lib/tinyusb/src/class/hid/hid_device.c.obj
                0x10006194                tud_hid_n_keyboard_report
 .text.hidd_init
                0x1000621c       0x14 CMakeFiles/picotkl.dir/C_/Users/Guilh/.pico-sdk/sdk/1.5.1/lib/tinyusb/src/class/hid/hid_device.c.obj
                0x1000621c                hidd_init
 .text.hidd_reset
                0x10006230       0x14 CMakeFiles/picotkl.dir/C_/Users/Guilh/.pico-sdk/sdk/1.5.1/lib/tinyusb/src/class/hid/hid_device.c.obj
                0x10006230                hidd_reset
 .text.hidd_open
                0x10006244       0x8c CMakeFiles/picotkl.dir/C_/Users/Guilh/.pico-sdk/sdk/1.5.1/lib/tinyusb/src/class/hid/hid_device.c.obj
                0x10006244                hidd_open
 .text.hidd_control_xfer_cb
                0x100062d0      0x1c8 CMakeFiles/picotkl.dir/C_/Users/Guilh/.pico-sdk/sdk/1.5.1/lib/tinyusb/src/class/hid/hid_device.c.obj
                0x100062d0                hidd_control_xfer_cb
 .text.hidd_xfer_cb
                0x10006498       0x60 CMakeFiles/picotkl.dir/C_/Users/Guilh/.pico-sdk/sdk/1.5.1/lib/tinyusb/src/class/hid/hid_device.c.obj
                0x10006498                hidd_xfer_cb
 .text.tusb_init
                0x100064f8        0xc CMakeFiles/picotkl.dir/C_/Users/Guilh/.pico-sdk/sdk/1.5.1/lib/tinyusb/src/tusb.c.obj
                0x100064f8                tusb_init
 .text.tusb_inited
                0x10006504        0x8 CMakeFiles/picotkl.dir/C_/Users/Guilh/.pico-sdk/sdk/1.5.1/lib/tinyusb/src/tusb.c.obj
                0x10006504                tusb_inited
 .text.tu_edpt_claim
                0x1000650c       0x50 CMakeFiles/picotkl.dir/C_/Users/Guilh/.pico-sdk/sdk/1.5.1/lib/tinyusb/src/tusb.c.obj
                0x1000650c                tu_edpt_claim
 .text.tu_edpt_validate
                0x1000655c       0x7c CMakeFiles/picotkl.dir/C_/Users/Guilh/.pico-sdk/sdk/1.5.1/lib/tinyusb/src/tusb.c.obj
                0x1000655c                tu_edpt_validate
 .text.tu_edpt_bind_driver
                0x100065d8       0x34 CMakeFiles/picotkl.dir/C_/Users/Guilh/.pico-sdk/sdk/1.5.1/lib/tinyusb/src/tusb.c.obj
                0x100065d8                tu_edpt_bind_driver
 .text.tu_fifo_read
                0x1000660c       0x9c CMakeFiles/picotkl.dir/C_/Users/Guilh/.pico-sdk/sdk/1.5.1/lib/tinyusb/src/common/tusb_fifo.c.obj
                0x1000660c                tu_fifo_read
 .text.tu_fifo_write
                0x100066a8       0xa8 CMakeFiles/picotkl.dir/C_/Users/Guilh/.pico-sdk/sdk/1.5.1/lib/tinyusb/src/common/tusb_fifo.c.obj
                0x100066a8                tu_fifo_write
 .text.tu_fifo_clear
                0x10006750       0x40 CMakeFiles/picotkl.dir/C_/Users/Guilh/.pico-sdk/sdk/1.5.1/lib/tinyusb/src/common/tusb_fifo.c.obj
                0x10006750                tu_fifo_clear
 .text.i2c_set_baudrate
                0x10006790       0xc4 CMakeFiles/picotkl.dir/C_/Users/Guilh/.pico-sdk/sdk/1.5.1/src/rp2_common/hardware_i2c/i2c.c.obj
                0x10006790                i2c_set_baudrate
 .text.i2c_init
                0x10006854       0x50 CMakeFiles/picotkl.dir/C_/Users/Guilh/.pico-sdk/sdk/1.5.1/src/rp2_common/hardware_i2c/i2c.c.obj
                0x10006854                i2c_init
 .text.i2c_write_blocking
                0x100068a4       0xd0 CMakeFiles/picotkl.dir/C_/Users/Guilh/.pico-sdk/sdk/1.5.1/src/rp2_common/hardware_i2c/i2c.c.obj
                0x100068a4                i2c_write_blocking
 .text.pio_claim_unused_sm
                0x10006974       0x3c CMakeFiles/picotkl.dir/C_/Users/Guilh/.pico-sdk/sdk/1.5.1/src/rp2_common/hardware_pio/pio.c.obj
                0x10006974                pio_claim_unused_sm
 .text.pio_add_program
                0x100069b0       0xf0 CMakeFiles/picotkl.dir/C_/Users/Guilh/.pico-sdk/sdk/1.5.1/src/rp2_common/hardware_pio/pio.c.obj
                0x100069b0                pio_add_program
 .text.pio_sm_init
                0x10006aa0       0x98 CMakeFiles/picotkl.dir/C_/Users/Guilh/.pico-sdk/sdk/1.5.1/src/rp2_common/hardware_pio/pio.c.obj
                0x10006aa0                pio_sm_init
 .text.ssd1306_bmp_show_image_with_offset.part.0
                0x10006b38      0x190 pico-ssd1306/libpico_ssd1306.a(ssd1306.c.obj)
 .text.ssd1306_init
                0x10006cc8      0x144 pico-ssd1306/libpico_ssd1306.a(ssd1306.c.obj)
                0x10006cc8                ssd1306_init
 .text.ssd1306_clear
                0x10006e0c       0x10 pico-ssd1306/libpico_ssd1306.a(ssd1306.c.obj)
                0x10006e0c                ssd1306_clear
 .text.ssd1306_bmp_show_image
                0x10006e1c       0x10 pico-ssd1306/libpico_ssd1306.a(ssd1306.c.obj)
                0x10006e1c                ssd1306_bmp_show_image
 .text.ssd1306_show
                0x10006e2c       0xd0 pico-ssd1306/libpico_ssd1306.a(ssd1306.c.obj)
                0x10006e2c                ssd1306_show
 .text.malloc   0x10006efc       0x14 C:/Users/Guilh/.pico-sdk/toolchain/13_2_Rel1/bin/../lib/gcc/arm-none-eabi/13.2.1/thumb/v6-m/nofp\libc.a(libc_a-malloc.o)
                0x10006efc                malloc
 .text._malloc_r
                0x10006f10      0x5c4 C:/Users/Guilh/.pico-sdk/toolchain/13_2_Rel1/bin/../lib/gcc/arm-none-eabi/13.2.1/thumb/v6-m/nofp\libc.a(libc_a-mallocr.o)
                0x10006f10                _malloc_r
 .text.__malloc_lock
                0x100074d4       0x10 C:/Users/Guilh/.pico-sdk/toolchain/13_2_Rel1/bin/../lib/gcc/arm-none-eabi/13.2.1/thumb/v6-m/nofp\libc.a(libc_a-mlock.o)
                0x100074d4                __malloc_lock
 .text.__malloc_unlock
                0x100074e4       0x10 C:/Users/Guilh/.pico-sdk/toolchain/13_2_Rel1/bin/../lib/gcc/arm-none-eabi/13.2.1/thumb/v6-m/nofp\libc.a(libc_a-mlock.o)
                0x100074e4                __malloc_unlock
 .text._sbrk_r  0x100074f4       0x24 C:/Users/Guilh/.pico-sdk/toolchain/13_2_Rel1/bin/../lib/gcc/arm-none-eabi/13.2.1/thumb/v6-m/nofp\libc.a(libc_a-sbrkr.o)
                0x100074f4                _sbrk_r
 .text.__errno  0x10007518        0xc C:/Users/Guilh/.pico-sdk/toolchain/13_2_Rel1/bin/../lib/gcc/arm-none-eabi/13.2.1/thumb/v6-m/nofp\libc.a(libc_a-errno.o)
                0x10007518                __errno
 .text.__retarget_lock_acquire_recursive
                0x10007524        0x4 C:/Users/Guilh/.pico-sdk/toolchain/13_2_Rel1/bin/../lib/gcc/arm-none-eabi/13.2.1/thumb/v6-m/nofp\libc.a(libc_a-lock.o)
                0x10007524                __retarget_lock_acquire_recursive
 .text.__retarget_lock_release_recursive
                0x10007528        0x4 C:/Users/Guilh/.pico-sdk/toolchain/13_2_Rel1/bin/../lib/gcc/arm-none-eabi/13.2.1/thumb/v6-m/nofp\libc.a(libc_a-lock.o)
                0x10007528                __retarget_lock_release_recursive
 .text.sysconf  0x1000752c       0x1c C:/Users/Guilh/.pico-sdk/toolchain/13_2_Rel1/bin/../lib/gcc/arm-none-eabi/13.2.1/thumb/v6-m/nofp\libc.a(libc_a-sysconf.o)
                0x1000752c                sysconf
 .text.strlen   0x10007548       0x5c C:/Users/Guilh/.pico-sdk/toolchain/13_2_Rel1/bin/../lib/gcc/arm-none-eabi/13.2.1/thumb/v6-m/nofp\libc.a(libc_a-strlen-stub.o)
                0x10007548                strlen
 .text._malloc_trim_r
                0x100075a4       0xb4 C:/Users/Guilh/.pico-sdk/toolchain/13_2_Rel1/bin/../lib/gcc/arm-none-eabi/13.2.1/thumb/v6-m/nofp\libc.a(libc_a-freer.o)
                0x100075a4                _malloc_trim_r
 .text._free_r  0x10007658      0x1d4 C:/Users/Guilh/.pico-sdk/toolchain/13_2_Rel1/bin/../lib/gcc/arm-none-eabi/13.2.1/thumb/v6-m/nofp\libc.a(libc_a-freer.o)
                0x10007658                _free_r
 *(.fini)
 .fini          0x1000782c        0x4 C:/Users/Guilh/.pico-sdk/toolchain/13_2_Rel1/bin/../lib/gcc/arm-none-eabi/13.2.1/thumb/v6-m/nofp/crti.o
                0x1000782c                _fini
 .fini.__stub   0x10007830       0xa0 linker stubs
 *crtbegin.o(.ctors)
 *crtbegin?.o(.ctors)
 *(EXCLUDE_FILE(*crtend.o *crtend?.o) .ctors)
 *(SORT_BY_NAME(.ctors.*))
 *(.ctors)
 *crtbegin.o(.dtors)
 *crtbegin?.o(.dtors)
 *(EXCLUDE_FILE(*crtend.o *crtend?.o) .dtors)
 *(SORT_BY_NAME(.dtors.*))
 *(.dtors)
 *(.eh_frame*)
 .eh_frame      0x100078d0        0x0 C:/Users/Guilh/.pico-sdk/toolchain/13_2_Rel1/bin/../lib/gcc/arm-none-eabi/13.2.1/thumb/v6-m/nofp/crtbegin.o
                0x100078d0                        . = ALIGN (0x4)

.glue_7         0x100078d0        0x0
 .glue_7        0x100078d0        0x0 linker stubs

.glue_7t        0x100078d0        0x0
 .glue_7t       0x100078d0        0x0 linker stubs

.vfp11_veneer   0x100078d0        0x0
 .vfp11_veneer  0x100078d0        0x0 linker stubs

.v4_bx          0x100078d0        0x0
 .v4_bx         0x100078d0        0x0 linker stubs

.iplt           0x100078d0        0x0
 .iplt          0x100078d0        0x0 C:/Users/Guilh/.pico-sdk/toolchain/13_2_Rel1/bin/../lib/gcc/arm-none-eabi/13.2.1/thumb/v6-m/nofp/crtbegin.o

.rodata         0x100078d0     0x101c
 *(EXCLUDE_FILE(*libm.a: *libc.a:*lib_a-mem*.o *libgcc.a:) .rodata*)
 .rodata.CSWTCH.99
                0x100078d0        0xe CMakeFiles/picotkl.dir/keyboard.c.obj
 *fill*         0x100078de        0x2 
 .rodata.keymap
                0x100078e0       0xc0 CMakeFiles/picotkl.dir/keyboard.c.obj
 .rodata.quadratureA_program
                0x100079a0        0x6 CMakeFiles/picotkl.dir/keyboard.c.obj
 *fill*         0x100079a6        0x2 
 .rodata.quadratureA_program_instructions
                0x100079a8       0x1c CMakeFiles/picotkl.dir/keyboard.c.obj
 .rodata.str1.4
                0x100079c4      0x1d5 CMakeFiles/picotkl.dir/usb_descriptors.c.obj
                                 0x23 (size before relaxing)
 *fill*         0x10007b99        0x3 
 .rodata.__compound_literal.0
                0x10007b9c        0x2 CMakeFiles/picotkl.dir/usb_descriptors.c.obj
 *fill*         0x10007b9e        0x2 
 .rodata.desc_configuration
                0x10007ba0       0x22 CMakeFiles/picotkl.dir/usb_descriptors.c.obj
                0x10007ba0                desc_configuration
 *fill*         0x10007bc2        0x2 
 .rodata.desc_hid_report
                0x10007bc4       0x5c CMakeFiles/picotkl.dir/usb_descriptors.c.obj
                0x10007bc4                desc_hid_report
 .rodata.desc_device
                0x10007c20       0x12 CMakeFiles/picotkl.dir/usb_descriptors.c.obj
                0x10007c20                desc_device
 *fill*         0x10007c32        0x2 
 .rodata.bongocat_idle
                0x10007c34      0x23e CMakeFiles/picotkl.dir/bongocat.c.obj
                0x10007c34                bongocat_idle
 *fill*         0x10007e72        0x2 
 .rodata.bongocat_left_tap
                0x10007e74      0x282 CMakeFiles/picotkl.dir/bongocat.c.obj
                0x10007e74                bongocat_left_tap
 *fill*         0x100080f6        0x2 
 .rodata.bongocat_right_tap
                0x100080f8      0x282 CMakeFiles/picotkl.dir/bongocat.c.obj
                0x100080f8                bongocat_right_tap
 *fill*         0x1000837a        0x2 
 .rodata.bongocat_up
                0x1000837c      0x282 CMakeFiles/picotkl.dir/bongocat.c.obj
                0x1000837c                bongocat_up
 .rodata.spin_lock_claim_unused.str1.4
                0x100085fe       0x1b CMakeFiles/picotkl.dir/C_/Users/Guilh/.pico-sdk/sdk/1.5.1/src/rp2_common/hardware_sync/sync.c.obj
 .rodata.hardware_alarm_claim.str1.4
                0x100085fe       0x22 CMakeFiles/picotkl.dir/C_/Users/Guilh/.pico-sdk/sdk/1.5.1/src/rp2_common/hardware_timer/timer.c.obj
 .rodata.panic.str1.4
                0x100085fe       0x12 CMakeFiles/picotkl.dir/C_/Users/Guilh/.pico-sdk/sdk/1.5.1/src/rp2_common/pico_runtime/runtime.c.obj
 .rodata.hard_assertion_failure.str1.4
                0x100085fe        0xc CMakeFiles/picotkl.dir/C_/Users/Guilh/.pico-sdk/sdk/1.5.1/src/rp2_common/pico_runtime/runtime.c.obj
 .rodata._ftoa.str1.4
                0x100085fe       0x15 CMakeFiles/picotkl.dir/C_/Users/Guilh/.pico-sdk/sdk/1.5.1/src/rp2_common/pico_printf/printf.c.obj
 *fill*         0x100085fe        0x2 
 .rodata._vsnprintf
                0x10008600      0x19c CMakeFiles/picotkl.dir/C_/Users/Guilh/.pico-sdk/sdk/1.5.1/src/rp2_common/pico_printf/printf.c.obj
 *fill*         0x1000879c        0x4 
 .rodata.pow10.0
                0x100087a0       0x50 CMakeFiles/picotkl.dir/C_/Users/Guilh/.pico-sdk/sdk/1.5.1/src/rp2_common/pico_printf/printf.c.obj
 .rodata.__wrap_malloc.str1.4
                0x100087f0        0xe CMakeFiles/picotkl.dir/C_/Users/Guilh/.pico-sdk/sdk/1.5.1/src/rp2_common/pico_malloc/pico_malloc.c.obj
 .rodata.str1.4
                0x100087f0       0x3c CMakeFiles/picotkl.dir/C_/Users/Guilh/.pico-sdk/sdk/1.5.1/src/rp2_common/pico_standard_link/binary_info.c.obj
 .rodata.__bi_81
                0x100087f0        0xc CMakeFiles/picotkl.dir/C_/Users/Guilh/.pico-sdk/sdk/1.5.1/src/rp2_common/pico_standard_link/binary_info.c.obj
 .rodata.__bi_75
                0x100087fc        0xc CMakeFiles/picotkl.dir/C_/Users/Guilh/.pico-sdk/sdk/1.5.1/src/rp2_common/pico_standard_link/binary_info.c.obj
 .rodata.__bi_44
                0x10008808        0xc CMakeFiles/picotkl.dir/C_/Users/Guilh/.pico-sdk/sdk/1.5.1/src/rp2_common/pico_standard_link/binary_info.c.obj
 .rodata.crlf_str.0
                0x10008814        0x2 CMakeFiles/picotkl.dir/C_/Users/Guilh/.pico-sdk/sdk/1.5.1/src/rp2_common/pico_stdio/stdio.c.obj
 .rodata.str1.4
                0x10008816       0x14 CMakeFiles/picotkl.dir/C_/Users/Guilh/.pico-sdk/sdk/1.5.1/lib/tinyusb/src/portable/raspberrypi/rp2040/dcd_rp2040.c.obj
 .rodata.str1.4
                0x10008816       0x53 CMakeFiles/picotkl.dir/C_/Users/Guilh/.pico-sdk/sdk/1.5.1/lib/tinyusb/src/portable/raspberrypi/rp2040/rp2040_usb.c.obj
 *fill*         0x10008816        0x2 
 .rodata.tud_task_ext
                0x10008818       0x8c CMakeFiles/picotkl.dir/C_/Users/Guilh/.pico-sdk/sdk/1.5.1/lib/tinyusb/src/device/usbd.c.obj
 .rodata._usbd_driver
                0x100088a4       0x18 CMakeFiles/picotkl.dir/C_/Users/Guilh/.pico-sdk/sdk/1.5.1/lib/tinyusb/src/device/usbd.c.obj
 .rodata.hidd_control_xfer_cb
                0x100088bc       0x30 CMakeFiles/picotkl.dir/C_/Users/Guilh/.pico-sdk/sdk/1.5.1/lib/tinyusb/src/class/hid/hid_device.c.obj
 .rodata.pio_claim_unused_sm.str1.4
                0x100088ec       0x24 CMakeFiles/picotkl.dir/C_/Users/Guilh/.pico-sdk/sdk/1.5.1/src/rp2_common/hardware_pio/pio.c.obj
 .rodata.pio_add_program.str1.4
                0x100088ec       0x11 CMakeFiles/picotkl.dir/C_/Users/Guilh/.pico-sdk/sdk/1.5.1/src/rp2_common/hardware_pio/pio.c.obj
 .rodata.ssd1306_init.str1.4
                0x100088ec       0x3f pico-ssd1306/libpico_ssd1306.a(ssd1306.c.obj)
 .rodata.ssd1306_show.str1.4
                0x100088ec        0xd pico-ssd1306/libpico_ssd1306.a(ssd1306.c.obj)
                0x1000892c                        . = ALIGN (0x4)
 *(SORT_BY_ALIGNMENT(SORT_BY_NAME(.flashdata*)))
                0x1000892c                        . = ALIGN (0x4)

.ARM.extab
 *(.ARM.extab* .gnu.linkonce.armextab.*)
                0x100088ec                        __exidx_start = .

.ARM.exidx
 *(.ARM.exidx* .gnu.linkonce.armexidx.*)
                0x100088ec                        __exidx_end = .
                0x1000892c                        . = ALIGN (0x4)
                0x100088ec                        __binary_info_start = .

.binary_info    0x100088ec       0x1c
 *(.binary_info.keep.*)
 .binary_info.keep.__bi_ptr81
                0x100088ec        0x4 CMakeFiles/picotkl.dir/C_/Users/Guilh/.pico-sdk/sdk/1.5.1/src/rp2_common/pico_standard_link/binary_info.c.obj
 .binary_info.keep.__bi_ptr75
                0x100088f0        0x4 CMakeFiles/picotkl.dir/C_/Users/Guilh/.pico-sdk/sdk/1.5.1/src/rp2_common/pico_standard_link/binary_info.c.obj
 .binary_info.keep.__bi_ptr50
                0x100088f4        0x4 CMakeFiles/picotkl.dir/C_/Users/Guilh/.pico-sdk/sdk/1.5.1/src/rp2_common/pico_standard_link/binary_info.c.obj
 .binary_info.keep.__bi_ptr44
                0x100088f8        0x4 CMakeFiles/picotkl.dir/C_/Users/Guilh/.pico-sdk/sdk/1.5.1/src/rp2_common/pico_standard_link/binary_info.c.obj
 .binary_info.keep.__bi_ptr38
                0x100088fc        0x4 CMakeFiles/picotkl.dir/C_/Users/Guilh/.pico-sdk/sdk/1.5.1/src/rp2_common/pico_standard_link/binary_info.c.obj
 .binary_info.keep.__bi_ptr30
                0x10008900        0x4 CMakeFiles/picotkl.dir/C_/Users/Guilh/.pico-sdk/sdk/1.5.1/src/rp2_common/pico_standard_link/binary_info.c.obj
 .binary_info.keep.__bi_ptr22
                0x10008904        0x4 CMakeFiles/picotkl.dir/C_/Users/Guilh/.pico-sdk/sdk/1.5.1/src/rp2_common/pico_standard_link/binary_info.c.obj
 *(.binary_info.*)
                0x10008908                        __binary_info_end = .

.rel.dyn        0x10008908        0x0
 .rel.iplt      0x10008908        0x0 C:/Users/Guilh/.pico-sdk/toolchain/13_2_Rel1/bin/../lib/gcc/arm-none-eabi/13.2.1/thumb/v6-m/nofp/crtbegin.o
                0x10008908                        . = ALIGN (0x4)

.ram_vector_table
                0x20000000       0xc0
 *(.ram_vector_table)
 .ram_vector_table
                0x20000000       0xc0 CMakeFiles/picotkl.dir/C_/Users/Guilh/.pico-sdk/sdk/1.5.1/src/rp2_common/pico_runtime/runtime.c.obj
                0x20000000                ram_vector_table

.data           0x200000c0     0x1234 load address 0x10008908
                0x200000c0                        __data_start__ = .
 *(vtable)
 *(.time_critical*)
 .time_critical.mutex_try_enter_block_until
                0x200000c0       0x9c CMakeFiles/picotkl.dir/C_/Users/Guilh/.pico-sdk/sdk/1.5.1/src/common/pico_sync/mutex.c.obj
                0x200000c0                mutex_try_enter_block_until
 .time_critical.mutex_enter_timeout_ms
                0x2000015c       0x90 CMakeFiles/picotkl.dir/C_/Users/Guilh/.pico-sdk/sdk/1.5.1/src/common/pico_sync/mutex.c.obj
                0x2000015c                mutex_enter_timeout_ms
 .time_critical.mutex_exit
                0x200001ec       0x28 CMakeFiles/picotkl.dir/C_/Users/Guilh/.pico-sdk/sdk/1.5.1/src/common/pico_sync/mutex.c.obj
                0x200001ec                mutex_exit
 .time_critical.reset_non_control_endpoints
                0x20000214       0x68 CMakeFiles/picotkl.dir/C_/Users/Guilh/.pico-sdk/sdk/1.5.1/lib/tinyusb/src/portable/raspberrypi/rp2040/dcd_rp2040.c.obj
 .time_critical.hw_handle_buff_status
                0x2000027c       0xb0 CMakeFiles/picotkl.dir/C_/Users/Guilh/.pico-sdk/sdk/1.5.1/lib/tinyusb/src/portable/raspberrypi/rp2040/dcd_rp2040.c.obj
 .time_critical.dcd_rp2040_irq
                0x2000032c      0x510 CMakeFiles/picotkl.dir/C_/Users/Guilh/.pico-sdk/sdk/1.5.1/lib/tinyusb/src/portable/raspberrypi/rp2040/dcd_rp2040.c.obj
 .time_critical.e15_is_bulkin_ep
                0x2000083c       0x28 CMakeFiles/picotkl.dir/C_/Users/Guilh/.pico-sdk/sdk/1.5.1/lib/tinyusb/src/portable/raspberrypi/rp2040/rp2040_usb.c.obj
 .time_critical.e15_is_critical_frame_period
                0x20000864       0x34 CMakeFiles/picotkl.dir/C_/Users/Guilh/.pico-sdk/sdk/1.5.1/lib/tinyusb/src/portable/raspberrypi/rp2040/rp2040_usb.c.obj
 .time_critical.prepare_ep_buffer
                0x20000898       0x6c CMakeFiles/picotkl.dir/C_/Users/Guilh/.pico-sdk/sdk/1.5.1/lib/tinyusb/src/portable/raspberrypi/rp2040/rp2040_usb.c.obj
 .time_critical.sync_ep_buffer
                0x20000904       0x48 CMakeFiles/picotkl.dir/C_/Users/Guilh/.pico-sdk/sdk/1.5.1/lib/tinyusb/src/portable/raspberrypi/rp2040/rp2040_usb.c.obj
 .time_critical._hw_endpoint_xfer_sync
                0x2000094c       0x28 CMakeFiles/picotkl.dir/C_/Users/Guilh/.pico-sdk/sdk/1.5.1/lib/tinyusb/src/portable/raspberrypi/rp2040/rp2040_usb.c.obj
 .time_critical.hw_endpoint_reset_transfer
                0x20000974        0xc CMakeFiles/picotkl.dir/C_/Users/Guilh/.pico-sdk/sdk/1.5.1/lib/tinyusb/src/portable/raspberrypi/rp2040/rp2040_usb.c.obj
                0x20000974                hw_endpoint_reset_transfer
 .time_critical._hw_endpoint_buffer_control_update32
                0x20000980       0x58 CMakeFiles/picotkl.dir/C_/Users/Guilh/.pico-sdk/sdk/1.5.1/lib/tinyusb/src/portable/raspberrypi/rp2040/rp2040_usb.c.obj
                0x20000980                _hw_endpoint_buffer_control_update32
 .time_critical.hw_endpoint_start_next_buffer
                0x200009d8       0x6c CMakeFiles/picotkl.dir/C_/Users/Guilh/.pico-sdk/sdk/1.5.1/lib/tinyusb/src/portable/raspberrypi/rp2040/rp2040_usb.c.obj
                0x200009d8                hw_endpoint_start_next_buffer
 .time_critical.hw_endpoint_xfer_continue
                0x20000a44       0x50 CMakeFiles/picotkl.dir/C_/Users/Guilh/.pico-sdk/sdk/1.5.1/lib/tinyusb/src/portable/raspberrypi/rp2040/rp2040_usb.c.obj
                0x20000a44                hw_endpoint_xfer_continue
 .time_critical.tinyusb
                0x20000a94      0x16c CMakeFiles/picotkl.dir/C_/Users/Guilh/.pico-sdk/sdk/1.5.1/lib/tinyusb/src/device/usbd.c.obj
                0x20000a94                dcd_event_handler
 *(.text*)
 .text          0x20000c00        0x4 C:/Users/Guilh/.pico-sdk/toolchain/13_2_Rel1/bin/../lib/gcc/arm-none-eabi/13.2.1/thumb/v6-m/nofp\libgcc.a(_dvmd_tls.o)
                0x20000c00                __aeabi_idiv0
                0x20000c00                __aeabi_ldiv0
 *fill*         0x20000c04        0x4 
 .text.__stub   0x20000c08       0x70 linker stubs
                0x20000c78                        . = ALIGN (0x4)
 *(.rodata*)
                0x20000c78                        . = ALIGN (0x4)
 *(.data*)
 .data.config_column_map
                0x20000c78       0x20 CMakeFiles/picotkl.dir/keyboard.c.obj
                0x20000c78                config_column_map
 .data.config_row_map
                0x20000c98       0x30 CMakeFiles/picotkl.dir/keyboard.c.obj
                0x20000c98                config_row_map
 .data.blink_interval_ms
                0x20000cc8        0x4 CMakeFiles/picotkl.dir/led.c.obj
                0x20000cc8                blink_interval_ms
 .data.string_desc_arr
                0x20000ccc       0x10 CMakeFiles/picotkl.dir/usb_descriptors.c.obj
                0x20000ccc                string_desc_arr
 .data.is_left_tap
                0x20000cdc        0x1 CMakeFiles/picotkl.dir/bongocat.c.obj
 .data.striped_spin_lock_num
                0x20000cdd        0x1 CMakeFiles/picotkl.dir/C_/Users/Guilh/.pico-sdk/sdk/1.5.1/src/rp2_common/hardware_sync/sync.c.obj
 *fill*         0x20000cde        0x2 
 .data          0x20000ce0       0x48 CMakeFiles/picotkl.dir/C_/Users/Guilh/.pico-sdk/sdk/1.5.1/src/rp2_common/hardware_irq/irq_handler_chain.S.obj
                0x20000ce0                irq_handler_chain_slots
                0x20000d10                irq_handler_chain_first_slot
                0x20000d1a                irq_handler_chain_remove_tail
 .data.default_alarm_pool
                0x20000d28       0x18 CMakeFiles/picotkl.dir/C_/Users/Guilh/.pico-sdk/sdk/1.5.1/src/common/pico_time/time.c.obj
 .data.default_alarm_pool_heap
                0x20000d40       0x10 CMakeFiles/picotkl.dir/C_/Users/Guilh/.pico-sdk/sdk/1.5.1/src/common/pico_time/time.c.obj
 *fill*         0x20000d50        0x0 
 .data.aeabi_bits_funcs
                0x20000d50       0x10 CMakeFiles/picotkl.dir/C_/Users/Guilh/.pico-sdk/sdk/1.5.1/src/rp2_common/pico_bit_ops/bit_ops_aeabi.S.obj
                0x20000d50                aeabi_bits_funcs
                0x20000d60                aeabi_bits_funcs_end
 .data.aeabi_mem_funcs
                0x20000d60       0x10 CMakeFiles/picotkl.dir/C_/Users/Guilh/.pico-sdk/sdk/1.5.1/src/rp2_common/pico_mem_ops/mem_ops_aeabi.S.obj
                0x20000d60                aeabi_mem_funcs
                0x20000d70                aeabi_mem_funcs_end
 .data.ep_dir_string
                0x20000d70        0x8 CMakeFiles/picotkl.dir/C_/Users/Guilh/.pico-sdk/sdk/1.5.1/lib/tinyusb/src/portable/raspberrypi/rp2040/rp2040_usb.c.obj
                0x20000d70                ep_dir_string
 .data._usbd_qdef
                0x20000d78       0x1c CMakeFiles/picotkl.dir/C_/Users/Guilh/.pico-sdk/sdk/1.5.1/lib/tinyusb/src/device/usbd.c.obj
                0x20000d78                _usbd_qdef
 .data._usbd_rhport
                0x20000d94        0x1 CMakeFiles/picotkl.dir/C_/Users/Guilh/.pico-sdk/sdk/1.5.1/lib/tinyusb/src/device/usbd.c.obj
 *fill*         0x20000d95        0x3 
 .data.i2c0_inst
                0x20000d98        0x8 CMakeFiles/picotkl.dir/C_/Users/Guilh/.pico-sdk/sdk/1.5.1/src/rp2_common/hardware_i2c/i2c.c.obj
                0x20000d98                i2c0_inst
 .data.__malloc_sbrk_base
                0x20000da0        0x4 C:/Users/Guilh/.pico-sdk/toolchain/13_2_Rel1/bin/../lib/gcc/arm-none-eabi/13.2.1/thumb/v6-m/nofp\libc.a(libc_a-mallocr.o)
                0x20000da0                __malloc_sbrk_base
 .data.__malloc_trim_threshold
                0x20000da4        0x4 C:/Users/Guilh/.pico-sdk/toolchain/13_2_Rel1/bin/../lib/gcc/arm-none-eabi/13.2.1/thumb/v6-m/nofp\libc.a(libc_a-mallocr.o)
                0x20000da4                __malloc_trim_threshold
 .data.__malloc_av_
                0x20000da8      0x408 C:/Users/Guilh/.pico-sdk/toolchain/13_2_Rel1/bin/../lib/gcc/arm-none-eabi/13.2.1/thumb/v6-m/nofp\libc.a(libc_a-mallocr.o)
                0x20000da8                __malloc_av_
 .data._impure_ptr
                0x200011b0        0x4 C:/Users/Guilh/.pico-sdk/toolchain/13_2_Rel1/bin/../lib/gcc/arm-none-eabi/13.2.1/thumb/v6-m/nofp\libc.a(libc_a-impure.o)
                0x200011b0                _impure_ptr
 *fill*         0x200011b4        0x4 
 .data._impure_data
                0x200011b8      0x120 C:/Users/Guilh/.pico-sdk/toolchain/13_2_Rel1/bin/../lib/gcc/arm-none-eabi/13.2.1/thumb/v6-m/nofp\libc.a(libc_a-impure.o)
                0x200011b8                _impure_data
                0x200012d8                        . = ALIGN (0x4)
 *(.after_data.*)
                0x200012d8                        . = ALIGN (0x4)
                0x200012d8                        PROVIDE (__mutex_array_start = .)
 *(SORT_BY_NAME(.mutex_array.*))
 *(.mutex_array)
 .mutex_array   0x200012d8        0x8 CMakeFiles/picotkl.dir/C_/Users/Guilh/.pico-sdk/sdk/1.5.1/src/rp2_common/pico_stdio/stdio.c.obj
                0x200012e0                        PROVIDE (__mutex_array_end = .)
                0x200012e0                        . = ALIGN (0x4)
                0x200012e0                        PROVIDE (__preinit_array_start = .)
 *(SORT_BY_NAME(.preinit_array.*))
 .preinit_array.00001
                0x200012e0        0x4 CMakeFiles/picotkl.dir/C_/Users/Guilh/.pico-sdk/sdk/1.5.1/src/rp2_common/pico_mem_ops/mem_ops_aeabi.S.obj
 .preinit_array.00010
                0x200012e4        0x4 CMakeFiles/picotkl.dir/C_/Users/Guilh/.pico-sdk/sdk/1.5.1/src/rp2_common/pico_bit_ops/bit_ops_aeabi.S.obj
 .preinit_array.00020
                0x200012e8        0x4 CMakeFiles/picotkl.dir/C_/Users/Guilh/.pico-sdk/sdk/1.5.1/src/rp2_common/pico_double/double_aeabi.S.obj
 .preinit_array.00020
                0x200012ec        0x4 CMakeFiles/picotkl.dir/C_/Users/Guilh/.pico-sdk/sdk/1.5.1/src/rp2_common/pico_float/float_aeabi.S.obj
 *(.preinit_array)
                0x200012f0                        PROVIDE (__preinit_array_end = .)
                0x200012f0                        . = ALIGN (0x4)
                0x200012f0                        PROVIDE (__init_array_start = .)
 *(SORT_BY_NAME(.init_array.*))
 *(.init_array)
 .init_array    0x200012f0        0x4 C:/Users/Guilh/.pico-sdk/toolchain/13_2_Rel1/bin/../lib/gcc/arm-none-eabi/13.2.1/thumb/v6-m/nofp/crtbegin.o
                0x200012f4                        PROVIDE (__init_array_end = .)
                0x200012f4                        . = ALIGN (0x4)
                [!provide]                        PROVIDE (__fini_array_start = .)
 *(SORT_BY_NAME(.fini_array.*))
 *(.fini_array)
                [!provide]                        PROVIDE (__fini_array_end = .)
 *(.jcr)
                0x200012f4                        . = ALIGN (0x4)
                0x200012f4                        __data_end__ = .
                0x10008908                        __etext = LOADADDR (.data)

.tm_clone_table
                0x200012f4        0x0 load address 0x10009b3c
 .tm_clone_table
                0x200012f4        0x0 C:/Users/Guilh/.pico-sdk/toolchain/13_2_Rel1/bin/../lib/gcc/arm-none-eabi/13.2.1/thumb/v6-m/nofp/crtbegin.o
 .tm_clone_table
                0x200012f4        0x0 C:/Users/Guilh/.pico-sdk/toolchain/13_2_Rel1/bin/../lib/gcc/arm-none-eabi/13.2.1/thumb/v6-m/nofp/crtend.o

.igot.plt       0x200012f4        0x0 load address 0x10009b3c
 .igot.plt      0x200012f4        0x0 C:/Users/Guilh/.pico-sdk/toolchain/13_2_Rel1/bin/../lib/gcc/arm-none-eabi/13.2.1/thumb/v6-m/nofp/crtbegin.o

.uninitialized_data
                0x200012f4        0x0 load address 0x10009b3c
                0x200012f4                        . = ALIGN (0x4)
 *(.uninitialized_data*)

.scratch_x      0x20040000        0x0 load address 0x10009b3c
                0x20040000                        __scratch_x_start__ = .
 *(.scratch_x.*)
                0x20040000                        . = ALIGN (0x4)
                0x20040000                        __scratch_x_end__ = .
                0x10009b3c                        __scratch_x_source__ = LOADADDR (.scratch_x)

.scratch_y      0x20041000        0x0 load address 0x10009b3c
                0x20041000                        __scratch_y_start__ = .
 *(.scratch_y.*)
                0x20041000                        . = ALIGN (0x4)
                0x20041000                        __scratch_y_end__ = .
                0x10009b3c                        __scratch_y_source__ = LOADADDR (.scratch_y)

.bss            0x200012f8      0xc04
                0x200012f8                        . = ALIGN (0x4)
                0x200012f8                        __bss_start__ = .
 *(SORT_BY_ALIGNMENT(SORT_BY_NAME(.bss*)))
 .bss.configured_freq
                0x200012f8       0x28 CMakeFiles/picotkl.dir/C_/Users/Guilh/.pico-sdk/sdk/1.5.1/src/rp2_common/hardware_clocks/clocks.c.obj
 .bss.default_alarm_pool_entries
                0x20001320      0x100 CMakeFiles/picotkl.dir/C_/Users/Guilh/.pico-sdk/sdk/1.5.1/src/common/pico_time/time.c.obj
 .bss.last_change_time.4
                0x20001420        0x8 CMakeFiles/picotkl.dir/keyboard.c.obj
 .bss.sd_table  0x20001428      0x100 CMakeFiles/picotkl.dir/C_/Users/Guilh/.pico-sdk/sdk/1.5.1/src/rp2_common/pico_double/double_init_rom.c.obj
                0x20001428                sd_table
 .bss.sf_table  0x20001528      0x100 CMakeFiles/picotkl.dir/C_/Users/Guilh/.pico-sdk/sdk/1.5.1/src/rp2_common/pico_float/float_init_rom.c.obj
                0x20001528                sf_table
 .bss.spacebar_state
                0x20001628       0x18 CMakeFiles/picotkl.dir/keyboard.c.obj
 .bss.__lock___malloc_recursive_mutex
                0x20001640        0x1 C:/Users/Guilh/.pico-sdk/toolchain/13_2_Rel1/bin/../lib/gcc/arm-none-eabi/13.2.1/thumb/v6-m/nofp\libc.a(libc_a-lock.o)
                0x20001640                __lock___malloc_recursive_mutex
 *fill*         0x20001641        0x3 
 .bss.__malloc_current_mallinfo
                0x20001644       0x28 C:/Users/Guilh/.pico-sdk/toolchain/13_2_Rel1/bin/../lib/gcc/arm-none-eabi/13.2.1/thumb/v6-m/nofp\libc.a(libc_a-mallocr.o)
                0x20001644                __malloc_current_mallinfo
 .bss.__malloc_max_sbrked_mem
                0x2000166c        0x4 C:/Users/Guilh/.pico-sdk/toolchain/13_2_Rel1/bin/../lib/gcc/arm-none-eabi/13.2.1/thumb/v6-m/nofp\libc.a(libc_a-mallocr.o)
                0x2000166c                __malloc_max_sbrked_mem
 .bss.__malloc_max_total_mem
                0x20001670        0x4 C:/Users/Guilh/.pico-sdk/toolchain/13_2_Rel1/bin/../lib/gcc/arm-none-eabi/13.2.1/thumb/v6-m/nofp\libc.a(libc_a-mallocr.o)
                0x20001670                __malloc_max_total_mem
 .bss.__malloc_top_pad
                0x20001674        0x4 C:/Users/Guilh/.pico-sdk/toolchain/13_2_Rel1/bin/../lib/gcc/arm-none-eabi/13.2.1/thumb/v6-m/nofp\libc.a(libc_a-mallocr.o)
                0x20001674                __malloc_top_pad
 .bss.__sf      0x20001678      0x138 C:/Users/Guilh/.pico-sdk/toolchain/13_2_Rel1/bin/../lib/gcc/arm-none-eabi/13.2.1/thumb/v6-m/nofp\libc.a(libc_a-findfp.o)
                0x20001678                __sf
 .bss._app_driver
                0x200017b0        0x4 CMakeFiles/picotkl.dir/C_/Users/Guilh/.pico-sdk/sdk/1.5.1/lib/tinyusb/src/device/usbd.c.obj
 .bss._ctrl_xfer
                0x200017b4       0x14 CMakeFiles/picotkl.dir/C_/Users/Guilh/.pico-sdk/sdk/1.5.1/lib/tinyusb/src/device/usbd_control.c.obj
 .bss._desc_str
                0x200017c8       0x40 CMakeFiles/picotkl.dir/usb_descriptors.c.obj
 .bss._hidd_itf
                0x20001808       0x8c CMakeFiles/picotkl.dir/C_/Users/Guilh/.pico-sdk/sdk/1.5.1/lib/tinyusb/src/class/hid/hid_device.c.obj
 .bss._ubsd_mutexdef
                0x20001894        0x8 CMakeFiles/picotkl.dir/C_/Users/Guilh/.pico-sdk/sdk/1.5.1/lib/tinyusb/src/device/usbd.c.obj
 .bss._usbd_ctrl_buf
                0x2000189c       0x40 CMakeFiles/picotkl.dir/C_/Users/Guilh/.pico-sdk/sdk/1.5.1/lib/tinyusb/src/device/usbd_control.c.obj
 .bss._usbd_dev
                0x200018dc       0x53 CMakeFiles/picotkl.dir/C_/Users/Guilh/.pico-sdk/sdk/1.5.1/lib/tinyusb/src/device/usbd.c.obj
 *fill*         0x2000192f        0x1 
 .bss._usbd_mutex
                0x20001930        0x4 CMakeFiles/picotkl.dir/C_/Users/Guilh/.pico-sdk/sdk/1.5.1/lib/tinyusb/src/device/usbd.c.obj
 .bss._usbd_q   0x20001934        0x4 CMakeFiles/picotkl.dir/C_/Users/Guilh/.pico-sdk/sdk/1.5.1/lib/tinyusb/src/device/usbd.c.obj
 .bss._usbd_qdef_buf
                0x20001938       0xc0 CMakeFiles/picotkl.dir/C_/Users/Guilh/.pico-sdk/sdk/1.5.1/lib/tinyusb/src/device/usbd.c.obj
                0x20001938                _usbd_qdef_buf
 .bss._used_instruction_space
                0x200019f8        0x8 CMakeFiles/picotkl.dir/C_/Users/Guilh/.pico-sdk/sdk/1.5.1/src/rp2_common/hardware_pio/pio.c.obj
 .bss.alarm_callbacks
                0x20001a00       0x10 CMakeFiles/picotkl.dir/C_/Users/Guilh/.pico-sdk/sdk/1.5.1/src/rp2_common/hardware_timer/timer.c.obj
 .bss.claimed   0x20001a10        0x4 CMakeFiles/picotkl.dir/C_/Users/Guilh/.pico-sdk/sdk/1.5.1/src/rp2_common/hardware_sync/sync.c.obj
 .bss.default_alarm_pool_entry_ids_high
                0x20001a14       0x10 CMakeFiles/picotkl.dir/C_/Users/Guilh/.pico-sdk/sdk/1.5.1/src/common/pico_time/time.c.obj
 .bss.default_alarm_pool_heap_nodes
                0x20001a24       0x30 CMakeFiles/picotkl.dir/C_/Users/Guilh/.pico-sdk/sdk/1.5.1/src/common/pico_time/time.c.obj
 .bss.disp      0x20001a54       0x14 CMakeFiles/picotkl.dir/main.c.obj
                0x20001a54                disp
 .bss.drivers   0x20001a68        0x4 CMakeFiles/picotkl.dir/C_/Users/Guilh/.pico-sdk/sdk/1.5.1/src/rp2_common/pico_stdio/stdio.c.obj
 .bss.e15_last_sof
                0x20001a6c        0x4 CMakeFiles/picotkl.dir/C_/Users/Guilh/.pico-sdk/sdk/1.5.1/lib/tinyusb/src/portable/raspberrypi/rp2040/rp2040_usb.c.obj
                0x20001a6c                e15_last_sof
 .bss.errno     0x20001a70        0x4 C:/Users/Guilh/.pico-sdk/toolchain/13_2_Rel1/bin/../lib/gcc/arm-none-eabi/13.2.1/thumb/v6-m/nofp\libc.a(libc_a-reent.o)
                0x20001a70                errno
 .bss.filter    0x20001a74        0x4 CMakeFiles/picotkl.dir/C_/Users/Guilh/.pico-sdk/sdk/1.5.1/src/rp2_common/pico_stdio/stdio.c.obj
 .bss.heap_end.0
                0x20001a78        0x4 CMakeFiles/picotkl.dir/C_/Users/Guilh/.pico-sdk/sdk/1.5.1/src/rp2_common/pico_runtime/runtime.c.obj
 .bss.hw_endpoints
                0x20001a7c      0x400 CMakeFiles/picotkl.dir/C_/Users/Guilh/.pico-sdk/sdk/1.5.1/lib/tinyusb/src/portable/raspberrypi/rp2040/dcd_rp2040.c.obj
 .bss.keybuffer
                0x20001e7c        0xc CMakeFiles/picotkl.dir/keyboard.c.obj
                0x20001e7c                keybuffer
 .bss.last_activity_time
                0x20001e88        0x4 CMakeFiles/picotkl.dir/bongocat.c.obj
 .bss.last_count.3
                0x20001e8c        0x4 CMakeFiles/picotkl.dir/keyboard.c.obj
 .bss.last_tap_time
                0x20001e90        0x4 CMakeFiles/picotkl.dir/bongocat.c.obj
 .bss.lazy_vsnprintf
                0x20001e94        0x4 CMakeFiles/picotkl.dir/C_/Users/Guilh/.pico-sdk/sdk/1.5.1/src/rp2_common/pico_printf/printf.c.obj
 .bss.next_buffer_ptr
                0x20001e98        0x4 CMakeFiles/picotkl.dir/C_/Users/Guilh/.pico-sdk/sdk/1.5.1/lib/tinyusb/src/portable/raspberrypi/rp2040/dcd_rp2040.c.obj
 .bss.object.0  0x20001e9c       0x18 C:/Users/Guilh/.pico-sdk/toolchain/13_2_Rel1/bin/../lib/gcc/arm-none-eabi/13.2.1/thumb/v6-m/nofp/crtbegin.o
 .bss.pio       0x20001eb4        0x4 CMakeFiles/picotkl.dir/keyboard.c.obj
                0x20001eb4                pio
 .bss.pools     0x20001eb8       0x10 CMakeFiles/picotkl.dir/C_/Users/Guilh/.pico-sdk/sdk/1.5.1/src/common/pico_time/time.c.obj
 .bss.sf_clz_func
                0x20001ec8        0x4 CMakeFiles/picotkl.dir/C_/Users/Guilh/.pico-sdk/sdk/1.5.1/src/rp2_common/pico_double/double_init_rom.c.obj
                0x20001ec8                sf_clz_func
 .bss.sleep_notifier
                0x20001ecc        0x4 CMakeFiles/picotkl.dir/C_/Users/Guilh/.pico-sdk/sdk/1.5.1/src/common/pico_time/time.c.obj
 .bss.sm        0x20001ed0        0x4 CMakeFiles/picotkl.dir/keyboard.c.obj
                0x20001ed0                sm
 .bss.start_ms.0
                0x20001ed4        0x4 CMakeFiles/picotkl.dir/bongocat.c.obj
 .bss.tap_start_time
                0x20001ed8        0x4 CMakeFiles/picotkl.dir/bongocat.c.obj
 .bss.target_hi
                0x20001edc       0x10 CMakeFiles/picotkl.dir/C_/Users/Guilh/.pico-sdk/sdk/1.5.1/src/rp2_common/hardware_timer/timer.c.obj
 .bss.consumer_key
                0x20001eec        0x2 CMakeFiles/picotkl.dir/keyboard.c.obj
                0x20001eec                consumer_key
 .bss.modbuffer
                0x20001eee        0x2 CMakeFiles/picotkl.dir/keyboard.c.obj
                0x20001eee                modbuffer
 .bss._app_driver_count
                0x20001ef0        0x1 CMakeFiles/picotkl.dir/C_/Users/Guilh/.pico-sdk/sdk/1.5.1/lib/tinyusb/src/device/usbd.c.obj
 .bss._sof_enable
                0x20001ef1        0x1 CMakeFiles/picotkl.dir/C_/Users/Guilh/.pico-sdk/sdk/1.5.1/lib/tinyusb/src/portable/raspberrypi/rp2040/dcd_rp2040.c.obj
 .bss.active_timer
                0x20001ef2        0x1 CMakeFiles/picotkl.dir/keyboard.c.obj
 .bss.claimed   0x20001ef3        0x1 CMakeFiles/picotkl.dir/C_/Users/Guilh/.pico-sdk/sdk/1.5.1/src/rp2_common/hardware_timer/timer.c.obj
 .bss.claimed   0x20001ef4        0x1 CMakeFiles/picotkl.dir/C_/Users/Guilh/.pico-sdk/sdk/1.5.1/src/rp2_common/hardware_pio/pio.c.obj
 .bss.consecutive_changes.2
                0x20001ef5        0x1 CMakeFiles/picotkl.dir/keyboard.c.obj
 .bss.encoder_active.1
                0x20001ef6        0x1 CMakeFiles/picotkl.dir/keyboard.c.obj
 .bss.irq_hander_chain_free_slot_head
                0x20001ef7        0x1 CMakeFiles/picotkl.dir/C_/Users/Guilh/.pico-sdk/sdk/1.5.1/src/rp2_common/hardware_irq/irq.c.obj
 .bss.is_hid_task_ready
                0x20001ef8        0x1 CMakeFiles/picotkl.dir/keyboard.c.obj
                0x20001ef8                is_hid_task_ready
 .bss.is_tapping
                0x20001ef9        0x1 CMakeFiles/picotkl.dir/bongocat.c.obj
                0x20001ef9                is_tapping
 .bss.timer_callbacks_pending
                0x20001efa        0x1 CMakeFiles/picotkl.dir/C_/Users/Guilh/.pico-sdk/sdk/1.5.1/src/rp2_common/hardware_timer/timer.c.obj
 *(COMMON)
                0x20001efc                        . = ALIGN (0x4)
 *fill*         0x20001efb        0x1 
                0x20001efc                        __bss_end__ = .

.heap           0x20001efc      0x800
                0x20001efc                        __end__ = .
                0x20001efc                        end = __end__
 *(.heap*)
 .heap          0x20001efc      0x800 CMakeFiles/picotkl.dir/C_/Users/Guilh/.pico-sdk/sdk/1.5.1/src/rp2_common/pico_standard_link/crt0.S.obj
                0x200026fc                        __HeapLimit = .

.stack1_dummy
 *(.stack1*)

.stack_dummy    0x20041000      0x800
 *(.stack*)
 .stack         0x20041000      0x800 CMakeFiles/picotkl.dir/C_/Users/Guilh/.pico-sdk/sdk/1.5.1/src/rp2_common/pico_standard_link/crt0.S.obj

.flash_end      0x10009b3c        0x0
                0x10009b3c                        PROVIDE (__flash_binary_end = .)
                0x20040000                        __StackLimit = (ORIGIN (RAM) + LENGTH (RAM))
                0x20041000                        __StackOneTop = (ORIGIN (SCRATCH_X) + LENGTH (SCRATCH_X))
                0x20042000                        __StackTop = (ORIGIN (SCRATCH_Y) + LENGTH (SCRATCH_Y))
                0x20041000                        __StackOneBottom = (__StackOneTop - SIZEOF (.stack1_dummy))
                0x20041800                        __StackBottom = (__StackTop - SIZEOF (.stack_dummy))
                0x20042000                        PROVIDE (__stack = __StackTop)
                0x00000001                        ASSERT ((__StackLimit >= __HeapLimit), region RAM overflowed)
                0x00000001                        ASSERT (((__binary_info_header_end - __logical_binary_start) <= 0x100), Binary info must be in first 256 bytes of the binary)
LOAD CMakeFiles/picotkl.dir/main.c.obj
LOAD CMakeFiles/picotkl.dir/keyboard.c.obj
LOAD CMakeFiles/picotkl.dir/led.c.obj
LOAD CMakeFiles/picotkl.dir/usb_descriptors.c.obj
LOAD CMakeFiles/picotkl.dir/bongocat.c.obj
LOAD CMakeFiles/picotkl.dir/C_/Users/Guilh/.pico-sdk/sdk/1.5.1/src/rp2_common/pico_stdlib/stdlib.c.obj
LOAD CMakeFiles/picotkl.dir/C_/Users/Guilh/.pico-sdk/sdk/1.5.1/src/rp2_common/hardware_gpio/gpio.c.obj
LOAD CMakeFiles/picotkl.dir/C_/Users/Guilh/.pico-sdk/sdk/1.5.1/src/rp2_common/pico_platform/platform.c.obj
LOAD CMakeFiles/picotkl.dir/C_/Users/Guilh/.pico-sdk/sdk/1.5.1/src/rp2_common/hardware_claim/claim.c.obj
LOAD CMakeFiles/picotkl.dir/C_/Users/Guilh/.pico-sdk/sdk/1.5.1/src/rp2_common/hardware_sync/sync.c.obj
LOAD CMakeFiles/picotkl.dir/C_/Users/Guilh/.pico-sdk/sdk/1.5.1/src/rp2_common/hardware_irq/irq.c.obj
LOAD CMakeFiles/picotkl.dir/C_/Users/Guilh/.pico-sdk/sdk/1.5.1/src/rp2_common/hardware_irq/irq_handler_chain.S.obj
LOAD CMakeFiles/picotkl.dir/C_/Users/Guilh/.pico-sdk/sdk/1.5.1/src/common/pico_sync/sem.c.obj
LOAD CMakeFiles/picotkl.dir/C_/Users/Guilh/.pico-sdk/sdk/1.5.1/src/common/pico_sync/lock_core.c.obj
LOAD CMakeFiles/picotkl.dir/C_/Users/Guilh/.pico-sdk/sdk/1.5.1/src/common/pico_sync/mutex.c.obj
LOAD CMakeFiles/picotkl.dir/C_/Users/Guilh/.pico-sdk/sdk/1.5.1/src/common/pico_sync/critical_section.c.obj
LOAD CMakeFiles/picotkl.dir/C_/Users/Guilh/.pico-sdk/sdk/1.5.1/src/common/pico_time/time.c.obj
LOAD CMakeFiles/picotkl.dir/C_/Users/Guilh/.pico-sdk/sdk/1.5.1/src/common/pico_time/timeout_helper.c.obj
LOAD CMakeFiles/picotkl.dir/C_/Users/Guilh/.pico-sdk/sdk/1.5.1/src/rp2_common/hardware_timer/timer.c.obj
LOAD CMakeFiles/picotkl.dir/C_/Users/Guilh/.pico-sdk/sdk/1.5.1/src/common/pico_util/datetime.c.obj
LOAD CMakeFiles/picotkl.dir/C_/Users/Guilh/.pico-sdk/sdk/1.5.1/src/common/pico_util/pheap.c.obj
LOAD CMakeFiles/picotkl.dir/C_/Users/Guilh/.pico-sdk/sdk/1.5.1/src/common/pico_util/queue.c.obj
LOAD CMakeFiles/picotkl.dir/C_/Users/Guilh/.pico-sdk/sdk/1.5.1/src/rp2_common/hardware_uart/uart.c.obj
LOAD CMakeFiles/picotkl.dir/C_/Users/Guilh/.pico-sdk/sdk/1.5.1/src/rp2_common/hardware_clocks/clocks.c.obj
LOAD CMakeFiles/picotkl.dir/C_/Users/Guilh/.pico-sdk/sdk/1.5.1/src/rp2_common/hardware_pll/pll.c.obj
LOAD CMakeFiles/picotkl.dir/C_/Users/Guilh/.pico-sdk/sdk/1.5.1/src/rp2_common/hardware_vreg/vreg.c.obj
LOAD CMakeFiles/picotkl.dir/C_/Users/Guilh/.pico-sdk/sdk/1.5.1/src/rp2_common/hardware_watchdog/watchdog.c.obj
LOAD CMakeFiles/picotkl.dir/C_/Users/Guilh/.pico-sdk/sdk/1.5.1/src/rp2_common/hardware_xosc/xosc.c.obj
LOAD CMakeFiles/picotkl.dir/C_/Users/Guilh/.pico-sdk/sdk/1.5.1/src/rp2_common/hardware_divider/divider.S.obj
LOAD CMakeFiles/picotkl.dir/C_/Users/Guilh/.pico-sdk/sdk/1.5.1/src/rp2_common/pico_runtime/runtime.c.obj
LOAD CMakeFiles/picotkl.dir/C_/Users/Guilh/.pico-sdk/sdk/1.5.1/src/rp2_common/pico_printf/printf.c.obj
LOAD CMakeFiles/picotkl.dir/C_/Users/Guilh/.pico-sdk/sdk/1.5.1/src/rp2_common/pico_bit_ops/bit_ops_aeabi.S.obj
LOAD CMakeFiles/picotkl.dir/C_/Users/Guilh/.pico-sdk/sdk/1.5.1/src/rp2_common/pico_bootrom/bootrom.c.obj
LOAD CMakeFiles/picotkl.dir/C_/Users/Guilh/.pico-sdk/sdk/1.5.1/src/rp2_common/pico_divider/divider.S.obj
LOAD CMakeFiles/picotkl.dir/C_/Users/Guilh/.pico-sdk/sdk/1.5.1/src/rp2_common/pico_double/double_aeabi.S.obj
LOAD CMakeFiles/picotkl.dir/C_/Users/Guilh/.pico-sdk/sdk/1.5.1/src/rp2_common/pico_double/double_init_rom.c.obj
LOAD CMakeFiles/picotkl.dir/C_/Users/Guilh/.pico-sdk/sdk/1.5.1/src/rp2_common/pico_double/double_math.c.obj
LOAD CMakeFiles/picotkl.dir/C_/Users/Guilh/.pico-sdk/sdk/1.5.1/src/rp2_common/pico_double/double_v1_rom_shim.S.obj
LOAD CMakeFiles/picotkl.dir/C_/Users/Guilh/.pico-sdk/sdk/1.5.1/src/rp2_common/pico_int64_ops/pico_int64_ops_aeabi.S.obj
LOAD CMakeFiles/picotkl.dir/C_/Users/Guilh/.pico-sdk/sdk/1.5.1/src/rp2_common/pico_float/float_aeabi.S.obj
LOAD CMakeFiles/picotkl.dir/C_/Users/Guilh/.pico-sdk/sdk/1.5.1/src/rp2_common/pico_float/float_init_rom.c.obj
LOAD CMakeFiles/picotkl.dir/C_/Users/Guilh/.pico-sdk/sdk/1.5.1/src/rp2_common/pico_float/float_math.c.obj
LOAD CMakeFiles/picotkl.dir/C_/Users/Guilh/.pico-sdk/sdk/1.5.1/src/rp2_common/pico_float/float_v1_rom_shim.S.obj
LOAD CMakeFiles/picotkl.dir/C_/Users/Guilh/.pico-sdk/sdk/1.5.1/src/rp2_common/pico_malloc/pico_malloc.c.obj
LOAD CMakeFiles/picotkl.dir/C_/Users/Guilh/.pico-sdk/sdk/1.5.1/src/rp2_common/pico_mem_ops/mem_ops_aeabi.S.obj
LOAD CMakeFiles/picotkl.dir/C_/Users/Guilh/.pico-sdk/sdk/1.5.1/src/rp2_common/pico_standard_link/crt0.S.obj
LOAD CMakeFiles/picotkl.dir/C_/Users/Guilh/.pico-sdk/sdk/1.5.1/src/rp2_common/pico_standard_link/new_delete.cpp.obj
LOAD CMakeFiles/picotkl.dir/C_/Users/Guilh/.pico-sdk/sdk/1.5.1/src/rp2_common/pico_standard_link/binary_info.c.obj
LOAD CMakeFiles/picotkl.dir/C_/Users/Guilh/.pico-sdk/sdk/1.5.1/src/rp2_common/pico_stdio/stdio.c.obj
LOAD CMakeFiles/picotkl.dir/C_/Users/Guilh/.pico-sdk/sdk/1.5.1/src/rp2_common/pico_stdio_uart/stdio_uart.c.obj
LOAD CMakeFiles/picotkl.dir/C_/Users/Guilh/.pico-sdk/sdk/1.5.1/lib/tinyusb/src/portable/raspberrypi/rp2040/dcd_rp2040.c.obj
LOAD CMakeFiles/picotkl.dir/C_/Users/Guilh/.pico-sdk/sdk/1.5.1/lib/tinyusb/src/portable/raspberrypi/rp2040/rp2040_usb.c.obj
LOAD CMakeFiles/picotkl.dir/C_/Users/Guilh/.pico-sdk/sdk/1.5.1/lib/tinyusb/src/device/usbd.c.obj
LOAD CMakeFiles/picotkl.dir/C_/Users/Guilh/.pico-sdk/sdk/1.5.1/lib/tinyusb/src/device/usbd_control.c.obj
LOAD CMakeFiles/picotkl.dir/C_/Users/Guilh/.pico-sdk/sdk/1.5.1/lib/tinyusb/src/class/audio/audio_device.c.obj
LOAD CMakeFiles/picotkl.dir/C_/Users/Guilh/.pico-sdk/sdk/1.5.1/lib/tinyusb/src/class/cdc/cdc_device.c.obj
LOAD CMakeFiles/picotkl.dir/C_/Users/Guilh/.pico-sdk/sdk/1.5.1/lib/tinyusb/src/class/dfu/dfu_device.c.obj
LOAD CMakeFiles/picotkl.dir/C_/Users/Guilh/.pico-sdk/sdk/1.5.1/lib/tinyusb/src/class/dfu/dfu_rt_device.c.obj
LOAD CMakeFiles/picotkl.dir/C_/Users/Guilh/.pico-sdk/sdk/1.5.1/lib/tinyusb/src/class/hid/hid_device.c.obj
LOAD CMakeFiles/picotkl.dir/C_/Users/Guilh/.pico-sdk/sdk/1.5.1/lib/tinyusb/src/class/midi/midi_device.c.obj
LOAD CMakeFiles/picotkl.dir/C_/Users/Guilh/.pico-sdk/sdk/1.5.1/lib/tinyusb/src/class/msc/msc_device.c.obj
LOAD CMakeFiles/picotkl.dir/C_/Users/Guilh/.pico-sdk/sdk/1.5.1/lib/tinyusb/src/class/net/ecm_rndis_device.c.obj
LOAD CMakeFiles/picotkl.dir/C_/Users/Guilh/.pico-sdk/sdk/1.5.1/lib/tinyusb/src/class/net/ncm_device.c.obj
LOAD CMakeFiles/picotkl.dir/C_/Users/Guilh/.pico-sdk/sdk/1.5.1/lib/tinyusb/src/class/usbtmc/usbtmc_device.c.obj
LOAD CMakeFiles/picotkl.dir/C_/Users/Guilh/.pico-sdk/sdk/1.5.1/lib/tinyusb/src/class/vendor/vendor_device.c.obj
LOAD CMakeFiles/picotkl.dir/C_/Users/Guilh/.pico-sdk/sdk/1.5.1/lib/tinyusb/src/class/video/video_device.c.obj
LOAD CMakeFiles/picotkl.dir/C_/Users/Guilh/.pico-sdk/sdk/1.5.1/lib/tinyusb/src/tusb.c.obj
LOAD CMakeFiles/picotkl.dir/C_/Users/Guilh/.pico-sdk/sdk/1.5.1/lib/tinyusb/src/common/tusb_fifo.c.obj
LOAD CMakeFiles/picotkl.dir/C_/Users/Guilh/.pico-sdk/sdk/1.5.1/src/rp2_common/pico_fix/rp2040_usb_device_enumeration/rp2040_usb_device_enumeration.c.obj
LOAD CMakeFiles/picotkl.dir/C_/Users/Guilh/.pico-sdk/sdk/1.5.1/src/rp2_common/hardware_i2c/i2c.c.obj
LOAD CMakeFiles/picotkl.dir/C_/Users/Guilh/.pico-sdk/sdk/1.5.1/src/rp2_common/hardware_pio/pio.c.obj
LOAD pico-ssd1306/libpico_ssd1306.a
LOAD C:\Users\Guilh\AppData\Local\Temp\ccY0zWyk.o
LOAD C:/Users/Guilh/.pico-sdk/toolchain/13_2_Rel1/bin/../lib/gcc/arm-none-eabi/13.2.1/thumb/v6-m/nofp\libstdc++.a
LOAD C:/Users/Guilh/.pico-sdk/toolchain/13_2_Rel1/bin/../lib/gcc/arm-none-eabi/13.2.1/thumb/v6-m/nofp\libm.a
START GROUP
LOAD C:/Users/Guilh/.pico-sdk/toolchain/13_2_Rel1/bin/../lib/gcc/arm-none-eabi/13.2.1/thumb/v6-m/nofp\libgcc.a
LOAD C:/Users/Guilh/.pico-sdk/toolchain/13_2_Rel1/bin/../lib/gcc/arm-none-eabi/13.2.1/thumb/v6-m/nofp\libc.a
END GROUP
START GROUP
LOAD C:/Users/Guilh/.pico-sdk/toolchain/13_2_Rel1/bin/../lib/gcc/arm-none-eabi/13.2.1/thumb/v6-m/nofp\libgcc.a
LOAD C:/Users/Guilh/.pico-sdk/toolchain/13_2_Rel1/bin/../lib/gcc/arm-none-eabi/13.2.1/thumb/v6-m/nofp\libc.a
LOAD C:/Users/Guilh/.pico-sdk/toolchain/13_2_Rel1/bin/../lib/gcc/arm-none-eabi/13.2.1/thumb/v6-m/nofp\libnosys.a
END GROUP
LOAD C:/Users/Guilh/.pico-sdk/toolchain/13_2_Rel1/bin/../lib/gcc/arm-none-eabi/13.2.1/thumb/v6-m/nofp/crtend.o
LOAD C:/Users/Guilh/.pico-sdk/toolchain/13_2_Rel1/bin/../lib/gcc/arm-none-eabi/13.2.1/thumb/v6-m/nofp/crtn.o
OUTPUT(picotkl.elf elf32-littlearm)
LOAD linker stubs

.ARM.attributes
                0x00000000       0x28
 .ARM.attributes
                0x00000000       0x1e C:/Users/Guilh/.pico-sdk/toolchain/13_2_Rel1/bin/../lib/gcc/arm-none-eabi/13.2.1/thumb/v6-m/nofp/crti.o
 .ARM.attributes
                0x0000001e       0x2c C:/Users/Guilh/.pico-sdk/toolchain/13_2_Rel1/bin/../lib/gcc/arm-none-eabi/13.2.1/thumb/v6-m/nofp/crtbegin.o
 .ARM.attributes
                0x0000004a       0x2c CMakeFiles/picotkl.dir/main.c.obj
 .ARM.attributes
                0x00000076       0x2c CMakeFiles/picotkl.dir/keyboard.c.obj
 .ARM.attributes
                0x000000a2       0x2c CMakeFiles/picotkl.dir/led.c.obj
 .ARM.attributes
                0x000000ce       0x2c CMakeFiles/picotkl.dir/usb_descriptors.c.obj
 .ARM.attributes
                0x000000fa       0x2c CMakeFiles/picotkl.dir/bongocat.c.obj
 .ARM.attributes
                0x00000126       0x2c CMakeFiles/picotkl.dir/C_/Users/Guilh/.pico-sdk/sdk/1.5.1/src/rp2_common/hardware_gpio/gpio.c.obj
 .ARM.attributes
                0x00000152       0x2c CMakeFiles/picotkl.dir/C_/Users/Guilh/.pico-sdk/sdk/1.5.1/src/rp2_common/pico_platform/platform.c.obj
 .ARM.attributes
                0x0000017e       0x2c CMakeFiles/picotkl.dir/C_/Users/Guilh/.pico-sdk/sdk/1.5.1/src/rp2_common/hardware_claim/claim.c.obj
 .ARM.attributes
                0x000001aa       0x2c CMakeFiles/picotkl.dir/C_/Users/Guilh/.pico-sdk/sdk/1.5.1/src/rp2_common/hardware_sync/sync.c.obj
 .ARM.attributes
                0x000001d6       0x2c CMakeFiles/picotkl.dir/C_/Users/Guilh/.pico-sdk/sdk/1.5.1/src/rp2_common/hardware_irq/irq.c.obj
 .ARM.attributes
                0x00000202       0x22 CMakeFiles/picotkl.dir/C_/Users/Guilh/.pico-sdk/sdk/1.5.1/src/rp2_common/hardware_irq/irq_handler_chain.S.obj
 .ARM.attributes
                0x00000224       0x2c CMakeFiles/picotkl.dir/C_/Users/Guilh/.pico-sdk/sdk/1.5.1/src/common/pico_sync/lock_core.c.obj
 .ARM.attributes
                0x00000250       0x2c CMakeFiles/picotkl.dir/C_/Users/Guilh/.pico-sdk/sdk/1.5.1/src/common/pico_sync/mutex.c.obj
 .ARM.attributes
                0x0000027c       0x2c CMakeFiles/picotkl.dir/C_/Users/Guilh/.pico-sdk/sdk/1.5.1/src/common/pico_sync/critical_section.c.obj
 .ARM.attributes
                0x000002a8       0x2c CMakeFiles/picotkl.dir/C_/Users/Guilh/.pico-sdk/sdk/1.5.1/src/common/pico_time/time.c.obj
 .ARM.attributes
                0x000002d4       0x2c CMakeFiles/picotkl.dir/C_/Users/Guilh/.pico-sdk/sdk/1.5.1/src/rp2_common/hardware_timer/timer.c.obj
 .ARM.attributes
                0x00000300       0x2c CMakeFiles/picotkl.dir/C_/Users/Guilh/.pico-sdk/sdk/1.5.1/src/common/pico_util/pheap.c.obj
 .ARM.attributes
                0x0000032c       0x2c CMakeFiles/picotkl.dir/C_/Users/Guilh/.pico-sdk/sdk/1.5.1/src/rp2_common/hardware_clocks/clocks.c.obj
 .ARM.attributes
                0x00000358       0x2c CMakeFiles/picotkl.dir/C_/Users/Guilh/.pico-sdk/sdk/1.5.1/src/rp2_common/hardware_pll/pll.c.obj
 .ARM.attributes
                0x00000384       0x2c CMakeFiles/picotkl.dir/C_/Users/Guilh/.pico-sdk/sdk/1.5.1/src/rp2_common/hardware_watchdog/watchdog.c.obj
 .ARM.attributes
                0x000003b0       0x2c CMakeFiles/picotkl.dir/C_/Users/Guilh/.pico-sdk/sdk/1.5.1/src/rp2_common/hardware_xosc/xosc.c.obj
 .ARM.attributes
                0x000003dc       0x2c CMakeFiles/picotkl.dir/C_/Users/Guilh/.pico-sdk/sdk/1.5.1/src/rp2_common/pico_runtime/runtime.c.obj
 .ARM.attributes
                0x00000408       0x2c CMakeFiles/picotkl.dir/C_/Users/Guilh/.pico-sdk/sdk/1.5.1/src/rp2_common/pico_printf/printf.c.obj
 .ARM.attributes
                0x00000434       0x22 CMakeFiles/picotkl.dir/C_/Users/Guilh/.pico-sdk/sdk/1.5.1/src/rp2_common/pico_bit_ops/bit_ops_aeabi.S.obj
 .ARM.attributes
                0x00000456       0x2c CMakeFiles/picotkl.dir/C_/Users/Guilh/.pico-sdk/sdk/1.5.1/src/rp2_common/pico_bootrom/bootrom.c.obj
 .ARM.attributes
                0x00000482       0x22 CMakeFiles/picotkl.dir/C_/Users/Guilh/.pico-sdk/sdk/1.5.1/src/rp2_common/pico_divider/divider.S.obj